Component: ARM Compiler 5.06 update 6 (build 750) Tool: armlink [4d35ed]

==============================================================================

Section Cross References

    startup_stm32f103xb.o(STACK) refers (Special) to heapauxi.o(.text) for __use_two_region_memory
    startup_stm32f103xb.o(HEAP) refers (Special) to heapauxi.o(.text) for __use_two_region_memory
    startup_stm32f103xb.o(RESET) refers (Special) to heapauxi.o(.text) for __use_two_region_memory
    startup_stm32f103xb.o(RESET) refers to startup_stm32f103xb.o(STACK) for __initial_sp
    startup_stm32f103xb.o(RESET) refers to startup_stm32f103xb.o(.text) for Reset_Handler
    startup_stm32f103xb.o(RESET) refers to stm32f1xx_it.o(i.NMI_Handler) for NMI_Handler
    startup_stm32f103xb.o(RESET) refers to stm32f1xx_it.o(i.HardFault_Handler) for HardFault_Handler
    startup_stm32f103xb.o(RESET) refers to stm32f1xx_it.o(i.MemManage_Handler) for MemManage_Handler
    startup_stm32f103xb.o(RESET) refers to stm32f1xx_it.o(i.BusFault_Handler) for BusFault_Handler
    startup_stm32f103xb.o(RESET) refers to stm32f1xx_it.o(i.UsageFault_Handler) for UsageFault_Handler
    startup_stm32f103xb.o(RESET) refers to stm32f1xx_it.o(i.SVC_Handler) for SVC_Handler
    startup_stm32f103xb.o(RESET) refers to stm32f1xx_it.o(i.DebugMon_Handler) for DebugMon_Handler
    startup_stm32f103xb.o(RESET) refers to stm32f1xx_it.o(i.PendSV_Handler) for PendSV_Handler
    startup_stm32f103xb.o(RESET) refers to main.o(i.SysTick_Handler) for SysTick_Handler
    startup_stm32f103xb.o(RESET) refers to stm32f1xx_it.o(i.DMA1_Channel5_IRQHandler) for DMA1_Channel5_IRQHandler
    startup_stm32f103xb.o(RESET) refers to stm32f1xx_it.o(i.EXTI9_5_IRQHandler) for EXTI9_5_IRQHandler
    startup_stm32f103xb.o(RESET) refers to stm32f1xx_it.o(i.USART1_IRQHandler) for USART1_IRQHandler
    startup_stm32f103xb.o(.text) refers (Special) to heapauxi.o(.text) for __use_two_region_memory
    startup_stm32f103xb.o(.text) refers to system_stm32f1xx.o(i.SystemInit) for SystemInit
    startup_stm32f103xb.o(.text) refers to __main.o(!!!main) for __main
    startup_stm32f103xb.o(.text) refers to startup_stm32f103xb.o(HEAP) for Heap_Mem
    startup_stm32f103xb.o(.text) refers to startup_stm32f103xb.o(STACK) for Stack_Mem
    hx711.o(i.hx711_calibration) refers to hx711.o(i.hx711_lock) for hx711_lock
    hx711.o(i.hx711_calibration) refers to fflt_clz.o(x$fpl$fflt) for __aeabi_i2f
    hx711.o(i.hx711_calibration) refers to fdiv.o(x$fpl$fdiv) for __aeabi_fdiv
    hx711.o(i.hx711_calibration) refers to hx711.o(i.hx711_unlock) for hx711_unlock
    hx711.o(i.hx711_init) refers to hx711.o(i.hx711_lock) for hx711_lock
    hx711.o(i.hx711_init) refers to stm32f1xx_hal_gpio.o(i.HAL_GPIO_Init) for HAL_GPIO_Init
    hx711.o(i.hx711_init) refers to stm32f1xx_hal_gpio.o(i.HAL_GPIO_WritePin) for HAL_GPIO_WritePin
    hx711.o(i.hx711_init) refers to stm32f1xx_hal.o(i.HAL_Delay) for HAL_Delay
    hx711.o(i.hx711_init) refers to hx711.o(i.hx711_value) for hx711_value
    hx711.o(i.hx711_init) refers to hx711.o(i.hx711_unlock) for hx711_unlock
    hx711.o(i.hx711_lock) refers to stm32f1xx_hal.o(i.HAL_Delay) for HAL_Delay
    hx711.o(i.hx711_power_down) refers to stm32f1xx_hal_gpio.o(i.HAL_GPIO_WritePin) for HAL_GPIO_WritePin
    hx711.o(i.hx711_power_down) refers to stm32f1xx_hal.o(i.HAL_Delay) for HAL_Delay
    hx711.o(i.hx711_power_up) refers to stm32f1xx_hal_gpio.o(i.HAL_GPIO_WritePin) for HAL_GPIO_WritePin
    hx711.o(i.hx711_tare) refers to hx711.o(i.hx711_lock) for hx711_lock
    hx711.o(i.hx711_tare) refers to hx711.o(i.hx711_value) for hx711_value
    hx711.o(i.hx711_tare) refers to stm32f1xx_hal.o(i.HAL_Delay) for HAL_Delay
    hx711.o(i.hx711_tare) refers to llsdiv.o(.text) for __aeabi_ldivmod
    hx711.o(i.hx711_tare) refers to hx711.o(i.hx711_unlock) for hx711_unlock
    hx711.o(i.hx711_value) refers to stm32f1xx_hal.o(i.HAL_GetTick) for HAL_GetTick
    hx711.o(i.hx711_value) refers to stm32f1xx_hal.o(i.HAL_Delay) for HAL_Delay
    hx711.o(i.hx711_value) refers to stm32f1xx_hal_gpio.o(i.HAL_GPIO_ReadPin) for HAL_GPIO_ReadPin
    hx711.o(i.hx711_value) refers to stm32f1xx_hal_gpio.o(i.HAL_GPIO_WritePin) for HAL_GPIO_WritePin
    hx711.o(i.hx711_value) refers to hx711.o(i.hx711_delay_us) for hx711_delay_us
    hx711.o(i.hx711_value_ave) refers to hx711.o(i.hx711_lock) for hx711_lock
    hx711.o(i.hx711_value_ave) refers to hx711.o(i.hx711_value) for hx711_value
    hx711.o(i.hx711_value_ave) refers to stm32f1xx_hal.o(i.HAL_Delay) for HAL_Delay
    hx711.o(i.hx711_value_ave) refers to llsdiv.o(.text) for __aeabi_ldivmod
    hx711.o(i.hx711_value_ave) refers to hx711.o(i.hx711_unlock) for hx711_unlock
    hx711.o(i.hx711_weight) refers to hx711.o(i.hx711_lock) for hx711_lock
    hx711.o(i.hx711_weight) refers to hx711.o(i.hx711_value) for hx711_value
    hx711.o(i.hx711_weight) refers to stm32f1xx_hal.o(i.HAL_Delay) for HAL_Delay
    hx711.o(i.hx711_weight) refers to llsdiv.o(.text) for __aeabi_ldivmod
[...]
    ../Drivers/STM32F1xx_HAL_Driver/Src/stm32f1xx_hal_uart.c 0x00000000   Number         0  stm32f1xx_hal_uart.o ABSOLUTE
    ../clib/angel/boardlib.s                 0x00000000   Number         0  boardinit1.o ABSOLUTE
    ../clib/angel/boardlib.s                 0x00000000   Number         0  boardinit2.o ABSOLUTE
    ../clib/angel/boardlib.s                 0x00000000   Number         0  boardshut.o ABSOLUTE
    ../clib/angel/boardlib.s                 0x00000000   Number         0  boardinit3.o ABSOLUTE
    ../clib/angel/handlers.s                 0x00000000   Number         0  __scatter_copy.o ABSOLUTE
    ../clib/angel/handlers.s                 0x00000000   Number         0  __scatter_zi.o ABSOLUTE
    ../clib/angel/kernel.s                   0x00000000   Number         0  __rtentry4.o ABSOLUTE
    ../clib/angel/kernel.s                   0x00000000   Number         0  rtexit2.o ABSOLUTE
    ../clib/angel/kernel.s                   0x00000000   Number         0  __rtentry2.o ABSOLUTE
    ../clib/angel/kernel.s                   0x00000000   Number         0  __rtentry.o ABSOLUTE
    ../clib/angel/kernel.s                   0x00000000   Number         0  rtexit.o ABSOLUTE
    ../clib/angel/rt.s                       0x00000000   Number         0  aeabi_ldiv0_sigfpe.o ABSOLUTE
    ../clib/angel/rt.s                       0x00000000   Number         0  rt_raise.o ABSOLUTE
    ../clib/angel/rt.s                       0x00000000   Number         0  rt_div0.o ABSOLUTE
    ../clib/angel/rt.s                       0x00000000   Number         0  aeabi_ldiv0.o ABSOLUTE
    ../clib/angel/scatter.s                  0x00000000   Number         0  __scatter.o ABSOLUTE
    ../clib/angel/startup.s                  0x00000000   Number         0  __main.o ABSOLUTE
    ../clib/angel/sys.s                      0x00000000   Number         0  libspace.o ABSOLUTE
    ../clib/angel/sys.s                      0x00000000   Number         0  sys_stackheap_outer.o ABSOLUTE
    ../clib/angel/sys.s                      0x00000000   Number         0  use_no_semi.o ABSOLUTE
    ../clib/angel/sys.s                      0x00000000   Number         0  indicate_semi.o ABSOLUTE
    ../clib/angel/sysapp.c                   0x00000000   Number         0  sys_exit.o ABSOLUTE
    ../clib/angel/sysapp.c                   0x00000000   Number         0  sys_wrch.o ABSOLUTE
    ../clib/angel/sysapp.c                   0x00000000   Number         0  sys_command.o ABSOLUTE
    ../clib/armsys.c                         0x00000000   Number         0  _get_argv_nomalloc.o ABSOLUTE
    ../clib/armsys.c                         0x00000000   Number         0  argv_veneer.o ABSOLUTE
    ../clib/armsys.c                         0x00000000   Number         0  no_argv.o ABSOLUTE
    ../clib/armsys.c                         0x00000000   Number         0  argv_veneer.o ABSOLUTE
    ../clib/heapalloc.c                      0x00000000   Number         0  hrguard.o ABSOLUTE
    ../clib/heapaux.c                        0x00000000   Number         0  heapauxi.o ABSOLUTE
    ../clib/libinit.s                        0x00000000   Number         0  libinit.o ABSOLUTE
    ../clib/libinit.s                        0x00000000   Number         0  libinit2.o ABSOLUTE
    ../clib/libinit.s                        0x00000000   Number         0  libshutdown2.o ABSOLUTE
    ../clib/libinit.s                        0x00000000   Number         0  libshutdown.o ABSOLUTE
    ../clib/longlong.s                       0x00000000   Number         0  llushr.o ABSOLUTE
    ../clib/longlong.s                       0x00000000   Number         0  lludivv7m.o ABSOLUTE
    ../clib/longlong.s                       0x00000000   Number         0  llsdiv.o ABSOLUTE
    ../clib/memcpset.s                       0x00000000   Number         0  rt_memclr_w.o ABSOLUTE
    ../clib/signal.c                         0x00000000   Number         0  defsig_fpe_outer.o ABSOLUTE
    ../clib/signal.c                         0x00000000   Number         0  defsig_fpe_formal.o ABSOLUTE
    ../clib/signal.c                         0x00000000   Number         0  defsig_rtmem_formal.o ABSOLUTE
    ../clib/signal.c                         0x00000000   Number         0  defsig_pvfn_inner.o ABSOLUTE
    ../clib/signal.c                         0x00000000   Number         0  defsig_exit.o ABSOLUTE
    ../clib/signal.c                         0x00000000   Number         0  defsig_fpe_inner.o ABSOLUTE
    ../clib/signal.c                         0x00000000   Number         0  defsig_abrt_inner.o ABSOLUTE
    ../clib/signal.c                         0x00000000   Number         0  defsig_rtred_inner.o ABSOLUTE
    ../clib/signal.c                         0x00000000   Number         0  defsig_general.o ABSOLUTE
    ../clib/signal.c                         0x00000000   Number         0  defsig_rtmem_inner.o ABSOLUTE
    ../clib/signal.c                         0x00000000   Number         0  defsig_other.o ABSOLUTE
    ../clib/signal.c                         0x00000000   Number         0  defsig_segv_inner.o ABSOLUTE
    ../clib/signal.c                         0x00000000   Number         0  defsig_cppl_inner.o ABSOLUTE
    ../clib/signal.c                         0x00000000   Number         0  defsig_stak_inner.o ABSOLUTE
    ../clib/signal.c                         0x00000000   Number         0  __raise.o ABSOLUTE
    ../clib/signal.c                         0x00000000   Number         0  defsig_rtmem_outer.o ABSOLUTE
    ../clib/signal.s                         0x00000000   Number         0  defsig.o ABSOLUTE
    ../clib/stdlib.c                         0x00000000   Number         0  exit.o ABSOLUTE
    ../clib/string.c                         0x00000000   Number         0  strlen.o ABSOLUTE
    ../fplib/faddsub.s                       0x00000000   Number         0  faddsub_clz.o ABSOLUTE
    ../fplib/fdiv.s                          0x00000000   Number         0  fdiv.o ABSOLUTE
    ../fplib/ffixu.s                         0x00000000   Number         0  ffixu.o ABSOLUTE
    ../fplib/fflt.s                          0x00000000   Number         0  fflt_clz.o ABSOLUTE
    ../fplib/fmul.s                          0x00000000   Number         0  fmul.o ABSOLUTE
    ../fplib/fnaninf.s                       0x00000000   Number         0  fnaninf.o ABSOLUTE
    ../fplib/fpinit.s                        0x00000000   Number         0  fpinit.o ABSOLUTE
    ../fplib/fretinf.s                       0x00000000   Number         0  fretinf.o ABSOLUTE
    ../fplib/usenofp.s                       0x00000000   Number         0  usenofp.o ABSOLUTE
    ..\Core\Src\hx711.c                      0x00000000   Number         0  hx711.o ABSOLUTE
    ..\Core\Src\main.c                       0x00000000   Number         0  main.o ABSOLUTE
    ..\Core\Src\stm32f1xx_hal_msp.c          0x00000000   Number         0  stm32f1xx_hal_msp.o ABSOLUTE
    ..\Core\Src\stm32f1xx_it.c               0x00000000   Number         0  stm32f1xx_it.o ABSOLUTE
    ..\Core\Src\system_stm32f1xx.c           0x00000000   Number         0  system_stm32f1xx.o ABSOLUTE
    ..\Drivers\STM32F1xx_HAL_Driver\Src\stm32f1xx_hal.c 0x00000000   Number         0  stm32f1xx_hal.o ABSOLUTE
    ..\Drivers\STM32F1xx_HAL_Driver\Src\stm32f1xx_hal_cortex.c 0x00000000   Number         0  stm32f1xx_hal_cortex.o ABSOLUTE
    ..\Drivers\STM32F1xx_HAL_Driver\Src\stm32f1xx_hal_dma.c 0x00000000   Number         0  stm32f1xx_hal_dma.o ABSOLUTE
    ..\Drivers\STM32F1xx_HAL_Driver\Src\stm32f1xx_hal_exti.c 0x00000000   Number         0  stm32f1xx_hal_exti.o ABSOLUTE
    ..\Drivers\STM32F1xx_HAL_Driver\Src\stm32f1xx_hal_flash.c 0x00000000   Number         0  stm32f1xx_hal_flash.o ABSOLUTE
    ..\Drivers\STM32F1xx_HAL_Driver\Src\stm32f1xx_hal_flash_ex.c 0x00000000   Number         0  stm32f1xx_hal_flash_ex.o ABSOLUTE
    ..\Drivers\STM32F1xx_HAL_Driver\Src\stm32f1xx_hal_gpio.c 0x00000000   Number         0  stm32f1xx_hal_gpio.o ABSOLUTE
    ..\Drivers\STM32F1xx_HAL_Driver\Src\stm32f1xx_hal_gpio_ex.c 0x00000000   Number         0  stm32f1xx_hal_gpio_ex.o ABSOLUTE
    ..\Drivers\STM32F1xx_HAL_Driver\Src\stm32f1xx_hal_i2c.c 0x00000000   Number         0  stm32f1xx_hal_i2c.o ABSOLUTE
    ..\Drivers\STM32F1xx_HAL_Driver\Src\stm32f1xx_hal_pwr.c 0x00000000   Number         0  stm32f1xx_hal_pwr.o ABSOLUTE
    ..\Drivers\STM32F1xx_HAL_Driver\Src\stm32f1xx_hal_rcc.c 0x00000000   Number         0  stm32f1xx_hal_rcc.o ABSOLUTE
    ..\Drivers\STM32F1xx_HAL_Driver\Src\stm32f1xx_hal_rcc_ex.c 0x00000000   Number         0  stm32f1xx_hal_rcc_ex.o ABSOLUTE
    ..\Drivers\STM32F1xx_HAL_Driver\Src\stm32f1xx_hal_tim.c 0x00000000   Number         0  stm32f1xx_hal_tim.o ABSOLUTE
    ..\Drivers\STM32F1xx_HAL_Driver\Src\stm32f1xx_hal_tim_ex.c 0x00000000   Number         0  stm32f1xx_hal_tim_ex.o ABSOLUTE
    ..\Drivers\STM32F1xx_HAL_Driver\Src\stm32f1xx_hal_uart.c 0x00000000   Number         0  stm32f1xx_hal_uart.o ABSOLUTE
    ..\\Core\\Src\\hx711.c                   0x00000000   Number         0  hx711.o ABSOLUTE
    dc.s                                     0x00000000   Number         0  dc.o ABSOLUTE
    startup_stm32f103xb.s                    0x00000000   Number         0  startup_stm32f103xb.o ABSOLUTE
    RESET                                    0x08000000   Section      236  startup_stm32f103xb.o(RESET)
    !!!main                                  0x080000ec   Section        8  __main.o(!!!main)
    !!!scatter                               0x080000f4   Section       52  __scatter.o(!!!scatter)
    !!handler_copy                           0x08000128   Section       26  __scatter_copy.o(!!handler_copy)
    !!handler_zi                             0x08000144   Section       28  __scatter_zi.o(!!handler_zi)
    .ARM.Collect$$libinit$$00000000          0x08000160   Section        2  libinit.o(.ARM.Collect$$libinit$$00000000)
    .ARM.Collect$$libinit$$00000002          0x08000162   Section        0  libinit2.o(.ARM.Collect$$libinit$$00000002)
    .ARM.Collect$$libinit$$00000004          0x08000162   Section        0  libinit2.o(.ARM.Collect$$libinit$$00000004)
    .ARM.Collect$$libinit$$0000000A          0x08000162   Section        0  libinit2.o(.ARM.Collect$$libinit$$0000000A)
    .ARM.Collect$$libinit$$0000000C          0x08000162   Section        0  libinit2.o(.ARM.Collect$$libinit$$0000000C)
    .ARM.Collect$$libinit$$0000000E          0x08000162   Section        0  libinit2.o(.ARM.Collect$$libinit$$0000000E)
    .ARM.Collect$$libinit$$00000011          0x08000162   Section        0  libinit2.o(.ARM.Collect$$libinit$$00000011)
    .ARM.Collect$$libinit$$00000013          0x08000162   Section        0  libinit2.o(.ARM.Collect$$libinit$$00000013)
    .ARM.Collect$$libinit$$00000015          0x08000162   Section        0  libinit2.o(.ARM.Collect$$libinit$$00000015)
    .ARM.Collect$$libinit$$00000017          0x08000162   Section        0  libinit2.o(.ARM.Collect$$libinit$$00000017)
    .ARM.Collect$$libinit$$00000019          0x08000162   Section        0  libinit2.o(.ARM.Collect$$libinit$$00000019)
    .ARM.Collect$$libinit$$0000001B          0x08000162   Section        0  libinit2.o(.ARM.Collect$$libinit$$0000001B)
    .ARM.Collect$$libinit$$0000001D          0x08000162   Section        0  libinit2.o(.ARM.Collect$$libinit$$0000001D)
    .ARM.Collect$$libinit$$0000001F          0x08000162   Section        0  libinit2.o(.ARM.Collect$$libinit$$0000001F)
    .ARM.Collect$$libinit$$00000021          0x08000162   Section        0  libinit2.o(.ARM.Collect$$libinit$$00000021)
    .ARM.Collect$$libinit$$00000023          0x08000162   Section        0  libinit2.o(.ARM.Collect$$libinit$$00000023)
    .ARM.Collect$$libinit$$00000025          0x08000162   Section        0  libinit2.o(.ARM.Collect$$libinit$$00000025)
    .ARM.Collect$$libinit$$0000002C          0x08000162   Section        0  libinit2.o(.ARM.Collect$$libinit$$0000002C)
    .ARM.Collect$$libinit$$0000002E          0x08000162   Section        0  libinit2.o(.ARM.Collect$$libinit$$0000002E)
    .ARM.Collect$$libinit$$00000030          0x08000162   Section        0  libinit2.o(.ARM.Collect$$libinit$$00000030)
    .ARM.Collect$$libinit$$00000032          0x08000162   Section        0  libinit2.o(.ARM.Collect$$libinit$$00000032)
    .ARM.Collect$$libinit$$00000033          0x08000162   Section        2  libinit2.o(.ARM.Collect$$libinit$$00000033)
    .ARM.Collect$$libshutdown$$00000000      0x08000164   Section        2  libshutdown.o(.ARM.Collect$$libshutdown$$00000000)
    .ARM.Collect$$libshutdown$$00000002      0x08000166   Section        0  libshutdown2.o(.ARM.Collect$$libshutdown$$00000002)
    .ARM.Collect$$libshutdown$$00000004      0x08000166   Section        0  libshutdown2.o(.ARM.Collect$$libshutdown$$00000004)
    .ARM.Collect$$libshutdown$$00000007      0x08000166   Section        0  libshutdown2.o(.ARM.Collect$$libshutdown$$00000007)
    .ARM.Collect$$libshutdown$$0000000A      0x08000166   Section        0  libshutdown2.o(.ARM.Collect$$libshutdown$$0000000A)
    .ARM.Collect$$libshutdown$$0000000C      0x08000166   Section        0  libshutdown2.o(.ARM.Collect$$libshutdown$$0000000C)
    .ARM.Collect$$libshutdown$$0000000F      0x08000166   Section        0  libshutdown2.o(.ARM.Collect$$libshutdown$$0000000F)
    .ARM.Collect$$libshutdown$$00000010      0x08000166   Section        2  libshutdown2.o(.ARM.Collect$$libshutdown$$00000010)
    .ARM.Collect$$rtentry$$00000000          0x08000168   Section        0  __rtentry.o(.ARM.Collect$$rtentry$$00000000)
    .ARM.Collect$$rtentry$$00000002          0x08000168   Section        0  __rtentry2.o(.ARM.Collect$$rtentry$$00000002)
    .ARM.Collect$$rtentry$$00000004          0x08000168   Section        6  __rtentry4.o(.ARM.Collect$$rtentry$$00000004)
    .ARM.Collect$$rtentry$$00000009          0x0800016e   Section        0  __rtentry2.o(.ARM.Collect$$rtentry$$00000009)
    .ARM.Collect$$rtentry$$0000000A          0x0800016e   Section        4  __rtentry2.o(.ARM.Collect$$rtentry$$0000000A)
    .ARM.Collect$$rtentry$$0000000C          0x08000172   Section        0  __rtentry2.o(.ARM.Collect$$rtentry$$0000000C)
    .ARM.Collect$$rtentry$$0000000D          0x08000172   Section        8  __rtentry2.o(.ARM.Collect$$rtentry$$0000000D)
    .ARM.Collect$$rtexit$$00000000           0x0800017a   Section        2  rtexit.o(.ARM.Collect$$rtexit$$00000000)
    .ARM.Collect$$rtexit$$00000002           0x0800017c   Section        0  rtexit2.o(.ARM.Collect$$rtexit$$00000002)
    .ARM.Collect$$rtexit$$00000003           0x0800017c   Section        4  rtexit2.o(.ARM.Collect$$rtexit$$00000003)
    .ARM.Collect$$rtexit$$00000004           0x08000180   Section        6  rtexit2.o(.ARM.Collect$$rtexit$$00000004)
    .text                                    0x08000188   Section       64  startup_stm32f103xb.o(.text)
    .text                                    0x080001c8   Section       72  llsdiv.o(.text)
    .text                                    0x08000210   Section        0  strlen.o(.text)
    .text                                    0x0800024e   Section       78  rt_memclr_w.o(.text)
    .text                                    0x0800029c   Section        0  heapauxi.o(.text)
    .text                                    0x080002a2   Section      238  lludivv7m.o(.text)
    .text                                    0x08000390   Section       74  sys_stackheap_outer.o(.text)
    .text                                    0x080003da   Section        0  exit.o(.text)
    .text                                    0x080003ec   Section        8  libspace.o(.text)
    .text                                    0x080003f4   Section        0  sys_exit.o(.text)
    .text                                    0x08000400   Section        2  use_no_semi.o(.text)
    .text                                    0x08000402   Section        0  indicate_semi.o(.text)
    i.BusFault_Handler                       0x08000402   Section        0  stm32f1xx_it.o(i.BusFault_Handler)
    i.DMA1_Channel5_IRQHandler               0x08000404   Section        0  stm32f1xx_it.o(i.DMA1_Channel5_IRQHandler)
    i.DMA_SetConfig                          0x08000410   Section        0  stm32f1xx_hal_dma.o(i.DMA_SetConfig)
    DMA_SetConfig                            0x08000411   Thumb Code    44  stm32f1xx_hal_dma.o(i.DMA_SetConfig)
    i.DebugMon_Handler                       0x0800043c   Section        0  stm32f1xx_it.o(i.DebugMon_Handler)
    i.EOS_Disable                            0x08000440   Section        0  main.o(i.EOS_Disable)
    i.EOS_Enable                             0x08000464   Section        0  main.o(i.EOS_Enable)
    i.EXTI9_5_IRQHandler                     0x08000494   Section        0  stm32f1xx_it.o(i.EXTI9_5_IRQHandler)
    i.Error_Handler                          0x0800049a   Section        0  main.o(i.Error_Handler)
    i.HAL_DMA_Abort                          0x0800049e   Section        0  stm32f1xx_hal_dma.o(i.HAL_DMA_Abort)
    i.HAL_DMA_Abort_IT                       0x080004e4   Section        0  stm32f1xx_hal_dma.o(i.HAL_DMA_Abort_IT)
    i.HAL_DMA_IRQHandler                     0x0800057c   Section        0  stm32f1xx_hal_dma.o(i.HAL_DMA_IRQHandler)
    i.HAL_DMA_Init                           0x080006e4   Section        0  stm32f1xx_hal_dma.o(i.HAL_DMA_Init)
    i.HAL_DMA_Start_IT                       0x08000748   Section        0  stm32f1xx_hal_dma.o(i.HAL_DMA_Start_IT)
    i.HAL_Delay                              0x080007bc   Section        0  stm32f1xx_hal.o(i.HAL_Delay)
    i.HAL_GPIO_EXTI_Callback                 0x080007e0   Section        0  main.o(i.HAL_GPIO_EXTI_Callback)
    i.HAL_GPIO_EXTI_IRQHandler               0x080007f0   Section        0  stm32f1xx_hal_gpio.o(i.HAL_GPIO_EXTI_IRQHandler)
    i.HAL_GPIO_Init                          0x08000808   Section        0  stm32f1xx_hal_gpio.o(i.HAL_GPIO_Init)
    i.HAL_GPIO_ReadPin                       0x080009f8   Section        0  stm32f1xx_hal_gpio.o(i.HAL_GPIO_ReadPin)
    i.HAL_GPIO_TogglePin                     0x08000a06   Section        0  stm32f1xx_hal_gpio.o(i.HAL_GPIO_TogglePin)
    i.HAL_GPIO_WritePin                      0x08000a16   Section        0  stm32f1xx_hal_gpio.o(i.HAL_GPIO_WritePin)
    i.HAL_GetTick                            0x08000a24   Section        0  stm32f1xx_hal.o(i.HAL_GetTick)
    i.HAL_I2C_Init                           0x08000a30   Section        0  stm32f1xx_hal_i2c.o(i.HAL_I2C_Init)
    i.HAL_I2C_MspInit                        0x08000bc8   Section        0  stm32f1xx_hal_msp.o(i.HAL_I2C_MspInit)
    i.HAL_IncTick                            0x08000c24   Section        0  stm32f1xx_hal.o(i.HAL_IncTick)
    i.HAL_Init                               0x08000c34   Section        0  stm32f1xx_hal.o(i.HAL_Init)
    i.HAL_InitTick                           0x08000c58   Section        0  stm32f1xx_hal.o(i.HAL_InitTick)
    i.HAL_MspInit                            0x08000c9c   Section        0  stm32f1xx_hal_msp.o(i.HAL_MspInit)
    i.HAL_NVIC_EnableIRQ                     0x08000cd8   Section        0  stm32f1xx_hal_cortex.o(i.HAL_NVIC_EnableIRQ)
    i.HAL_NVIC_SetPriority                   0x08000cf4   Section        0  stm32f1xx_hal_cortex.o(i.HAL_NVIC_SetPriority)
    i.HAL_NVIC_SetPriorityGrouping           0x08000d34   Section        0  stm32f1xx_hal_cortex.o(i.HAL_NVIC_SetPriorityGrouping)
    i.HAL_PWR_EnterSLEEPMode                 0x08000d58   Section        0  stm32f1xx_hal_pwr.o(i.HAL_PWR_EnterSLEEPMode)
    i.HAL_RCC_ClockConfig                    0x08000d78   Section        0  stm32f1xx_hal_rcc.o(i.HAL_RCC_ClockConfig)
    i.HAL_RCC_GetHCLKFreq                    0x08000ecc   Section        0  stm32f1xx_hal_rcc.o(i.HAL_RCC_GetHCLKFreq)
    i.HAL_RCC_GetPCLK1Freq                   0x08000ed8   Section        0  stm32f1xx_hal_rcc.o(i.HAL_RCC_GetPCLK1Freq)
    i.HAL_RCC_GetPCLK2Freq                   0x08000ef8   Section        0  stm32f1xx_hal_rcc.o(i.HAL_RCC_GetPCLK2Freq)
    i.HAL_RCC_GetSysClockFreq                0x08000f18   Section        0  stm32f1xx_hal_rcc.o(i.HAL_RCC_GetSysClockFreq)
    i.HAL_RCC_OscConfig                      0x08000f8c   Section        0  stm32f1xx_hal_rcc.o(i.HAL_RCC_OscConfig)
    i.HAL_SYSTICK_Config                     0x08001310   Section        0  stm32f1xx_hal_cortex.o(i.HAL_SYSTICK_Config)
    i.HAL_TIMEx_ConfigBreakDeadTime          0x08001338   Section        0  stm32f1xx_hal_tim_ex.o(i.HAL_TIMEx_ConfigBreakDeadTime)
    i.HAL_TIMEx_MasterConfigSynchronization  0x0800138c   Section        0  stm32f1xx_hal_tim_ex.o(i.HAL_TIMEx_MasterConfigSynchronization)
    i.HAL_TIM_Base_Init                      0x080013f4   Section        0  stm32f1xx_hal_tim.o(i.HAL_TIM_Base_Init)
    i.HAL_TIM_Base_MspInit                   0x08001440   Section        0  stm32f1xx_hal_msp.o(i.HAL_TIM_Base_MspInit)
    i.HAL_TIM_ConfigClockSource              0x08001468   Section        0  stm32f1xx_hal_tim.o(i.HAL_TIM_ConfigClockSource)
    i.HAL_TIM_MspPostInit                    0x0800154c   Section        0  stm32f1xx_hal_msp.o(i.HAL_TIM_MspPostInit)
    i.HAL_TIM_PWM_ConfigChannel              0x08001598   Section        0  stm32f1xx_hal_tim.o(i.HAL_TIM_PWM_ConfigChannel)
    i.HAL_TIM_PWM_Init                       0x0800166a   Section        0  stm32f1xx_hal_tim.o(i.HAL_TIM_PWM_Init)
    i.HAL_TIM_PWM_MspInit                    0x080016b4   Section        0  stm32f1xx_hal_tim.o(i.HAL_TIM_PWM_MspInit)
    i.HAL_TIM_PWM_Start                      0x080016b8   Section        0  stm32f1xx_hal_tim.o(i.HAL_TIM_PWM_Start)
    i.HAL_TIM_PWM_Stop                       0x08001764   Section        0  stm32f1xx_hal_tim.o(i.HAL_TIM_PWM_Stop)
    i.HAL_UARTEx_RxEventCallback             0x080017d8   Section        0  stm32f1xx_hal_uart.o(i.HAL_UARTEx_RxEventCallback)
    i.HAL_UART_ErrorCallback                 0x080017da   Section        0  stm32f1xx_hal_uart.o(i.HAL_UART_ErrorCallback)
    i.HAL_UART_IRQHandler                    0x080017dc   Section        0  stm32f1xx_hal_uart.o(i.HAL_UART_IRQHandler)
    i.HAL_UART_Init                          0x080019a8   Section        0  stm32f1xx_hal_uart.o(i.HAL_UART_Init)
    i.HAL_UART_MspInit                       0x08001a0c   Section        0  stm32f1xx_hal_msp.o(i.HAL_UART_MspInit)
    i.HAL_UART_Receive_DMA                   0x08001ac0   Section        0  stm32f1xx_hal_uart.o(i.HAL_UART_Receive_DMA)
    i.HAL_UART_RxCpltCallback                0x08001af0   Section        0  main.o(i.HAL_UART_RxCpltCallback)
    i.HAL_UART_RxHalfCpltCallback            0x08001b04   Section        0  stm32f1xx_hal_uart.o(i.HAL_UART_RxHalfCpltCallback)
    i.HAL_UART_Transmit                      0x08001b06   Section        0  stm32f1xx_hal_uart.o(i.HAL_UART_Transmit)
    i.HAL_UART_TxCpltCallback                0x08001bc4   Section        0  stm32f1xx_hal_uart.o(i.HAL_UART_TxCpltCallback)
    i.HardFault_Handler                      0x08001bc6   Section        0  stm32f1xx_it.o(i.HardFault_Handler)
    i.MX_DMA_Init                            0x08001bc8   Section        0  main.o(i.MX_DMA_Init)
    MX_DMA_Init                              0x08001bc9   Thumb Code    40  main.o(i.MX_DMA_Init)
    i.MX_GPIO_Init                           0x08001bf4   Section        0  main.o(i.MX_GPIO_Init)
    MX_GPIO_Init                             0x08001bf5   Thumb Code   172  main.o(i.MX_GPIO_Init)
    i.MX_I2C1_Init                           0x08001cb0   Section        0  main.o(i.MX_I2C1_Init)
    MX_I2C1_Init                             0x08001cb1   Thumb Code    46  main.o(i.MX_I2C1_Init)
    i.MX_TIM1_Init                           0x08001cec   Section        0  main.o(i.MX_TIM1_Init)
    MX_TIM1_Init                             0x08001ced   Thumb Code   196  main.o(i.MX_TIM1_Init)
    i.MX_USART1_UART_Init                    0x08001db8   Section        0  main.o(i.MX_USART1_UART_Init)
    MX_USART1_UART_Init                      0x08001db9   Thumb Code    44  main.o(i.MX_USART1_UART_Init)
    i.MemManage_Handler                      0x08001dec   Section        0  stm32f1xx_it.o(i.MemManage_Handler)
    i.NMI_Handler                            0x08001dee   Section        0  stm32f1xx_it.o(i.NMI_Handler)
    i.PendSV_Handler                         0x08001df0   Section        0  stm32f1xx_it.o(i.PendSV_Handler)
    i.RCC_Delay                              0x08001df4   Section        0  stm32f1xx_hal_rcc.o(i.RCC_Delay)
    RCC_Delay                                0x08001df5   Thumb Code    30  stm32f1xx_hal_rcc.o(i.RCC_Delay)
    i.SVC_Handler                            0x08001e18   Section        0  stm32f1xx_it.o(i.SVC_Handler)
    i.SysTick_Handler                        0x08001e1c   Section        0  main.o(i.SysTick_Handler)
    i.SystemClock_Config                     0x08001ea0   Section        0  main.o(i.SystemClock_Config)
    i.SystemInit                             0x08001efe   Section        0  system_stm32f1xx.o(i.SystemInit)
    i.TIM_Base_SetConfig                     0x08001f00   Section        0  stm32f1xx_hal_tim.o(i.TIM_Base_SetConfig)
    i.TIM_CCxChannelCmd                      0x08001f6c   Section        0  stm32f1xx_hal_tim.o(i.TIM_CCxChannelCmd)
    i.TIM_ETR_SetConfig                      0x08001f86   Section        0  stm32f1xx_hal_tim.o(i.TIM_ETR_SetConfig)
    i.TIM_ITRx_SetConfig                     0x08001f9a   Section        0  stm32f1xx_hal_tim.o(i.TIM_ITRx_SetConfig)
    TIM_ITRx_SetConfig                       0x08001f9b   Thumb Code    16  stm32f1xx_hal_tim.o(i.TIM_ITRx_SetConfig)
    i.TIM_OC1_SetConfig                      0x08001fac   Section        0  stm32f1xx_hal_tim.o(i.TIM_OC1_SetConfig)
    TIM_OC1_SetConfig                        0x08001fad   Thumb Code    90  stm32f1xx_hal_tim.o(i.TIM_OC1_SetConfig)
    i.TIM_OC2_SetConfig                      0x0800200c   Section        0  stm32f1xx_hal_tim.o(i.TIM_OC2_SetConfig)
    i.TIM_OC3_SetConfig                      0x08002070   Section        0  stm32f1xx_hal_tim.o(i.TIM_OC3_SetConfig)
    TIM_OC3_SetConfig                        0x08002071   Thumb Code    92  stm32f1xx_hal_tim.o(i.TIM_OC3_SetConfig)
    i.TIM_OC4_SetConfig                      0x080020d0   Section        0  stm32f1xx_hal_tim.o(i.TIM_OC4_SetConfig)
    TIM_OC4_SetConfig                        0x080020d1   Thumb Code    68  stm32f1xx_hal_tim.o(i.TIM_OC4_SetConfig)
    i.TIM_TI1_ConfigInputStage               0x08002118   Section        0  stm32f1xx_hal_tim.o(i.TIM_TI1_ConfigInputStage)
    TIM_TI1_ConfigInputStage                 0x08002119   Thumb Code    34  stm32f1xx_hal_tim.o(i.TIM_TI1_ConfigInputStage)
    i.TIM_TI2_ConfigInputStage               0x0800213a   Section        0  stm32f1xx_hal_tim.o(i.TIM_TI2_ConfigInputStage)
    TIM_TI2_ConfigInputStage                 0x0800213b   Thumb Code    36  stm32f1xx_hal_tim.o(i.TIM_TI2_ConfigInputStage)
    i.UART_DMAAbortOnError                   0x0800215e   Section        0  stm32f1xx_hal_uart.o(i.UART_DMAAbortOnError)
    UART_DMAAbortOnError                     0x0800215f   Thumb Code    16  stm32f1xx_hal_uart.o(i.UART_DMAAbortOnError)
    i.UART_DMAError                          0x0800216e   Section        0  stm32f1xx_hal_uart.o(i.UART_DMAError)
    UART_DMAError                            0x0800216f   Thumb Code    74  stm32f1xx_hal_uart.o(i.UART_DMAError)
    i.UART_DMAReceiveCplt                    0x080021b8   Section        0  stm32f1xx_hal_uart.o(i.UART_DMAReceiveCplt)
    UART_DMAReceiveCplt                      0x080021b9   Thumb Code    90  stm32f1xx_hal_uart.o(i.UART_DMAReceiveCplt)
    i.UART_DMARxHalfCplt                     0x08002212   Section        0  stm32f1xx_hal_uart.o(i.UART_DMARxHalfCplt)
    UART_DMARxHalfCplt                       0x08002213   Thumb Code    26  stm32f1xx_hal_uart.o(i.UART_DMARxHalfCplt)
    i.UART_EndRxTransfer                     0x0800222c   Section        0  stm32f1xx_hal_uart.o(i.UART_EndRxTransfer)
    UART_EndRxTransfer                       0x0800222d   Thumb Code    48  stm32f1xx_hal_uart.o(i.UART_EndRxTransfer)
    i.UART_EndTransmit_IT                    0x0800225c   Section        0  stm32f1xx_hal_uart.o(i.UART_EndTransmit_IT)
    UART_EndTransmit_IT                      0x0800225d   Thumb Code    26  stm32f1xx_hal_uart.o(i.UART_EndTransmit_IT)
    i.UART_EndTxTransfer                     0x08002276   Section        0  stm32f1xx_hal_uart.o(i.UART_EndTxTransfer)
    UART_EndTxTransfer                       0x08002277   Thumb Code    18  stm32f1xx_hal_uart.o(i.UART_EndTxTransfer)
    i.UART_Receive_IT                        0x08002288   Section        0  stm32f1xx_hal_uart.o(i.UART_Receive_IT)
    UART_Receive_IT                          0x08002289   Thumb Code   188  stm32f1xx_hal_uart.o(i.UART_Receive_IT)
    i.UART_SetConfig                         0x08002344   Section        0  stm32f1xx_hal_uart.o(i.UART_SetConfig)
    UART_SetConfig                           0x08002345   Thumb Code   178  stm32f1xx_hal_uart.o(i.UART_SetConfig)
    i.UART_Start_Receive_DMA                 0x080023fc   Section        0  stm32f1xx_hal_uart.o(i.UART_Start_Receive_DMA)
    i.UART_Transmit_IT                       0x08002470   Section        0  stm32f1xx_hal_uart.o(i.UART_Transmit_IT)
    UART_Transmit_IT                         0x08002471   Thumb Code    94  stm32f1xx_hal_uart.o(i.UART_Transmit_IT)
    i.UART_WaitOnFlagUntilTimeout            0x080024ce   Section        0  stm32f1xx_hal_uart.o(i.UART_WaitOnFlagUntilTimeout)
    UART_WaitOnFlagUntilTimeout              0x080024cf   Thumb Code   100  stm32f1xx_hal_uart.o(i.UART_WaitOnFlagUntilTimeout)
    i.USART1_IRQHandler                      0x08002534   Section        0  stm32f1xx_it.o(i.USART1_IRQHandler)
    i.UsageFault_Handler                     0x08002540   Section        0  stm32f1xx_it.o(i.UsageFault_Handler)
    i.__NVIC_SetPriority                     0x08002542   Section        0  stm32f1xx_hal_cortex.o(i.__NVIC_SetPriority)
    __NVIC_SetPriority                       0x08002543   Thumb Code    32  stm32f1xx_hal_cortex.o(i.__NVIC_SetPriority)
    i.checkFood                              0x08002564   Section        0  main.o(i.checkFood)
    i.handlePWM                              0x080025e0   Section        0  main.o(i.handlePWM)
    i.handleTime                             0x08002630   Section        0  main.o(i.handleTime)
    i.hx711_coef_set                         0x08002668   Section        0  hx711.o(i.hx711_coef_set)
    i.hx711_delay_us                         0x0800266c   Section        0  hx711.o(i.hx711_delay_us)
    i.hx711_init                             0x0800267e   Section        0  hx711.o(i.hx711_init)
    i.hx711_lock                             0x0800270e   Section        0  hx711.o(i.hx711_lock)
    i.hx711_tare                             0x08002726   Section        0  hx711.o(i.hx711_tare)
    i.hx711_unlock                           0x08002772   Section        0  hx711.o(i.hx711_unlock)
    i.hx711_value                            0x08002778   Section        0  hx711.o(i.hx711_value)
    i.hx711_weight                           0x08002800   Section        0  hx711.o(i.hx711_weight)
    i.main                                   0x08002860   Section        0  main.o(i.main)
    i.mainMenu                               0x080028c4   Section        0  main.o(i.mainMenu)
    i.putValueToTXBuffer                     0x08002a34   Section        0  main.o(i.putValueToTXBuffer)
    i.readButtons                            0x08002a88   Section        0  main.o(i.readButtons)
    i.readDownButton                         0x08002ad4   Section        0  main.o(i.readDownButton)
    i.readModeButton                         0x08002ae4   Section        0  main.o(i.readModeButton)
    i.readSetButton                          0x08002af4   Section        0  main.o(i.readSetButton)
    i.readUpButton                           0x08002b04   Section        0  main.o(i.readUpButton)
    i.runTime                                0x08002b14   Section        0  main.o(i.runTime)
    i.setUpSystemInit                        0x08002b40   Section        0  main.o(i.setUpSystemInit)
    i.setUpTime                              0x08002c04   Section        0  main.o(i.setUpTime)
    x$fpl$fadd                               0x08002d74   Section      196  faddsub_clz.o(x$fpl$fadd)
    _fadd1                                   0x08002d83   Thumb Code     0  faddsub_clz.o(x$fpl$fadd)
    x$fpl$fdiv                               0x08002e38   Section      388  fdiv.o(x$fpl$fdiv)
    _fdiv1                                   0x08002e39   Thumb Code     0  fdiv.o(x$fpl$fdiv)
    x$fpl$ffixu                              0x08002fbc   Section       62  ffixu.o(x$fpl$ffixu)
    x$fpl$fflt                               0x08002ffc   Section       48  fflt_clz.o(x$fpl$fflt)
    x$fpl$ffltu                              0x0800302c   Section       38  fflt_clz.o(x$fpl$ffltu)
    x$fpl$fmul                               0x08003054   Section      258  fmul.o(x$fpl$fmul)
    x$fpl$fnaninf                            0x08003156   Section      140  fnaninf.o(x$fpl$fnaninf)
    x$fpl$fretinf                            0x080031e2   Section       10  fretinf.o(x$fpl$fretinf)
    x$fpl$fsub                               0x080031ec   Section      234  faddsub_clz.o(x$fpl$fsub)
    _fsub1                                   0x080031fb   Thumb Code     0  faddsub_clz.o(x$fpl$fsub)
    .constdata                               0x080032d6   Section       16  system_stm32f1xx.o(.constdata)
    x$fpl$usenofp                            0x080032d6   Section        0  usenofp.o(x$fpl$usenofp)
    .constdata                               0x080032e6   Section        8  system_stm32f1xx.o(.constdata)
    .data                                    0x20000000   Section       38  main.o(.data)
    .data                                    0x20000028   Section       12  stm32f1xx_hal.o(.data)
    .data                                    0x20000034   Section        4  system_stm32f1xx.o(.data)
    .bss                                     0x20000038   Section      248  main.o(.bss)
    .bss                                     0x20000130   Section       68  main.o(.bss)
    .bss                                     0x20000174   Section       96  libspace.o(.bss)
    HEAP                                     0x200001d8   Section      512  startup_stm32f103xb.o(HEAP)
    Heap_Mem                                 0x200001d8   Data         512  startup_stm32f103xb.o(HEAP)
    STACK                                    0x200003d8   Section     1024  startup_stm32f103xb.o(STACK)
    Stack_Mem                                0x200003d8   Data        1024  startup_stm32f103xb.o(STACK)
    __initial_sp                             0x200007d8   Data           0  startup_stm32f103xb.o(STACK)

    Global Symbols

    Symbol Name                              Value     Ov Type        Size  Object(Section)

    BuildAttributes$$THM_ISAv4$P$D$K$B$S$PE$A:L22UL41UL21$X:L11$S22US41US21$IEEE1$IW$USESV6$~STKCKD$USESV7$~SHL$OSPACE$ROPI$EBA8$UX$STANDARDLIB$REQ8$PRES8$EABIv2 0x00000000   Number         0  anon$$obj.o ABSOLUTE
    __ARM_use_no_argv                        0x00000000   Number         0  main.o ABSOLUTE
    __ARM_exceptions_init                     - Undefined Weak Reference
    __alloca_initialize                       - Undefined Weak Reference
    __arm_preinit_                            - Undefined Weak Reference
    __cpp_initialize__aeabi_                  - Undefined Weak Reference
    __cxa_finalize                            - Undefined Weak Reference
    __rt_locale                               - Undefined Weak Reference
    __sigvec_lookup                           - Undefined Weak Reference
    _atexit_init                              - Undefined Weak Reference
    _call_atexit_fns                          - Undefined Weak Reference
    _clock_init                               - Undefined Weak Reference
    _fp_trap_init                             - Undefined Weak Reference
    _fp_trap_shutdown                         - Undefined Weak Reference
    _get_lc_collate                           - Undefined Weak Reference
    _get_lc_ctype                             - Undefined Weak Reference
    _get_lc_monetary                          - Undefined Weak Reference
    _get_lc_numeric                           - Undefined Weak Reference
    _get_lc_time                              - Undefined Weak Reference
    _getenv_init                              - Undefined Weak Reference
    _handle_redirection                       - Undefined Weak Reference
    _init_alloc                               - Undefined Weak Reference
    _init_user_alloc                          - Undefined Weak Reference
    _initio                                   - Undefined Weak Reference
    _rand_init                                - Undefined Weak Reference
    _signal_finish                            - Undefined Weak Reference
    _signal_init                              - Undefined Weak Reference
    _terminate_alloc                          - Undefined Weak Reference
    _terminate_user_alloc                     - Undefined Weak Reference
    _terminateio                              - Undefined Weak Reference
    __Vectors_Size                           0x000000ec   Number         0  startup_stm32f103xb.o ABSOLUTE
    __Vectors                                0x08000000   Data           4  startup_stm32f103xb.o(RESET)
    __Vectors_End                            0x080000ec   Data           0  startup_stm32f103xb.o(RESET)
    __main                                   0x080000ed   Thumb Code     8  __main.o(!!!main)
    __scatterload                            0x080000f5   Thumb Code     0  __scatter.o(!!!scatter)
    __scatterload_rt2                        0x080000f5   Thumb Code    44  __scatter.o(!!!scatter)
    __scatterload_rt2_thumb_only             0x080000f5   Thumb Code     0  __scatter.o(!!!scatter)
    __scatterload_null                       0x08000103   Thumb Code     0  __scatter.o(!!!scatter)
    __scatterload_copy                       0x08000129   Thumb Code    26  __scatter_copy.o(!!handler_copy)
    __scatterload_zeroinit                   0x08000145   Thumb Code    28  __scatter_zi.o(!!handler_zi)
    __rt_lib_init                            0x08000161   Thumb Code     0  libinit.o(.ARM.Collect$$libinit$$00000000)
    __rt_lib_init_alloca_1                   0x08000163   Thumb Code     0  libinit2.o(.ARM.Collect$$libinit$$0000002E)
    __rt_lib_init_argv_1                     0x08000163   Thumb Code     0  libinit2.o(.ARM.Collect$$libinit$$0000002C)
    __rt_lib_init_atexit_1                   0x08000163   Thumb Code     0  libinit2.o(.ARM.Collect$$libinit$$0000001B)
    __rt_lib_init_clock_1                    0x08000163   Thumb Code     0  libinit2.o(.ARM.Collect$$libinit$$00000021)
    __rt_lib_init_cpp_1                      0x08000163   Thumb Code     0  libinit2.o(.ARM.Collect$$libinit$$00000032)
    __rt_lib_init_exceptions_1               0x08000163   Thumb Code     0  libinit2.o(.ARM.Collect$$libinit$$00000030)
    __rt_lib_init_fp_1                       0x08000163   Thumb Code     0  libinit2.o(.ARM.Collect$$libinit$$00000002)
    __rt_lib_init_fp_trap_1                  0x08000163   Thumb Code     0  libinit2.o(.ARM.Collect$$libinit$$0000001F)
    __rt_lib_init_getenv_1                   0x08000163   Thumb Code     0  libinit2.o(.ARM.Collect$$libinit$$00000023)
    __rt_lib_init_heap_1                     0x08000163   Thumb Code     0  libinit2.o(.ARM.Collect$$libinit$$0000000A)
    __rt_lib_init_lc_collate_1               0x08000163   Thumb Code     0  libinit2.o(.ARM.Collect$$libinit$$00000011)
    __rt_lib_init_lc_ctype_1                 0x08000163   Thumb Code     0  libinit2.o(.ARM.Collect$$libinit$$00000013)
    __rt_lib_init_lc_monetary_1              0x08000163   Thumb Code     0  libinit2.o(.ARM.Collect$$libinit$$00000015)
    __rt_lib_init_lc_numeric_1               0x08000163   Thumb Code     0  libinit2.o(.ARM.Collect$$libinit$$00000017)
    __rt_lib_init_lc_time_1                  0x08000163   Thumb Code     0  libinit2.o(.ARM.Collect$$libinit$$00000019)
    __rt_lib_init_preinit_1                  0x08000163   Thumb Code     0  libinit2.o(.ARM.Collect$$libinit$$00000004)
    __rt_lib_init_rand_1                     0x08000163   Thumb Code     0  libinit2.o(.ARM.Collect$$libinit$$0000000E)
    __rt_lib_init_return                     0x08000163   Thumb Code     0  libinit2.o(.ARM.Collect$$libinit$$00000033)
    __rt_lib_init_signal_1                   0x08000163   Thumb Code     0  libinit2.o(.ARM.Collect$$libinit$$0000001D)
    __rt_lib_init_stdio_1                    0x08000163   Thumb Code     0  libinit2.o(.ARM.Collect$$libinit$$00000025)
    __rt_lib_init_user_alloc_1               0x08000163   Thumb Code     0  libinit2.o(.ARM.Collect$$libinit$$0000000C)
    __rt_lib_shutdown                        0x08000165   Thumb Code     0  libshutdown.o(.ARM.Collect$$libshutdown$$00000000)
    __rt_lib_shutdown_cpp_1                  0x08000167   Thumb Code     0  libshutdown2.o(.ARM.Collect$$libshutdown$$00000002)
    __rt_lib_shutdown_fp_trap_1              0x08000167   Thumb Code     0  libshutdown2.o(.ARM.Collect$$libshutdown$$00000007)
    __rt_lib_shutdown_heap_1                 0x08000167   Thumb Code     0  libshutdown2.o(.ARM.Collect$$libshutdown$$0000000F)
    __rt_lib_shutdown_return                 0x08000167   Thumb Code     0  libshutdown2.o(.ARM.Collect$$libshutdown$$00000010)
    __rt_lib_shutdown_signal_1               0x08000167   Thumb Code     0  libshutdown2.o(.ARM.Collect$$libshutdown$$0000000A)
    __rt_lib_shutdown_stdio_1                0x08000167   Thumb Code     0  libshutdown2.o(.ARM.Collect$$libshutdown$$00000004)
    __rt_lib_shutdown_user_alloc_1           0x08000167   Thumb Code     0  libshutdown2.o(.ARM.Collect$$libshutdown$$0000000C)
    __rt_entry                               0x08000169   Thumb Code     0  __rtentry.o(.ARM.Collect$$rtentry$$00000000)
    __rt_entry_presh_1                       0x08000169   Thumb Code     0  __rtentry2.o(.ARM.Collect$$rtentry$$00000002)
    __rt_entry_sh                            0x08000169   Thumb Code     0  __rtentry4.o(.ARM.Collect$$rtentry$$00000004)
    __rt_entry_li                            0x0800016f   Thumb Code     0  __rtentry2.o(.ARM.Collect$$rtentry$$0000000A)
    __rt_entry_postsh_1                      0x0800016f   Thumb Code     0  __rtentry2.o(.ARM.Collect$$rtentry$$00000009)
    __rt_entry_main                          0x08000173   Thumb Code     0  __rtentry2.o(.ARM.Collect$$rtentry$$0000000D)
    __rt_entry_postli_1                      0x08000173   Thumb Code     0  __rtentry2.o(.ARM.Collect$$rtentry$$0000000C)
    __rt_exit                                0x0800017b   Thumb Code     0  rtexit.o(.ARM.Collect$$rtexit$$00000000)
    __rt_exit_ls                             0x0800017d   Thumb Code     0  rtexit2.o(.ARM.Collect$$rtexit$$00000003)
    __rt_exit_prels_1                        0x0800017d   Thumb Code     0  rtexit2.o(.ARM.Collect$$rtexit$$00000002)
    __rt_exit_exit                           0x08000181   Thumb Code     0  rtexit2.o(.ARM.Collect$$rtexit$$00000004)
    Reset_Handler                            0x08000189   Thumb Code     8  startup_stm32f103xb.o(.text)
    ADC1_2_IRQHandler                        0x080001a3   Thumb Code     0  startup_stm32f103xb.o(.text)
    CAN1_RX1_IRQHandler                      0x080001a3   Thumb Code     0  startup_stm32f103xb.o(.text)
    CAN1_SCE_IRQHandler                      0x080001a3   Thumb Code     0  startup_stm32f103xb.o(.text)
    DMA1_Channel1_IRQHandler                 0x080001a3   Thumb Code     0  startup_stm32f103xb.o(.text)
    DMA1_Channel2_IRQHandler                 0x080001a3   Thumb Code     0  startup_stm32f103xb.o(.text)
    DMA1_Channel3_IRQHandler                 0x080001a3   Thumb Code     0  startup_stm32f103xb.o(.text)
    DMA1_Channel4_IRQHandler                 0x080001a3   Thumb Code     0  startup_stm32f103xb.o(.text)
    DMA1_Channel6_IRQHandler                 0x080001a3   Thumb Code     0  startup_stm32f103xb.o(.text)
    DMA1_Channel7_IRQHandler                 0x080001a3   Thumb Code     0  startup_stm32f103xb.o(.text)
    EXTI0_IRQHandler                         0x080001a3   Thumb Code     0  startup_stm32f103xb.o(.text)
    EXTI15_10_IRQHandler                     0x080001a3   Thumb Code     0  startup_stm32f103xb.o(.text)
    EXTI1_IRQHandler                         0x080001a3   Thumb Code     0  startup_stm32f103xb.o(.text)
    EXTI2_IRQHandler                         0x080001a3   Thumb Code     0  startup_stm32f103xb.o(.text)
    EXTI3_IRQHandler                         0x080001a3   Thumb Code     0  startup_stm32f103xb.o(.text)
    EXTI4_IRQHandler                         0x080001a3   Thumb Code     0  startup_stm32f103xb.o(.text)
    FLASH_IRQHandler                         0x080001a3   Thumb Code     0  startup_stm32f103xb.o(.text)
    I2C1_ER_IRQHandler                       0x080001a3   Thumb Code     0  startup_stm32f103xb.o(.text)
    I2C1_EV_IRQHandler                       0x080001a3   Thumb Code     0  startup_stm32f103xb.o(.text)
    I2C2_ER_IRQHandler                       0x080001a3   Thumb Code     0  startup_stm32f103xb.o(.text)
    I2C2_EV_IRQHandler                       0x080001a3   Thumb Code     0  startup_stm32f103xb.o(.text)
    PVD_IRQHandler                           0x080001a3   Thumb Code     0  startup_stm32f103xb.o(.text)
    RCC_IRQHandler                           0x080001a3   Thumb Code     0  startup_stm32f103xb.o(.text)
    RTC_Alarm_IRQHandler                     0x080001a3   Thumb Code     0  startup_stm32f103xb.o(.text)
    RTC_IRQHandler                           0x080001a3   Thumb Code     0  startup_stm32f103xb.o(.text)
    SPI1_IRQHandler                          0x080001a3   Thumb Code     0  startup_stm32f103xb.o(.text)
    SPI2_IRQHandler                          0x080001a3   Thumb Code     0  startup_stm32f103xb.o(.text)
    TAMPER_IRQHandler                        0x080001a3   Thumb Code     0  startup_stm32f103xb.o(.text)
    TIM1_BRK_IRQHandler                      0x080001a3   Thumb Code     0  startup_stm32f103xb.o(.text)
    TIM1_CC_IRQHandler                       0x080001a3   Thumb Code     0  startup_stm32f103xb.o(.text)
    TIM1_TRG_COM_IRQHandler                  0x080001a3   Thumb Code     0  startup_stm32f103xb.o(.text)
    TIM1_UP_IRQHandler                       0x080001a3   Thumb Code     0  startup_stm32f103xb.o(.text)
    TIM2_IRQHandler                          0x080001a3   Thumb Code     0  startup_stm32f103xb.o(.text)
    TIM3_IRQHandler                          0x080001a3   Thumb Code     0  startup_stm32f103xb.o(.text)
    TIM4_IRQHandler                          0x080001a3   Thumb Code     0  startup_stm32f103xb.o(.text)
    USART2_IRQHandler                        0x080001a3   Thumb Code     0  startup_stm32f103xb.o(.text)
    USART3_IRQHandler                        0x080001a3   Thumb Code     0  startup_stm32f103xb.o(.text)
    USBWakeUp_IRQHandler                     0x080001a3   Thumb Code     0  startup_stm32f103xb.o(.text)
    USB_HP_CAN1_TX_IRQHandler                0x080001a3   Thumb Code     0  startup_stm32f103xb.o(.text)
    USB_LP_CAN1_RX0_IRQHandler               0x080001a3   Thumb Code     0  startup_stm32f103xb.o(.text)
    WWDG_IRQHandler                          0x080001a3   Thumb Code     0  startup_stm32f103xb.o(.text)
    __user_initial_stackheap                 0x080001a5   Thumb Code     0  startup_stm32f103xb.o(.text)
    __aeabi_ldivmod                          0x080001c9   Thumb Code     0  llsdiv.o(.text)
    _ll_sdiv                                 0x080001c9   Thumb Code    72  llsdiv.o(.text)
    strlen                                   0x08000211   Thumb Code    62  strlen.o(.text)
    __aeabi_memclr4                          0x0800024f   Thumb Code     0  rt_memclr_w.o(.text)
    __aeabi_memclr8                          0x0800024f   Thumb Code     0  rt_memclr_w.o(.text)
    __rt_memclr_w                            0x0800024f   Thumb Code    78  rt_memclr_w.o(.text)
    _memset_w                                0x08000253   Thumb Code     0  rt_memclr_w.o(.text)
    __use_two_region_memory                  0x0800029d   Thumb Code     2  heapauxi.o(.text)
    __rt_heap_escrow$2region                 0x0800029f   Thumb Code     2  heapauxi.o(.text)
    __rt_heap_expand$2region                 0x080002a1   Thumb Code     2  heapauxi.o(.text)
    __aeabi_uldivmod                         0x080002a3   Thumb Code     0  lludivv7m.o(.text)
    _ll_udiv                                 0x080002a3   Thumb Code   238  lludivv7m.o(.text)
    __user_setup_stackheap                   0x08000391   Thumb Code    74  sys_stackheap_outer.o(.text)
    exit                                     0x080003db   Thumb Code    18  exit.o(.text)
    __user_libspace                          0x080003ed   Thumb Code     8  libspace.o(.text)
    __user_perproc_libspace                  0x080003ed   Thumb Code     0  libspace.o(.text)
    __user_perthread_libspace                0x080003ed   Thumb Code     0  libspace.o(.text)
    _sys_exit                                0x080003f5   Thumb Code     8  sys_exit.o(.text)
    __I$use$semihosting                      0x08000401   Thumb Code     0  use_no_semi.o(.text)
    __use_no_semihosting_swi                 0x08000401   Thumb Code     2  use_no_semi.o(.text)
    BusFault_Handler                         0x08000403   Thumb Code     2  stm32f1xx_it.o(i.BusFault_Handler)
    __semihosting_library_function           0x08000403   Thumb Code     0  indicate_semi.o(.text)
    DMA1_Channel5_IRQHandler                 0x08000405   Thumb Code     6  stm32f1xx_it.o(i.DMA1_Channel5_IRQHandler)
    DebugMon_Handler                         0x0800043d   Thumb Code     2  stm32f1xx_it.o(i.DebugMon_Handler)
    EOS_Disable                              0x08000441   Thumb Code    26  main.o(i.EOS_Disable)
    EOS_Enable                               0x08000465   Thumb Code    40  main.o(i.EOS_Enable)
    EXTI9_5_IRQHandler                       0x08000495   Thumb Code     6  stm32f1xx_it.o(i.EXTI9_5_IRQHandler)
    Error_Handler                            0x0800049b   Thumb Code     4  main.o(i.Error_Handler)
    HAL_DMA_Abort                            0x0800049f   Thumb Code    70  stm32f1xx_hal_dma.o(i.HAL_DMA_Abort)
    HAL_DMA_Abort_IT                         0x080004e5   Thumb Code   148  stm32f1xx_hal_dma.o(i.HAL_DMA_Abort_IT)
    HAL_DMA_IRQHandler                       0x0800057d   Thumb Code   336  stm32f1xx_hal_dma.o(i.HAL_DMA_IRQHandler)
    HAL_DMA_Init                             0x080006e5   Thumb Code    90  stm32f1xx_hal_dma.o(i.HAL_DMA_Init)
    HAL_DMA_Start_IT                         0x08000749   Thumb Code   116  stm32f1xx_hal_dma.o(i.HAL_DMA_Start_IT)
    HAL_Delay                                0x080007bd   Thumb Code    32  stm32f1xx_hal.o(i.HAL_Delay)
    HAL_GPIO_EXTI_Callback                   0x080007e1   Thumb Code    10  main.o(i.HAL_GPIO_EXTI_Callback)
    HAL_GPIO_EXTI_IRQHandler                 0x080007f1   Thumb Code    18  stm32f1xx_hal_gpio.o(i.HAL_GPIO_EXTI_IRQHandler)
    HAL_GPIO_Init                            0x08000809   Thumb Code   464  stm32f1xx_hal_gpio.o(i.HAL_GPIO_Init)
    HAL_GPIO_ReadPin                         0x080009f9   Thumb Code    14  stm32f1xx_hal_gpio.o(i.HAL_GPIO_ReadPin)
    HAL_GPIO_TogglePin                       0x08000a07   Thumb Code    16  stm32f1xx_hal_gpio.o(i.HAL_GPIO_TogglePin)
    HAL_GPIO_WritePin                        0x08000a17   Thumb Code    14  stm32f1xx_hal_gpio.o(i.HAL_GPIO_WritePin)
    HAL_GetTick                              0x08000a25   Thumb Code     6  stm32f1xx_hal.o(i.HAL_GetTick)
    HAL_I2C_Init                             0x08000a31   Thumb Code   392  stm32f1xx_hal_i2c.o(i.HAL_I2C_Init)
    HAL_I2C_MspInit                          0x08000bc9   Thumb Code    80  stm32f1xx_hal_msp.o(i.HAL_I2C_MspInit)
    HAL_IncTick                              0x08000c25   Thumb Code    12  stm32f1xx_hal.o(i.HAL_IncTick)
    HAL_Init                                 0x08000c35   Thumb Code    32  stm32f1xx_hal.o(i.HAL_Init)
    HAL_InitTick                             0x08000c59   Thumb Code    58  stm32f1xx_hal.o(i.HAL_InitTick)
    HAL_MspInit                              0x08000c9d   Thumb Code    52  stm32f1xx_hal_msp.o(i.HAL_MspInit)
    HAL_NVIC_EnableIRQ                       0x08000cd9   Thumb Code    26  stm32f1xx_hal_cortex.o(i.HAL_NVIC_EnableIRQ)
    HAL_NVIC_SetPriority                     0x08000cf5   Thumb Code    60  stm32f1xx_hal_cortex.o(i.HAL_NVIC_SetPriority)
    HAL_NVIC_SetPriorityGrouping             0x08000d35   Thumb Code    26  stm32f1xx_hal_cortex.o(i.HAL_NVIC_SetPriorityGrouping)
    HAL_PWR_EnterSLEEPMode                   0x08000d59   Thumb Code    26  stm32f1xx_hal_pwr.o(i.HAL_PWR_EnterSLEEPMode)
    HAL_RCC_ClockConfig                      0x08000d79   Thumb Code   318  stm32f1xx_hal_rcc.o(i.HAL_RCC_ClockConfig)
    HAL_RCC_GetHCLKFreq                      0x08000ecd   Thumb Code     6  stm32f1xx_hal_rcc.o(i.HAL_RCC_GetHCLKFreq)
    HAL_RCC_GetPCLK1Freq                     0x08000ed9   Thumb Code    22  stm32f1xx_hal_rcc.o(i.HAL_RCC_GetPCLK1Freq)
    HAL_RCC_GetPCLK2Freq                     0x08000ef9   Thumb Code    22  stm32f1xx_hal_rcc.o(i.HAL_RCC_GetPCLK2Freq)
    HAL_RCC_GetSysClockFreq                  0x08000f19   Thumb Code    82  stm32f1xx_hal_rcc.o(i.HAL_RCC_GetSysClockFreq)
    HAL_RCC_OscConfig                        0x08000f8d   Thumb Code   882  stm32f1xx_hal_rcc.o(i.HAL_RCC_OscConfig)
    HAL_SYSTICK_Config                       0x08001311   Thumb Code    40  stm32f1xx_hal_cortex.o(i.HAL_SYSTICK_Config)
    HAL_TIMEx_ConfigBreakDeadTime            0x08001339   Thumb Code    84  stm32f1xx_hal_tim_ex.o(i.HAL_TIMEx_ConfigBreakDeadTime)
    HAL_TIMEx_MasterConfigSynchronization    0x0800138d   Thumb Code    90  stm32f1xx_hal_tim_ex.o(i.HAL_TIMEx_MasterConfigSynchronization)
    HAL_TIM_Base_Init                        0x080013f5   Thumb Code    74  stm32f1xx_hal_tim.o(i.HAL_TIM_Base_Init)
    HAL_TIM_Base_MspInit                     0x08001441   Thumb Code    30  stm32f1xx_hal_msp.o(i.HAL_TIM_Base_MspInit)
    HAL_TIM_ConfigClockSource                0x08001469   Thumb Code   226  stm32f1xx_hal_tim.o(i.HAL_TIM_ConfigClockSource)
    HAL_TIM_MspPostInit                      0x0800154d   Thumb Code    64  stm32f1xx_hal_msp.o(i.HAL_TIM_MspPostInit)
    HAL_TIM_PWM_ConfigChannel                0x08001599   Thumb Code   210  stm32f1xx_hal_tim.o(i.HAL_TIM_PWM_ConfigChannel)
    HAL_TIM_PWM_Init                         0x0800166b   Thumb Code    74  stm32f1xx_hal_tim.o(i.HAL_TIM_PWM_Init)
    HAL_TIM_PWM_MspInit                      0x080016b5   Thumb Code     2  stm32f1xx_hal_tim.o(i.HAL_TIM_PWM_MspInit)
    HAL_TIM_PWM_Start                        0x080016b9   Thumb Code   160  stm32f1xx_hal_tim.o(i.HAL_TIM_PWM_Start)
    HAL_TIM_PWM_Stop                         0x08001765   Thumb Code   110  stm32f1xx_hal_tim.o(i.HAL_TIM_PWM_Stop)
    HAL_UARTEx_RxEventCallback               0x080017d9   Thumb Code     2  stm32f1xx_hal_uart.o(i.HAL_UARTEx_RxEventCallback)
    HAL_UART_ErrorCallback                   0x080017db   Thumb Code     2  stm32f1xx_hal_uart.o(i.HAL_UART_ErrorCallback)
    HAL_UART_IRQHandler                      0x080017dd   Thumb Code   456  stm32f1xx_hal_uart.o(i.HAL_UART_IRQHandler)
    HAL_UART_Init                            0x080019a9   Thumb Code   100  stm32f1xx_hal_uart.o(i.HAL_UART_Init)
    HAL_UART_MspInit                         0x08001a0d   Thumb Code   158  stm32f1xx_hal_msp.o(i.HAL_UART_MspInit)
    HAL_UART_Receive_DMA                     0x08001ac1   Thumb Code    46  stm32f1xx_hal_uart.o(i.HAL_UART_Receive_DMA)
    HAL_UART_RxCpltCallback                  0x08001af1   Thumb Code    10  main.o(i.HAL_UART_RxCpltCallback)
    HAL_UART_RxHalfCpltCallback              0x08001b05   Thumb Code     2  stm32f1xx_hal_uart.o(i.HAL_UART_RxHalfCpltCallback)
    HAL_UART_Transmit                        0x08001b07   Thumb Code   190  stm32f1xx_hal_uart.o(i.HAL_UART_Transmit)
    HAL_UART_TxCpltCallback                  0x08001bc5   Thumb Code     2  stm32f1xx_hal_uart.o(i.HAL_UART_TxCpltCallback)
    HardFault_Handler                        0x08001bc7   Thumb Code     2  stm32f1xx_it.o(i.HardFault_Handler)
    MemManage_Handler                        0x08001ded   Thumb Code     2  stm32f1xx_it.o(i.MemManage_Handler)
    NMI_Handler                              0x08001def   Thumb Code     2  stm32f1xx_it.o(i.NMI_Handler)
    PendSV_Handler                           0x08001df1   Thumb Code     2  stm32f1xx_it.o(i.PendSV_Handler)
    SVC_Handler                              0x08001e19   Thumb Code     2  stm32f1xx_it.o(i.SVC_Handler)
    SysTick_Handler                          0x08001e1d   Thumb Code   124  main.o(i.SysTick_Handler)
    SystemClock_Config                       0x08001ea1   Thumb Code    94  main.o(i.SystemClock_Config)
    SystemInit                               0x08001eff   Thumb Code     2  system_stm32f1xx.o(i.SystemInit)
    TIM_Base_SetConfig                       0x08001f01   Thumb Code    94  stm32f1xx_hal_tim.o(i.TIM_Base_SetConfig)
    TIM_CCxChannelCmd                        0x08001f6d   Thumb Code    26  stm32f1xx_hal_tim.o(i.TIM_CCxChannelCmd)
    TIM_ETR_SetConfig                        0x08001f87   Thumb Code    20  stm32f1xx_hal_tim.o(i.TIM_ETR_SetConfig)
    TIM_OC2_SetConfig                        0x0800200d   Thumb Code    94  stm32f1xx_hal_tim.o(i.TIM_OC2_SetConfig)
    UART_Start_Receive_DMA                   0x080023fd   Thumb Code   102  stm32f1xx_hal_uart.o(i.UART_Start_Receive_DMA)
    USART1_IRQHandler                        0x08002535   Thumb Code     6  stm32f1xx_it.o(i.USART1_IRQHandler)
    UsageFault_Handler                       0x08002541   Thumb Code     2  stm32f1xx_it.o(i.UsageFault_Handler)
    checkFood                                0x08002565   Thumb Code   110  main.o(i.checkFood)
    handlePWM                                0x080025e1   Thumb Code    74  main.o(i.handlePWM)
    handleTime                               0x08002631   Thumb Code    50  main.o(i.handleTime)
    hx711_coef_set                           0x08002669   Thumb Code     4  hx711.o(i.hx711_coef_set)
    hx711_delay_us                           0x0800266d   Thumb Code    18  hx711.o(i.hx711_delay_us)
    hx711_init                               0x0800267f   Thumb Code   144  hx711.o(i.hx711_init)
    hx711_lock                               0x0800270f   Thumb Code    24  hx711.o(i.hx711_lock)
    hx711_tare                               0x08002727   Thumb Code    76  hx711.o(i.hx711_tare)
    hx711_unlock                             0x08002773   Thumb Code     6  hx711.o(i.hx711_unlock)
    hx711_value                              0x08002779   Thumb Code   136  hx711.o(i.hx711_value)
    hx711_weight                             0x08002801   Thumb Code    94  hx711.o(i.hx711_weight)
    main                                     0x08002861   Thumb Code    84  main.o(i.main)
    mainMenu                                 0x080028c5   Thumb Code   350  main.o(i.mainMenu)
    putValueToTXBuffer                       0x08002a35   Thumb Code    78  main.o(i.putValueToTXBuffer)
    readButtons                              0x08002a89   Thumb Code    70  main.o(i.readButtons)
    readDownButton                           0x08002ad5   Thumb Code    12  main.o(i.readDownButton)
    readModeButton                           0x08002ae5   Thumb Code    12  main.o(i.readModeButton)
    readSetButton                            0x08002af5   Thumb Code    12  main.o(i.readSetButton)
    readUpButton                             0x08002b05   Thumb Code    12  main.o(i.readUpButton)
    runTime                                  0x08002b15   Thumb Code    40  main.o(i.runTime)
    setUpSystemInit                          0x08002b41   Thumb Code   186  main.o(i.setUpSystemInit)
    setUpTime                                0x08002c05   Thumb Code   358  main.o(i.setUpTime)
    __aeabi_fadd                             0x08002d75   Thumb Code     0  faddsub_clz.o(x$fpl$fadd)
    _fadd                                    0x08002d75   Thumb Code   196  faddsub_clz.o(x$fpl$fadd)
    __aeabi_fdiv                             0x08002e39   Thumb Code     0  fdiv.o(x$fpl$fdiv)
    _fdiv                                    0x08002e39   Thumb Code   384  fdiv.o(x$fpl$fdiv)
    __aeabi_f2uiz                            0x08002fbd   Thumb Code     0  ffixu.o(x$fpl$ffixu)
    _ffixu                                   0x08002fbd   Thumb Code    62  ffixu.o(x$fpl$ffixu)
    __aeabi_i2f                              0x08002ffd   Thumb Code     0  fflt_clz.o(x$fpl$fflt)
    _fflt                                    0x08002ffd   Thumb Code    48  fflt_clz.o(x$fpl$fflt)
    __aeabi_ui2f                             0x0800302d   Thumb Code     0  fflt_clz.o(x$fpl$ffltu)
    _ffltu                                   0x0800302d   Thumb Code    38  fflt_clz.o(x$fpl$ffltu)
    __aeabi_fmul                             0x08003055   Thumb Code     0  fmul.o(x$fpl$fmul)
    _fmul                                    0x08003055   Thumb Code   258  fmul.o(x$fpl$fmul)
    __fpl_fnaninf                            0x08003157   Thumb Code   140  fnaninf.o(x$fpl$fnaninf)
    __fpl_fretinf                            0x080031e3   Thumb Code    10  fretinf.o(x$fpl$fretinf)
    __aeabi_fsub                             0x080031ed   Thumb Code     0  faddsub_clz.o(x$fpl$fsub)
    _fsub                                    0x080031ed   Thumb Code   234  faddsub_clz.o(x$fpl$fsub)
    AHBPrescTable                            0x080032d6   Data          16  system_stm32f1xx.o(.constdata)
    __I$use$fp                               0x080032d6   Number         0  usenofp.o(x$fpl$usenofp)
    APBPrescTable                            0x080032e6   Data           8  system_stm32f1xx.o(.constdata)
    Region$$Table$$Base                      0x080032f0   Number         0  anon$$obj.o(Region$$Table)
    Region$$Table$$Limit                     0x08003310   Number         0  anon$$obj.o(Region$$Table)
    Minutes                                  0x20000000   Data           1  main.o(.data)
    Seconds                                  0x20000001   Data           1  main.o(.data)
    SetMinutes                               0x20000002   Data           1  main.o(.data)
    SetSeconds                               0x20000003   Data           1  main.o(.data)
    ModeAck                                  0x20000004   Data           1  main.o(.data)
    Set                                      0x20000005   Data           1  main.o(.data)
    CheckLoadCellTime                        0x20000006   Data           1  main.o(.data)
    weight                                   0x20000007   Data           1  main.o(.data)
    button                                   0x20000008   Data           1  main.o(.data)
    EnableEOS                                0x2000000a   Data           2  main.o(.data)
    setEnable                                0x2000000c   Data           2  main.o(.data)
    UpToSecond                               0x2000000e   Data           2  main.o(.data)
    CountingPulse                            0x20000010   Data           2  main.o(.data)
    PulseWidth                               0x20000012   Data           2  main.o(.data)
    PulseLever                               0x20000014   Data           2  main.o(.data)
    RPM                                      0x20000016   Data           2  main.o(.data)
    buttonBuffer                             0x20000018   Data           4  main.o(.data)
    txBuffer                                 0x2000001c   Data           5  main.o(.data)
    rxBuffer                                 0x20000021   Data           5  main.o(.data)
    uwTickFreq                               0x20000028   Data           1  stm32f1xx_hal.o(.data)
    uwTickPrio                               0x2000002c   Data           4  stm32f1xx_hal.o(.data)
    uwTick                                   0x20000030   Data           4  stm32f1xx_hal.o(.data)
    SystemCoreClock                          0x20000034   Data           4  system_stm32f1xx.o(.data)
    hi2c1                                    0x20000038   Data          84  main.o(.bss)
    htim1                                    0x2000008c   Data          72  main.o(.bss)
    huart1                                   0x200000d4   Data          68  main.o(.bss)
    loadcell                                 0x20000118   Data          24  main.o(.bss)
    hdma_usart1_rx                           0x20000130   Data          68  main.o(.bss)
    __libspace_start                         0x20000174   Data          96  libspace.o(.bss)
    __temporary_stack_top$libspace           0x200001d4   Data           0  libspace.o(.bss)



==============================================================================

Memory Map of the image

  Image Entry point : 0x080000ed

  Load Region LR_IROM1 (Base: 0x08000000, Size: 0x00003348, Max: 0x00010000, ABSOLUTE)

    Execution Region ER_IROM1 (Exec base: 0x08000000, Load base: 0x08000000, Size: 0x00003310, Max: 0x00010000, ABSOLUTE)

    Exec Addr    Load Addr    Size         Type   Attr      Idx    E Section Name        Object

    0x08000000   0x08000000   0x000000ec   Data   RO            3    RESET               startup_stm32f103xb.o
    0x080000ec   0x080000ec   0x00000008   Code   RO         3449  * !!!main             c_w.l(__main.o)
    0x080000f4   0x080000f4   0x00000034   Code   RO         3645    !!!scatter          c_w.l(__scatter.o)
    0x08000128   0x08000128   0x0000001a   Code   RO         3647    !!handler_copy      c_w.l(__scatter_copy.o)
    0x08000142   0x08000142   0x00000002   PAD
    0x08000144   0x08000144   0x0000001c   Code   RO         3649    !!handler_zi        c_w.l(__scatter_zi.o)
    0x08000160   0x08000160   0x00000002   Code   RO         3511    .ARM.Collect$$libinit$$00000000  c_w.l(libinit.o)
    0x08000162   0x08000162   0x00000000   Code   RO         3522    .ARM.Collect$$libinit$$00000002  c_w.l(libinit2.o)
    0x08000162   0x08000162   0x00000000   Code   RO         3524    .ARM.Collect$$libinit$$00000004  c_w.l(libinit2.o)
    0x08000162   0x08000162   0x00000000   Code   RO         3527    .ARM.Collect$$libinit$$0000000A  c_w.l(libinit2.o)
    0x08000162   0x08000162   0x00000000   Code   RO         3529    .ARM.Collect$$libinit$$0000000C  c_w.l(libinit2.o)
    0x08000162   0x08000162   0x00000000   Code   RO         3531    .ARM.Collect$$libinit$$0000000E  c_w.l(libinit2.o)
    0x08000162   0x08000162   0x00000000   Code   RO         3534    .ARM.Collect$$libinit$$00000011  c_w.l(libinit2.o)
    0x08000162   0x08000162   0x00000000   Code   RO         3536    .ARM.Collect$$libinit$$00000013  c_w.l(libinit2.o)
    0x08000162   0x08000162   0x00000000   Code   RO         3538    .ARM.Collect$$libinit$$00000015  c_w.l(libinit2.o)
    0x08000162   0x08000162   0x00000000   Code   RO         3540    .ARM.Collect$$libinit$$00000017  c_w.l(libinit2.o)
    0x08000162   0x08000162   0x00000000   Code   RO         3542    .ARM.Collect$$libinit$$00000019  c_w.l(libinit2.o)
    0x08000162   0x08000162   0x00000000   Code   RO         3544    .ARM.Collect$$libinit$$0000001B  c_w.l(libinit2.o)
    0x08000162   0x08000162   0x00000000   Code   RO         3546    .ARM.Collect$$libinit$$0000001D  c_w.l(libinit2.o)
    0x08000162   0x08000162   0x00000000   Code   RO         3548    .ARM.Collect$$libinit$$0000001F  c_w.l(libinit2.o)
    0x08000162   0x08000162   0x00000000   Code   RO         3550    .ARM.Collect$$libinit$$00000021  c_w.l(libinit2.o)
    0x08000162   0x08000162   0x00000000   Code   RO         3552    .ARM.Collect$$libinit$$00000023  c_w.l(libinit2.o)
    0x08000162   0x08000162   0x00000000   Code   RO         3554    .ARM.Collect$$libinit$$00000025  c_w.l(libinit2.o)
    0x08000162   0x08000162   0x00000000   Code   RO         3558    .ARM.Collect$$libinit$$0000002C  c_w.l(libinit2.o)
    0x08000162   0x08000162   0x00000000   Code   RO         3560    .ARM.Collect$$libinit$$0000002E  c_w.l(libinit2.o)
    0x08000162   0x08000162   0x00000000   Code   RO         3562    .ARM.Collect$$libinit$$00000030  c_w.l(libinit2.o)
    0x08000162   0x08000162   0x00000000   Code   RO         3564    .ARM.Collect$$libinit$$00000032  c_w.l(libinit2.o)
    0x08000162   0x08000162   0x00000002   Code   RO         3565    .ARM.Collect$$libinit$$00000033  c_w.l(libinit2.o)
    0x08000164   0x08000164   0x00000002   Code   RO         3595    .ARM.Collect$$libshutdown$$00000000  c_w.l(libshutdown.o)
    0x08000166   0x08000166   0x00000000   Code   RO         3612    .ARM.Collect$$libshutdown$$00000002  c_w.l(libshutdown2.o)
    0x08000166   0x08000166   0x00000000   Code   RO         3614    .ARM.Collect$$libshutdown$$00000004  c_w.l(libshutdown2.o)
    0x08000166   0x08000166   0x00000000   Code   RO         3617    .ARM.Collect$$libshutdown$$00000007  c_w.l(libshutdown2.o)
    0x08000166   0x08000166   0x00000000   Code   RO         3620    .ARM.Collect$$libshutdown$$0000000A  c_w.l(libshutdown2.o)
    0x08000166   0x08000166   0x00000000   Code   RO         3622    .ARM.Collect$$libshutdown$$0000000C  c_w.l(libshutdown2.o)
    0x08000166   0x08000166   0x00000000   Code   RO         3625    .ARM.Collect$$libshutdown$$0000000F  c_w.l(libshutdown2.o)
    0x08000166   0x08000166   0x00000002   Code   RO         3626    .ARM.Collect$$libshutdown$$00000010  c_w.l(libshutdown2.o)
    0x08000168   0x08000168   0x00000000   Code   RO         3473    .ARM.Collect$$rtentry$$00000000  c_w.l(__rtentry.o)
    0x08000168   0x08000168   0x00000000   Code   RO         3482    .ARM.Collect$$rtentry$$00000002  c_w.l(__rtentry2.o)
    0x08000168   0x08000168   0x00000006   Code   RO         3494    .ARM.Collect$$rtentry$$00000004  c_w.l(__rtentry4.o)
    0x0800016e   0x0800016e   0x00000000   Code   RO         3484    .ARM.Collect$$rtentry$$00000009  c_w.l(__rtentry2.o)
    0x0800016e   0x0800016e   0x00000004   Code   RO         3485    .ARM.Collect$$rtentry$$0000000A  c_w.l(__rtentry2.o)
    0x08000172   0x08000172   0x00000000   Code   RO         3487    .ARM.Collect$$rtentry$$0000000C  c_w.l(__rtentry2.o)
    0x08000172   0x08000172   0x00000008   Code   RO         3488    .ARM.Collect$$rtentry$$0000000D  c_w.l(__rtentry2.o)
    0x0800017a   0x0800017a   0x00000002   Code   RO         3515    .ARM.Collect$$rtexit$$00000000  c_w.l(rtexit.o)
    0x0800017c   0x0800017c   0x00000000   Code   RO         3567    .ARM.Collect$$rtexit$$00000002  c_w.l(rtexit2.o)
    0x0800017c   0x0800017c   0x00000004   Code   RO         3568    .ARM.Collect$$rtexit$$00000003  c_w.l(rtexit2.o)
    0x08000180   0x08000180   0x00000006   Code   RO         3569    .ARM.Collect$$rtexit$$00000004  c_w.l(rtexit2.o)
    0x08000186   0x08000186   0x00000002   PAD
    0x08000188   0x08000188   0x00000040   Code   RO            4    .text               startup_stm32f103xb.o
    0x080001c8   0x080001c8   0x00000048   Code   RO         3441    .text               c_w.l(llsdiv.o)
    0x08000210   0x08000210   0x0000003e   Code   RO         3443    .text               c_w.l(strlen.o)
    0x0800024e   0x0800024e   0x0000004e   Code   RO         3445    .text               c_w.l(rt_memclr_w.o)
    0x0800029c   0x0800029c   0x00000006   Code   RO         3447    .text               c_w.l(heapauxi.o)
    0x080002a2   0x080002a2   0x000000ee   Code   RO         3474    .text               c_w.l(lludivv7m.o)
    0x08000390   0x08000390   0x0000004a   Code   RO         3500    .text               c_w.l(sys_stackheap_outer.o)
    0x080003da   0x080003da   0x00000012   Code   RO         3504    .text               c_w.l(exit.o)
    0x080003ec   0x080003ec   0x00000008   Code   RO         3512    .text               c_w.l(libspace.o)
    0x080003f4   0x080003f4   0x0000000c   Code   RO         3583    .text               c_w.l(sys_exit.o)
    0x08000400   0x08000400   0x00000002   Code   RO         3600    .text               c_w.l(use_no_semi.o)
    0x08000402   0x08000402   0x00000000   Code   RO         3602    .text               c_w.l(indicate_semi.o)
    0x08000402   0x08000402   0x00000002   Code   RO          383    i.BusFault_Handler  stm32f1xx_it.o
    0x08000404   0x08000404   0x0000000c   Code   RO          384    i.DMA1_Channel5_IRQHandler  stm32f1xx_it.o
    0x08000410   0x08000410   0x0000002c   Code   RO         1433    i.DMA_SetConfig     stm32f1xx_hal_dma.o
    0x0800043c   0x0800043c   0x00000002   Code   RO          385    i.DebugMon_Handler  stm32f1xx_it.o
    0x0800043e   0x0800043e   0x00000002   PAD
    0x08000440   0x08000440   0x00000024   Code   RO          206    i.EOS_Disable       main.o
    0x08000464   0x08000464   0x00000030   Code   RO          207    i.EOS_Enable        main.o
    0x08000494   0x08000494   0x00000006   Code   RO          386    i.EXTI9_5_IRQHandler  stm32f1xx_it.o
    0x0800049a   0x0800049a   0x00000004   Code   RO          208    i.Error_Handler     main.o
    0x0800049e   0x0800049e   0x00000046   Code   RO         1434    i.HAL_DMA_Abort     stm32f1xx_hal_dma.o
    0x080004e4   0x080004e4   0x00000098   Code   RO         1435    i.HAL_DMA_Abort_IT  stm32f1xx_hal_dma.o
    0x0800057c   0x0800057c   0x00000168   Code   RO         1439    i.HAL_DMA_IRQHandler  stm32f1xx_hal_dma.o
    0x080006e4   0x080006e4   0x00000064   Code   RO         1440    i.HAL_DMA_Init      stm32f1xx_hal_dma.o
    0x08000748   0x08000748   0x00000074   Code   RO         1444    i.HAL_DMA_Start_IT  stm32f1xx_hal_dma.o
    0x080007bc   0x080007bc   0x00000024   Code   RO         1057    i.HAL_Delay         stm32f1xx_hal.o
    0x080007e0   0x080007e0   0x00000010   Code   RO          209    i.HAL_GPIO_EXTI_Callback  main.o
    0x080007f0   0x080007f0   0x00000018   Code   RO         1369    i.HAL_GPIO_EXTI_IRQHandler  stm32f1xx_hal_gpio.o
    0x08000808   0x08000808   0x000001f0   Code   RO         1370    i.HAL_GPIO_Init     stm32f1xx_hal_gpio.o
    0x080009f8   0x080009f8   0x0000000e   Code   RO         1372    i.HAL_GPIO_ReadPin  stm32f1xx_hal_gpio.o
    0x08000a06   0x08000a06   0x00000010   Code   RO         1373    i.HAL_GPIO_TogglePin  stm32f1xx_hal_gpio.o
    0x08000a16   0x08000a16   0x0000000e   Code   RO         1374    i.HAL_GPIO_WritePin  stm32f1xx_hal_gpio.o
    0x08000a24   0x08000a24   0x0000000c   Code   RO         1061    i.HAL_GetTick       stm32f1xx_hal.o
    0x08000a30   0x08000a30   0x00000198   Code   RO          589    i.HAL_I2C_Init      stm32f1xx_hal_i2c.o
    0x08000bc8   0x08000bc8   0x0000005c   Code   RO          476    i.HAL_I2C_MspInit   stm32f1xx_hal_msp.o
    0x08000c24   0x08000c24   0x00000010   Code   RO         1067    i.HAL_IncTick       stm32f1xx_hal.o
    0x08000c34   0x08000c34   0x00000024   Code   RO         1068    i.HAL_Init          stm32f1xx_hal.o
    0x08000c58   0x08000c58   0x00000044   Code   RO         1069    i.HAL_InitTick      stm32f1xx_hal.o
    0x08000c9c   0x08000c9c   0x0000003c   Code   RO          477    i.HAL_MspInit       stm32f1xx_hal_msp.o
    0x08000cd8   0x08000cd8   0x0000001a   Code   RO         1530    i.HAL_NVIC_EnableIRQ  stm32f1xx_hal_cortex.o
    0x08000cf2   0x08000cf2   0x00000002   PAD
    0x08000cf4   0x08000cf4   0x00000040   Code   RO         1536    i.HAL_NVIC_SetPriority  stm32f1xx_hal_cortex.o
    0x08000d34   0x08000d34   0x00000024   Code   RO         1537    i.HAL_NVIC_SetPriorityGrouping  stm32f1xx_hal_cortex.o
    0x08000d58   0x08000d58   0x00000020   Code   RO         1657    i.HAL_PWR_EnterSLEEPMode  stm32f1xx_hal_pwr.o
    0x08000d78   0x08000d78   0x00000154   Code   RO         1225    i.HAL_RCC_ClockConfig  stm32f1xx_hal_rcc.o
    0x08000ecc   0x08000ecc   0x0000000c   Code   RO         1230    i.HAL_RCC_GetHCLKFreq  stm32f1xx_hal_rcc.o
    0x08000ed8   0x08000ed8   0x00000020   Code   RO         1232    i.HAL_RCC_GetPCLK1Freq  stm32f1xx_hal_rcc.o
    0x08000ef8   0x08000ef8   0x00000020   Code   RO         1233    i.HAL_RCC_GetPCLK2Freq  stm32f1xx_hal_rcc.o
    0x08000f18   0x08000f18   0x00000074   Code   RO         1234    i.HAL_RCC_GetSysClockFreq  stm32f1xx_hal_rcc.o
    0x08000f8c   0x08000f8c   0x00000384   Code   RO         1237    i.HAL_RCC_OscConfig  stm32f1xx_hal_rcc.o
    0x08001310   0x08001310   0x00000028   Code   RO         1541    i.HAL_SYSTICK_Config  stm32f1xx_hal_cortex.o
    0x08001338   0x08001338   0x00000054   Code   RO         2771    i.HAL_TIMEx_ConfigBreakDeadTime  stm32f1xx_hal_tim_ex.o
    0x0800138c   0x0800138c   0x00000068   Code   RO         2787    i.HAL_TIMEx_MasterConfigSynchronization  stm32f1xx_hal_tim_ex.o
    0x080013f4   0x080013f4   0x0000004a   Code   RO         2053    i.HAL_TIM_Base_Init  stm32f1xx_hal_tim.o
    0x0800143e   0x0800143e   0x00000002   PAD
    0x08001440   0x08001440   0x00000028   Code   RO          479    i.HAL_TIM_Base_MspInit  stm32f1xx_hal_msp.o
    0x08001468   0x08001468   0x000000e2   Code   RO         2062    i.HAL_TIM_ConfigClockSource  stm32f1xx_hal_tim.o
    0x0800154a   0x0800154a   0x00000002   PAD
    0x0800154c   0x0800154c   0x0000004c   Code   RO          480    i.HAL_TIM_MspPostInit  stm32f1xx_hal_msp.o
    0x08001598   0x08001598   0x000000d2   Code   RO         2125    i.HAL_TIM_PWM_ConfigChannel  stm32f1xx_hal_tim.o
    0x0800166a   0x0800166a   0x0000004a   Code   RO         2128    i.HAL_TIM_PWM_Init  stm32f1xx_hal_tim.o
    0x080016b4   0x080016b4   0x00000002   Code   RO         2130    i.HAL_TIM_PWM_MspInit  stm32f1xx_hal_tim.o
    0x080016b6   0x080016b6   0x00000002   PAD
    0x080016b8   0x080016b8   0x000000ac   Code   RO         2133    i.HAL_TIM_PWM_Start  stm32f1xx_hal_tim.o
    0x08001764   0x08001764   0x00000074   Code   RO         2136    i.HAL_TIM_PWM_Stop  stm32f1xx_hal_tim.o
    0x080017d8   0x080017d8   0x00000002   Code   RO         3046    i.HAL_UARTEx_RxEventCallback  stm32f1xx_hal_uart.o
    0x080017da   0x080017da   0x00000002   Code   RO         3060    i.HAL_UART_ErrorCallback  stm32f1xx_hal_uart.o
    0x080017dc   0x080017dc   0x000001cc   Code   RO         3063    i.HAL_UART_IRQHandler  stm32f1xx_hal_uart.o
    0x080019a8   0x080019a8   0x00000064   Code   RO         3064    i.HAL_UART_Init     stm32f1xx_hal_uart.o
    0x08001a0c   0x08001a0c   0x000000b4   Code   RO          482    i.HAL_UART_MspInit  stm32f1xx_hal_msp.o
    0x08001ac0   0x08001ac0   0x0000002e   Code   RO         3068    i.HAL_UART_Receive_DMA  stm32f1xx_hal_uart.o
    0x08001aee   0x08001aee   0x00000002   PAD
    0x08001af0   0x08001af0   0x00000014   Code   RO          210    i.HAL_UART_RxCpltCallback  main.o
    0x08001b04   0x08001b04   0x00000002   Code   RO         3071    i.HAL_UART_RxHalfCpltCallback  stm32f1xx_hal_uart.o
    0x08001b06   0x08001b06   0x000000be   Code   RO         3072    i.HAL_UART_Transmit  stm32f1xx_hal_uart.o
    0x08001bc4   0x08001bc4   0x00000002   Code   RO         3075    i.HAL_UART_TxCpltCallback  stm32f1xx_hal_uart.o
    0x08001bc6   0x08001bc6   0x00000002   Code   RO          387    i.HardFault_Handler  stm32f1xx_it.o
    0x08001bc8   0x08001bc8   0x0000002c   Code   RO          211    i.MX_DMA_Init       main.o
    0x08001bf4   0x08001bf4   0x000000bc   Code   RO          212    i.MX_GPIO_Init      main.o
    0x08001cb0   0x08001cb0   0x0000003c   Code   RO          213    i.MX_I2C1_Init      main.o
    0x08001cec   0x08001cec   0x000000cc   Code   RO          214    i.MX_TIM1_Init      main.o
    0x08001db8   0x08001db8   0x00000034   Code   RO          215    i.MX_USART1_UART_Init  main.o
    0x08001dec   0x08001dec   0x00000002   Code   RO          388    i.MemManage_Handler  stm32f1xx_it.o
    0x08001dee   0x08001dee   0x00000002   Code   RO          389    i.NMI_Handler       stm32f1xx_it.o
    0x08001df0   0x08001df0   0x00000002   Code   RO          390    i.PendSV_Handler    stm32f1xx_it.o
    0x08001df2   0x08001df2   0x00000002   PAD
    0x08001df4   0x08001df4   0x00000024   Code   RO         1238    i.RCC_Delay         stm32f1xx_hal_rcc.o
    0x08001e18   0x08001e18   0x00000002   Code   RO          391    i.SVC_Handler       stm32f1xx_it.o
    0x08001e1a   0x08001e1a   0x00000002   PAD
    0x08001e1c   0x08001e1c   0x00000084   Code   RO          216    i.SysTick_Handler   main.o
    0x08001ea0   0x08001ea0   0x0000005e   Code   RO          217    i.SystemClock_Config  main.o
    0x08001efe   0x08001efe   0x00000002   Code   RO         3403    i.SystemInit        system_stm32f1xx.o
    0x08001f00   0x08001f00   0x0000006c   Code   RO         2146    i.TIM_Base_SetConfig  stm32f1xx_hal_tim.o
    0x08001f6c   0x08001f6c   0x0000001a   Code   RO         2147    i.TIM_CCxChannelCmd  stm32f1xx_hal_tim.o
    0x08001f86   0x08001f86   0x00000014   Code   RO         2157    i.TIM_ETR_SetConfig  stm32f1xx_hal_tim.o
    0x08001f9a   0x08001f9a   0x00000010   Code   RO         2158    i.TIM_ITRx_SetConfig  stm32f1xx_hal_tim.o
    0x08001faa   0x08001faa   0x00000002   PAD
    0x08001fac   0x08001fac   0x00000060   Code   RO         2159    i.TIM_OC1_SetConfig  stm32f1xx_hal_tim.o
    0x0800200c   0x0800200c   0x00000064   Code   RO         2160    i.TIM_OC2_SetConfig  stm32f1xx_hal_tim.o
    0x08002070   0x08002070   0x00000060   Code   RO         2161    i.TIM_OC3_SetConfig  stm32f1xx_hal_tim.o
    0x080020d0   0x080020d0   0x00000048   Code   RO         2162    i.TIM_OC4_SetConfig  stm32f1xx_hal_tim.o
    0x08002118   0x08002118   0x00000022   Code   RO         2164    i.TIM_TI1_ConfigInputStage  stm32f1xx_hal_tim.o
    0x0800213a   0x0800213a   0x00000024   Code   RO         2166    i.TIM_TI2_ConfigInputStage  stm32f1xx_hal_tim.o
    0x0800215e   0x0800215e   0x00000010   Code   RO         3077    i.UART_DMAAbortOnError  stm32f1xx_hal_uart.o
    0x0800216e   0x0800216e   0x0000004a   Code   RO         3078    i.UART_DMAError     stm32f1xx_hal_uart.o
    0x080021b8   0x080021b8   0x0000005a   Code   RO         3079    i.UART_DMAReceiveCplt  stm32f1xx_hal_uart.o
    0x08002212   0x08002212   0x0000001a   Code   RO         3081    i.UART_DMARxHalfCplt  stm32f1xx_hal_uart.o
    0x0800222c   0x0800222c   0x00000030   Code   RO         3087    i.UART_EndRxTransfer  stm32f1xx_hal_uart.o
    0x0800225c   0x0800225c   0x0000001a   Code   RO         3088    i.UART_EndTransmit_IT  stm32f1xx_hal_uart.o
    0x08002276   0x08002276   0x00000012   Code   RO         3089    i.UART_EndTxTransfer  stm32f1xx_hal_uart.o
    0x08002288   0x08002288   0x000000bc   Code   RO         3090    i.UART_Receive_IT   stm32f1xx_hal_uart.o
    0x08002344   0x08002344   0x000000b8   Code   RO         3091    i.UART_SetConfig    stm32f1xx_hal_uart.o
    0x080023fc   0x080023fc   0x00000074   Code   RO         3092    i.UART_Start_Receive_DMA  stm32f1xx_hal_uart.o
    0x08002470   0x08002470   0x0000005e   Code   RO         3094    i.UART_Transmit_IT  stm32f1xx_hal_uart.o
    0x080024ce   0x080024ce   0x00000064   Code   RO         3095    i.UART_WaitOnFlagUntilTimeout  stm32f1xx_hal_uart.o
    0x08002532   0x08002532   0x00000002   PAD
    0x08002534   0x08002534   0x0000000c   Code   RO          392    i.USART1_IRQHandler  stm32f1xx_it.o
    0x08002540   0x08002540   0x00000002   Code   RO          393    i.UsageFault_Handler  stm32f1xx_it.o
    0x08002542   0x08002542   0x00000020   Code   RO         1543    i.__NVIC_SetPriority  stm32f1xx_hal_cortex.o
    0x08002562   0x08002562   0x00000002   PAD
    0x08002564   0x08002564   0x0000007c   Code   RO          218    i.checkFood         main.o
    0x080025e0   0x080025e0   0x00000050   Code   RO          219    i.handlePWM         main.o
    0x08002630   0x08002630   0x00000038   Code   RO          220    i.handleTime        main.o
    0x08002668   0x08002668   0x00000004   Code   RO           15    i.hx711_coef_set    hx711.o
    0x0800266c   0x0800266c   0x00000012   Code   RO           16    i.hx711_delay_us    hx711.o
    0x0800267e   0x0800267e   0x00000090   Code   RO           17    i.hx711_init        hx711.o
    0x0800270e   0x0800270e   0x00000018   Code   RO           18    i.hx711_lock        hx711.o
    0x08002726   0x08002726   0x0000004c   Code   RO           21    i.hx711_tare        hx711.o
    0x08002772   0x08002772   0x00000006   Code   RO           22    i.hx711_unlock      hx711.o
    0x08002778   0x08002778   0x00000088   Code   RO           23    i.hx711_value       hx711.o
    0x08002800   0x08002800   0x0000005e   Code   RO           25    i.hx711_weight      hx711.o
    0x0800285e   0x0800285e   0x00000002   PAD
    0x08002860   0x08002860   0x00000064   Code   RO          221    i.main              main.o
    0x080028c4   0x080028c4   0x00000170   Code   RO          222    i.mainMenu          main.o
    0x08002a34   0x08002a34   0x00000054   Code   RO          223    i.putValueToTXBuffer  main.o
    0x08002a88   0x08002a88   0x0000004c   Code   RO          224    i.readButtons       main.o
    0x08002ad4   0x08002ad4   0x00000010   Code   RO          225    i.readDownButton    main.o
    0x08002ae4   0x08002ae4   0x00000010   Code   RO          226    i.readModeButton    main.o
    0x08002af4   0x08002af4   0x00000010   Code   RO          227    i.readSetButton     main.o
    0x08002b04   0x08002b04   0x00000010   Code   RO          228    i.readUpButton      main.o
    0x08002b14   0x08002b14   0x0000002c   Code   RO          229    i.runTime           main.o
    0x08002b40   0x08002b40   0x000000c4   Code   RO          230    i.setUpSystemInit   main.o
    0x08002c04   0x08002c04   0x00000170   Code   RO          231    i.setUpTime         main.o
    0x08002d74   0x08002d74   0x000000c4   Code   RO         3451    x$fpl$fadd          fz_ws.l(faddsub_clz.o)
    0x08002e38   0x08002e38   0x00000184   Code   RO         3458    x$fpl$fdiv          fz_ws.l(fdiv.o)
    0x08002fbc   0x08002fbc   0x0000003e   Code   RO         3461    x$fpl$ffixu         fz_ws.l(ffixu.o)
    0x08002ffa   0x08002ffa   0x00000002   PAD
    0x08002ffc   0x08002ffc   0x00000030   Code   RO         3466    x$fpl$fflt          fz_ws.l(fflt_clz.o)
    0x0800302c   0x0800302c   0x00000026   Code   RO         3465    x$fpl$ffltu         fz_ws.l(fflt_clz.o)
    0x08003052   0x08003052   0x00000002   PAD
    0x08003054   0x08003054   0x00000102   Code   RO         3471    x$fpl$fmul          fz_ws.l(fmul.o)
    0x08003156   0x08003156   0x0000008c   Code   RO         3476    x$fpl$fnaninf       fz_ws.l(fnaninf.o)
    0x080031e2   0x080031e2   0x0000000a   Code   RO         3478    x$fpl$fretinf       fz_ws.l(fretinf.o)
    0x080031ec   0x080031ec   0x000000ea   Code   RO         3453    x$fpl$fsub          fz_ws.l(faddsub_clz.o)
    0x080032d6   0x080032d6   0x00000000   Code   RO         3480    x$fpl$usenofp       fz_ws.l(usenofp.o)
    0x080032d6   0x080032d6   0x00000010   Data   RO         3404    .constdata          system_stm32f1xx.o
    0x080032e6   0x080032e6   0x00000008   Data   RO         3405    .constdata          system_stm32f1xx.o
    0x080032ee   0x080032ee   0x00000002   PAD
    0x080032f0   0x080032f0   0x00000020   Data   RO         3643    Region$$Table       anon$$obj.o


    Execution Region RW_IRAM1 (Exec base: 0x20000000, Load base: 0x08003310, Size: 0x000007d8, Max: 0x00005000, ABSOLUTE)

    Exec Addr    Load Addr    Size         Type   Attr      Idx    E Section Name        Object

    0x20000000   0x08003310   0x00000026   Data   RW          234    .data               main.o
    0x20000026   0x08003336   0x00000002   PAD
    0x20000028   0x08003338   0x0000000c   Data   RW         1075    .data               stm32f1xx_hal.o
    0x20000034   0x08003344   0x00000004   Data   RW         3406    .data               system_stm32f1xx.o
    0x20000038        -       0x000000f8   Zero   RW          232    .bss                main.o
    0x20000130        -       0x00000044   Zero   RW          233    .bss                main.o
    0x20000174        -       0x00000060   Zero   RW         3513    .bss                c_w.l(libspace.o)
    0x200001d4   0x08003348   0x00000004   PAD
    0x200001d8        -       0x00000200   Zero   RW            2    HEAP                startup_stm32f103xb.o
    0x200003d8        -       0x00000400   Zero   RW            1    STACK               startup_stm32f103xb.o


==============================================================================

Image component sizes


      Code (inc. data)   RO Data    RW Data    ZI Data      Debug   Object Name

       502          0          0          0          0     438913   hx711.o
      2458        204          0         38        316      15485   main.o
        64         26        236          0       1536        828   startup_stm32f103xb.o
       168         28          0         12          0       6033   stm32f1xx_hal.o
       198         14          0          0          0      29135   stm32f1xx_hal_cortex.o
       842         38          0          0          0       5158   stm32f1xx_hal_dma.o
       564         38          0          0          0       4767   stm32f1xx_hal_gpio.o
       408         16          0          0          0       2131   stm32f1xx_hal_i2c.o
       448         64          0          0          0       3677   stm32f1xx_hal_msp.o
        32          6          0          0          0        629   stm32f1xx_hal_pwr.o
      1468        106          0          0          0       6788   stm32f1xx_hal_rcc.o
      1478         52          0          0          0      13193   stm32f1xx_hal_tim.o
       188         14          0          0          0       2188   stm32f1xx_hal_tim_ex.o
      1784         24          0          0          0      14944   stm32f1xx_hal_uart.o
        46         12          0          0          0       4932   stm32f1xx_it.o
         2          0         24          4          0       1167   system_stm32f1xx.o

    ----------------------------------------------------------------------
     10674        642        294         56       1852     549968   Object Totals
         0          0         32          0          0          0   (incl. Generated)
        24          0          2          2          0          0   (incl. Padding)

    ----------------------------------------------------------------------

      Code (inc. data)   RO Data    RW Data    ZI Data      Debug   Library Member Name

         8          0          0          0          0         68   __main.o
         0          0          0          0          0          0   __rtentry.o
        12          0          0          0          0          0   __rtentry2.o
         6          0          0          0          0          0   __rtentry4.o
        52          8          0          0          0          0   __scatter.o
        26          0          0          0          0          0   __scatter_copy.o
        28          0          0          0          0          0   __scatter_zi.o
        18          0          0          0          0         80   exit.o
         6          0          0          0          0        152   heapauxi.o
         0          0          0          0          0          0   indicate_semi.o
         2          0          0          0          0          0   libinit.o
         2          0          0          0          0          0   libinit2.o
         2          0          0          0          0          0   libshutdown.o
         2          0          0          0          0          0   libshutdown2.o
         8          4          0          0         96         68   libspace.o
        72          0          0          0          0         76   llsdiv.o
       238          0          0          0          0        100   lludivv7m.o
        78          0          0          0          0         80   rt_memclr_w.o
         2          0          0          0          0          0   rtexit.o
        10          0          0          0          0          0   rtexit2.o
        62          0          0          0          0         76   strlen.o
        12          4          0          0          0         68   sys_exit.o
        74          0          0          0          0         80   sys_stackheap_outer.o
         2          0          0          0          0         68   use_no_semi.o
       430          8          0          0          0        168   faddsub_clz.o
       388         76          0          0          0         96   fdiv.o
        62          4          0          0          0         84   ffixu.o
        86          0          0          0          0        136   fflt_clz.o
       258          4          0          0          0         84   fmul.o
       140          4          0          0          0         84   fnaninf.o
        10          0          0          0          0         68   fretinf.o
         0          0          0          0          0          0   usenofp.o

    ----------------------------------------------------------------------
      2104        112          0          0        100       1636   Library Totals
         8          0          0          0          4          0   (incl. Padding)

    ----------------------------------------------------------------------

      Code (inc. data)   RO Data    RW Data    ZI Data      Debug   Library Name

       722         16          0          0         96        916   c_w.l
      1374         96          0          0          0        720   fz_ws.l

    ----------------------------------------------------------------------
      2104        112          0          0        100       1636   Library Totals

    ----------------------------------------------------------------------

==============================================================================


      Code (inc. data)   RO Data    RW Data    ZI Data      Debug   

     12778        754        294         56       1952     544840   Grand Totals
     12778        754        294         56       1952     544840   ELF Image Totals
     12778        754        294         56          0          0   ROM Totals

==============================================================================

    Total RO  Size (Code + RO Data)                13072 (  12.77kB)
    Total RW  Size (RW Data + ZI Data)              2008 (   1.96kB)
    Total ROM Size (Code + RO Data + RW Data)      13128 (  12.82kB)

==============================================================================

