<html>
<body>
<pre>
<h1>µVision Build Log</h1>
<h2>Tool Versions:</h2>
IDE-Version: µVision V5.27.1.0
Copyright (C) 2019 ARM Ltd and ARM Germany GmbH. All rights reserved.
License Information: MyName MyName, NoneCompany, LIC=LSNXV-PVXY8-127LE-577IF-VAYNE-2QDH4
 
Tool Versions:
Toolchain:       MDK-ARM Plus  Version: 5.31.0.0
Toolchain Path:  C:\Keil_v5\ARM\ARMCC\Bin
C Compiler:      Armcc.exe V5.06 update 6 (build 750)
Assembler:       Armasm.exe V5.06 update 6 (build 750)
Linker/Locator:  ArmLink.exe V5.06 update 6 (build 750)
Library Manager: ArmAr.exe V5.06 update 6 (build 750)
Hex Converter:   FromElf.exe V5.06 update 6 (build 750)
CPU DLL:         SARMCM3.DLL V5.31.0.0
Dialog DLL:      DCM.DLL V1.17.3.0
Target DLL:      STLink\ST-LINKIII-KEIL_SWO.dll V3.0.7.0
Dialog DLL:      TCM.DLL V1.46.0.0
 
<h2>Project:</h2>
E:\Ki2nam3\EmbeddedSystem\FinalSemesterProject\ShrimpFeedingMachine\MDK-ARM\ShrimpFeedingMachine.uvprojx
Project File Date:  05/03/2023

<h2>Output:</h2>
*** Using Compiler 'V5.06 update 6 (build 750)', folder: 'C:\Keil_v5\ARM\ARMCC\Bin'
Build target 'ShrimpFeedingMachine'
compiling main.c...
../Core/Src/main.c(110): warning:  #167-D: argument of type "volatile uint8_t *" is incompatible with parameter of type "uint8_t *"
  	HAL_UART_Receive_DMA(&huart1, rxBuffer, 5);
../Core/Src/main.c(209): warning:  #167-D: argument of type "uint8_t *" is incompatible with parameter of type "const char *"
  		while (HAL_UART_Transmit(&huart1, (uint8_t *)txBuffer, strlen((uint8_t*)txBuffer), HAL_MAX_DELAY) != HAL_OK);
../Core/Src/main.c(215): warning:  #167-D: argument of type "uint8_t *" is incompatible with parameter of type "const char *"
  		while (HAL_UART_Transmit(&huart1, (uint8_t *)txBuffer, strlen((uint8_t*)txBuffer), HAL_MAX_DELAY) != HAL_OK);
../Core/Src/main.c(241): warning:  #167-D: argument of type "uint8_t *" is incompatible with parameter of type "const char *"
  		while (HAL_UART_Transmit(&huart1, (uint8_t *)txBuffer, strlen((uint8_t*)txBuffer), HAL_MAX_DELAY) != HAL_OK);
../Core/Src/main.c(267): warning:  #167-D: argument of type "uint8_t *" is incompatible with parameter of type "const char *"
  		while (HAL_UART_Transmit(&huart1, (uint8_t *)txBuffer, strlen((uint8_t*)txBuffer), HAL_MAX_DELAY) != HAL_OK);
../Core/Src/main.c(278): warning:  #167-D: argument of type "uint8_t *" is incompatible with parameter of type "const char *"
  		while (HAL_UART_Transmit(&huart1, (uint8_t *)txBuffer, strlen((uint8_t*)txBuffer), HAL_MAX_DELAY) != HAL_OK);
../Core/Src/main.c(283): warning:  #167-D: argument of type "uint8_t *" is incompatible with parameter of type "const char *"
  		while (HAL_UART_Transmit(&huart1, (uint8_t *)txBuffer, strlen((uint8_t*)txBuffer), HAL_MAX_DELAY) != HAL_OK);
../Core/Src/main.c(334): warning:  #167-D: argument of type "uint8_t *" is incompatible with parameter of type "const char *"
  			while (HAL_UART_Transmit(&huart1, (uint8_t *)txBuffer, strlen((uint8_t*)txBuffer), HAL_MAX_DELAY) != HAL_OK); // truyen gia tri toc do dong co len esp32
../Core/Src/main.c(341): warning:  #167-D: argument of type "uint8_t *" is incompatible with parameter of type "const char *"
  		while (HAL_UART_Transmit(&huart1, (uint8_t *)txBuffer, strlen((uint8_t*)txBuffer), HAL_MAX_DELAY) != HAL_OK);
../Core/Src/main.c(393): warning:  #167-D: argument of type "uint8_t *" is incompatible with parameter of type "const char *"
  	while (HAL_UART_Transmit(&huart1, (uint8_t *)txBuffer, strlen((uint8_t*)txBuffer), HAL_MAX_DELAY) != HAL_OK);
../Core/Src/main.c(395): warning:  #167-D: argument of type "uint8_t *" is incompatible with parameter of type "const char *"
  	while (HAL_UART_Transmit(&huart1, (uint8_t *)txBuffer, strlen((uint8_t*)txBuffer), HAL_MAX_DELAY) != HAL_OK);
../Core/Src/main.c(397): warning:  #167-D: argument of type "uint8_t *" is incompatible with parameter of type "const char *"
  	while (HAL_UART_Transmit(&huart1, (uint8_t *)txBuffer, strlen((uint8_t*)txBuffer), HAL_MAX_DELAY) != HAL_OK);
../Core/Src/main.c(399): warning:  #167-D: argument of type "uint8_t *" is incompatible with parameter of type "const char *"
  	while (HAL_UART_Transmit(&huart1, (uint8_t *)txBuffer, strlen((uint8_t*)txBuffer), HAL_MAX_DELAY) != HAL_OK);
../Core/Src/main.c(401): warning:  #167-D: argument of type "uint8_t *" is incompatible with parameter of type "const char *"
  	while (HAL_UART_Transmit(&huart1, (uint8_t *)txBuffer, strlen((uint8_t*)txBuffer), HAL_MAX_DELAY) != HAL_OK);
../Core/Src/main.c(482): warning:  #167-D: argument of type "volatile uint8_t *" is incompatible with parameter of type "uint8_t *"
    HAL_UART_Receive_DMA(&huart1, rxBuffer, 5); 												 // Receive data from data buffer interrupt mode
../Core/Src/main.c: 15 warnings, 0 errors
linking...
Program Size: Code=12778 RO-data=294 RW-data=56 ZI-data=1952  
FromELF: creating hex file...
"ShrimpFeedingMachine\ShrimpFeedingMachine.axf" - 0 Error(s), 15 Warning(s).

<h2>Software Packages used:</h2>

Package Vendor: ARM
                http://www.keil.com/pack/ARM.CMSIS.5.7.0.pack
                ARM.CMSIS.5.7.0
                CMSIS (Cortex Microcontroller Software Interface Standard)
   * Component: CORE Version: 5.4.0

Package Vendor: Keil
                http://www.keil.com/pack/Keil.STM32F1xx_DFP.2.4.0.pack
                Keil.STM32F1xx_DFP.2.4.0
                STMicroelectronics STM32F1 Series Device Support, Drivers and Examples

<h2>Collection of Component include folders:</h2>
  .\RTE\_ShrimpFeedingMachine
  C:\Users\Admin\AppData\Local\Arm\Packs\ARM\CMSIS\5.7.0\CMSIS\Core\Include
  C:\Users\Admin\AppData\Local\Arm\Packs\Keil\STM32F1xx_DFP\2.4.0\Device\Include

<h2>Collection of Component Files used:</h2>

   * Component: ARM::CMSIS:CORE:5.4.0
      Include file:  CMSIS\Core\Include\tz_context.h
Build Time Elapsed:  00:00:02
</pre>
</body>
</html>
