Component: ARM Compiler 5.06 update 6 (build 750) Tool: armlink [4d35ed]

==============================================================================

Section Cross References

    startup_stm32f401xc.o(STACK) refers (Special) to heapauxi.o(.text) for __use_two_region_memory
    startup_stm32f401xc.o(HEAP) refers (Special) to heapauxi.o(.text) for __use_two_region_memory
    startup_stm32f401xc.o(RESET) refers (Special) to heapauxi.o(.text) for __use_two_region_memory
    startup_stm32f401xc.o(RESET) refers to startup_stm32f401xc.o(STACK) for __initial_sp
    startup_stm32f401xc.o(RESET) refers to startup_stm32f401xc.o(.text) for Reset_Handler
    startup_stm32f401xc.o(RESET) refers to stm32f4xx_it.o(i.NMI_Handler) for NMI_Handler
    startup_stm32f401xc.o(RESET) refers to stm32f4xx_it.o(i.HardFault_Handler) for HardFault_Handler
    startup_stm32f401xc.o(RESET) refers to stm32f4xx_it.o(i.MemManage_Handler) for MemManage_Handler
    startup_stm32f401xc.o(RESET) refers to stm32f4xx_it.o(i.BusFault_Handler) for BusFault_Handler
    startup_stm32f401xc.o(RESET) refers to stm32f4xx_it.o(i.UsageFault_Handler) for UsageFault_Handler
    startup_stm32f401xc.o(RESET) refers to stm32f4xx_it.o(i.SVC_Handler) for SVC_Handler
    startup_stm32f401xc.o(RESET) refers to stm32f4xx_it.o(i.DebugMon_Handler) for DebugMon_Handler
    startup_stm32f401xc.o(RESET) refers to stm32f4xx_it.o(i.PendSV_Handler) for PendSV_Handler
    startup_stm32f401xc.o(RESET) refers to stm32f4xx_it.o(i.SysTick_Handler) for SysTick_Handler
    startup_stm32f401xc.o(RESET) refers to stm32f4xx_it.o(i.TIM2_IRQHandler) for TIM2_IRQHandler
    startup_stm32f401xc.o(RESET) refers to stm32f4xx_it.o(i.EXTI15_10_IRQHandler) for EXTI15_10_IRQHandler
    startup_stm32f401xc.o(.text) refers (Special) to heapauxi.o(.text) for __use_two_region_memory
    startup_stm32f401xc.o(.text) refers to system_stm32f4xx.o(i.SystemInit) for SystemInit
    startup_stm32f401xc.o(.text) refers to __main.o(!!!main) for __main
    startup_stm32f401xc.o(.text) refers to startup_stm32f401xc.o(HEAP) for Heap_Mem
    startup_stm32f401xc.o(.text) refers to startup_stm32f401xc.o(STACK) for Stack_Mem
    nrf24l01.o(i.CE_Disable) refers to stm32f4xx_hal_gpio.o(i.HAL_GPIO_WritePin) for HAL_GPIO_WritePin
    nrf24l01.o(i.CE_Enable) refers to stm32f4xx_hal_gpio.o(i.HAL_GPIO_WritePin) for HAL_GPIO_WritePin
    nrf24l01.o(i.CS_Select) refers to stm32f4xx_hal_gpio.o(i.HAL_GPIO_WritePin) for HAL_GPIO_WritePin
    nrf24l01.o(i.CS_UnSelect) refers to stm32f4xx_hal_gpio.o(i.HAL_GPIO_WritePin) for HAL_GPIO_WritePin
    nrf24l01.o(i.NRF24_Init) refers to nrf24l01.o(i.CE_Disable) for CE_Disable
    nrf24l01.o(i.NRF24_Init) refers to nrf24l01.o(i.nrf24_reset) for nrf24_reset
    nrf24l01.o(i.NRF24_Init) refers to nrf24l01.o(i.nrf24_WriteRegister) for nrf24_WriteRegister
    nrf24l01.o(i.NRF24_Init) refers to nrf24l01.o(i.CE_Enable) for CE_Enable
    nrf24l01.o(i.NRF24_ReadAll) refers to nrf24l01.o(i.nrf24_ReadRegister) for nrf24_ReadRegister
    nrf24l01.o(i.NRF24_ReadAll) refers to nrf24l01.o(i.nrf24_ReadRegister_Multi) for nrf24_ReadRegister_Multi
    nrf24l01.o(i.NRF24_Receive) refers to nrf24l01.o(i.CS_Select) for CS_Select
    nrf24l01.o(i.NRF24_Receive) refers to stm32f4xx_hal_spi.o(i.HAL_SPI_Transmit) for HAL_SPI_Transmit
    nrf24l01.o(i.NRF24_Receive) refers to stm32f4xx_hal_spi.o(i.HAL_SPI_Receive) for HAL_SPI_Receive
    nrf24l01.o(i.NRF24_Receive) refers to nrf24l01.o(i.CS_UnSelect) for CS_UnSelect
    nrf24l01.o(i.NRF24_Receive) refers to stm32f4xx_hal.o(i.HAL_Delay) for HAL_Delay
    nrf24l01.o(i.NRF24_Receive) refers to nrf24l01.o(i.nrfsendCmd) for nrfsendCmd
    nrf24l01.o(i.NRF24_Receive) refers to main.o(.bss) for hspi1
    nrf24l01.o(i.NRF24_RxMode) refers to nrf24l01.o(i.CE_Disable) for CE_Disable
    nrf24l01.o(i.NRF24_RxMode) refers to nrf24l01.o(i.nrf24_reset) for nrf24_reset
    nrf24l01.o(i.NRF24_RxMode) refers to nrf24l01.o(i.nrf24_WriteRegister) for nrf24_WriteRegister
    nrf24l01.o(i.NRF24_RxMode) refers to nrf24l01.o(i.nrf24_ReadRegister) for nrf24_ReadRegister
    nrf24l01.o(i.NRF24_RxMode) refers to nrf24l01.o(i.nrf24_WriteRegisterMulti) for nrf24_WriteRegisterMulti
    nrf24l01.o(i.NRF24_RxMode) refers to nrf24l01.o(i.CE_Enable) for CE_Enable
    nrf24l01.o(i.NRF24_Transmit) refers to nrf24l01.o(i.CS_Select) for CS_Select
    nrf24l01.o(i.NRF24_Transmit) refers to stm32f4xx_hal_spi.o(i.HAL_SPI_Transmit) for HAL_SPI_Transmit
    nrf24l01.o(i.NRF24_Transmit) refers to nrf24l01.o(i.CS_UnSelect) for CS_UnSelect
    nrf24l01.o(i.NRF24_Transmit) refers to stm32f4xx_hal.o(i.HAL_Delay) for HAL_Delay
    nrf24l01.o(i.NRF24_Transmit) refers to nrf24l01.o(i.nrf24_ReadRegister) for nrf24_ReadRegister
    nrf24l01.o(i.NRF24_Transmit) refers to nrf24l01.o(i.nrfsendCmd) for nrfsendCmd
    nrf24l01.o(i.NRF24_Transmit) refers to nrf24l01.o(i.nrf24_reset) for nrf24_reset
    nrf24l01.o(i.NRF24_Transmit) refers to main.o(.bss) for hspi1
[...]
    ../clib/angel/kernel.s                   0x00000000   Number         0  __rtentry4.o ABSOLUTE
    ../clib/angel/kernel.s                   0x00000000   Number         0  __rtentry2.o ABSOLUTE
    ../clib/angel/kernel.s                   0x00000000   Number         0  __rtentry.o ABSOLUTE
    ../clib/angel/kernel.s                   0x00000000   Number         0  rtexit.o ABSOLUTE
    ../clib/angel/kernel.s                   0x00000000   Number         0  rtexit2.o ABSOLUTE
    ../clib/angel/rt.s                       0x00000000   Number         0  rt_div0.o ABSOLUTE
    ../clib/angel/rt.s                       0x00000000   Number         0  aeabi_ldiv0_sigfpe.o ABSOLUTE
    ../clib/angel/rt.s                       0x00000000   Number         0  aeabi_ldiv0.o ABSOLUTE
    ../clib/angel/rt.s                       0x00000000   Number         0  rt_raise.o ABSOLUTE
    ../clib/angel/scatter.s                  0x00000000   Number         0  __scatter.o ABSOLUTE
    ../clib/angel/startup.s                  0x00000000   Number         0  __main.o ABSOLUTE
    ../clib/angel/sys.s                      0x00000000   Number         0  indicate_semi.o ABSOLUTE
    ../clib/angel/sys.s                      0x00000000   Number         0  sys_stackheap_outer.o ABSOLUTE
    ../clib/angel/sys.s                      0x00000000   Number         0  use_no_semi.o ABSOLUTE
    ../clib/angel/sys.s                      0x00000000   Number         0  libspace.o ABSOLUTE
    ../clib/angel/sysapp.c                   0x00000000   Number         0  sys_wrch.o ABSOLUTE
    ../clib/angel/sysapp.c                   0x00000000   Number         0  sys_command.o ABSOLUTE
    ../clib/angel/sysapp.c                   0x00000000   Number         0  sys_exit.o ABSOLUTE
    ../clib/armsys.c                         0x00000000   Number         0  argv_veneer.o ABSOLUTE
    ../clib/armsys.c                         0x00000000   Number         0  argv_veneer.o ABSOLUTE
    ../clib/armsys.c                         0x00000000   Number         0  no_argv.o ABSOLUTE
    ../clib/armsys.c                         0x00000000   Number         0  _get_argv_nomalloc.o ABSOLUTE
    ../clib/heapalloc.c                      0x00000000   Number         0  hrguard.o ABSOLUTE
    ../clib/heapaux.c                        0x00000000   Number         0  heapauxi.o ABSOLUTE
    ../clib/libinit.s                        0x00000000   Number         0  libinit2.o ABSOLUTE
    ../clib/libinit.s                        0x00000000   Number         0  libshutdown.o ABSOLUTE
    ../clib/libinit.s                        0x00000000   Number         0  libinit.o ABSOLUTE
    ../clib/libinit.s                        0x00000000   Number         0  libshutdown2.o ABSOLUTE
    ../clib/longlong.s                       0x00000000   Number         0  lludivv7m.o ABSOLUTE
    ../clib/memcpset.s                       0x00000000   Number         0  rt_memclr_w.o ABSOLUTE
    ../clib/signal.c                         0x00000000   Number         0  defsig_fpe_outer.o ABSOLUTE
    ../clib/signal.c                         0x00000000   Number         0  defsig_other.o ABSOLUTE
    ../clib/signal.c                         0x00000000   Number         0  defsig_segv_inner.o ABSOLUTE
    ../clib/signal.c                         0x00000000   Number         0  defsig_cppl_inner.o ABSOLUTE
    ../clib/signal.c                         0x00000000   Number         0  defsig_pvfn_inner.o ABSOLUTE
    ../clib/signal.c                         0x00000000   Number         0  defsig_stak_inner.o ABSOLUTE
    ../clib/signal.c                         0x00000000   Number         0  defsig_rtmem_formal.o ABSOLUTE
    ../clib/signal.c                         0x00000000   Number         0  defsig_rtmem_outer.o ABSOLUTE
    ../clib/signal.c                         0x00000000   Number         0  defsig_rtmem_inner.o ABSOLUTE
    ../clib/signal.c                         0x00000000   Number         0  defsig_rtred_inner.o ABSOLUTE
    ../clib/signal.c                         0x00000000   Number         0  defsig_abrt_inner.o ABSOLUTE
    ../clib/signal.c                         0x00000000   Number         0  defsig_general.o ABSOLUTE
    ../clib/signal.c                         0x00000000   Number         0  __raise.o ABSOLUTE
    ../clib/signal.c                         0x00000000   Number         0  defsig_fpe_inner.o ABSOLUTE
    ../clib/signal.c                         0x00000000   Number         0  defsig_exit.o ABSOLUTE
    ../clib/signal.c                         0x00000000   Number         0  defsig_fpe_formal.o ABSOLUTE
    ../clib/signal.s                         0x00000000   Number         0  defsig.o ABSOLUTE
    ../clib/stdlib.c                         0x00000000   Number         0  exit.o ABSOLUTE
    ../fplib/daddsub.s                       0x00000000   Number         0  daddsub_clz.o ABSOLUTE
    ../fplib/dcmpi.s                         0x00000000   Number         0  dcmpi.o ABSOLUTE
    ../fplib/ddiv.s                          0x00000000   Number         0  ddiv.o ABSOLUTE
    ../fplib/dfixu.s                         0x00000000   Number         0  dfixu.o ABSOLUTE
    ../fplib/dflt.s                          0x00000000   Number         0  dflt_clz.o ABSOLUTE
    ../fplib/dleqf.s                         0x00000000   Number         0  dleqf.o ABSOLUTE
    ../fplib/dmul.s                          0x00000000   Number         0  dmul.o ABSOLUTE
    ../fplib/dnaninf.s                       0x00000000   Number         0  dnaninf.o ABSOLUTE
    ../fplib/dretinf.s                       0x00000000   Number         0  dretinf.o ABSOLUTE
    ../fplib/drleqf.s                        0x00000000   Number         0  drleqf.o ABSOLUTE
    ../fplib/fpinit.s                        0x00000000   Number         0  fpinit.o ABSOLUTE
    ../fplib/usenofp.s                       0x00000000   Number         0  usenofp.o ABSOLUTE
    ..\Core\Src\HC_SR04.c                    0x00000000   Number         0  hc_sr04.o ABSOLUTE
    ..\Core\Src\NRF24L01.c                   0x00000000   Number         0  nrf24l01.o ABSOLUTE
    ..\Core\Src\delayUs.c                    0x00000000   Number         0  delayus.o ABSOLUTE
    ..\Core\Src\main.c                       0x00000000   Number         0  main.o ABSOLUTE
    ..\Core\Src\stm32f4xx_hal_msp.c          0x00000000   Number         0  stm32f4xx_hal_msp.o ABSOLUTE
    ..\Core\Src\stm32f4xx_it.c               0x00000000   Number         0  stm32f4xx_it.o ABSOLUTE
    ..\Core\Src\system_stm32f4xx.c           0x00000000   Number         0  system_stm32f4xx.o ABSOLUTE
    ..\Drivers\STM32F4xx_HAL_Driver\Src\stm32f4xx_hal.c 0x00000000   Number         0  stm32f4xx_hal.o ABSOLUTE
    ..\Drivers\STM32F4xx_HAL_Driver\Src\stm32f4xx_hal_cortex.c 0x00000000   Number         0  stm32f4xx_hal_cortex.o ABSOLUTE
    ..\Drivers\STM32F4xx_HAL_Driver\Src\stm32f4xx_hal_dma.c 0x00000000   Number         0  stm32f4xx_hal_dma.o ABSOLUTE
    ..\Drivers\STM32F4xx_HAL_Driver\Src\stm32f4xx_hal_dma_ex.c 0x00000000   Number         0  stm32f4xx_hal_dma_ex.o ABSOLUTE
    ..\Drivers\STM32F4xx_HAL_Driver\Src\stm32f4xx_hal_exti.c 0x00000000   Number         0  stm32f4xx_hal_exti.o ABSOLUTE
    ..\Drivers\STM32F4xx_HAL_Driver\Src\stm32f4xx_hal_flash.c 0x00000000   Number         0  stm32f4xx_hal_flash.o ABSOLUTE
    ..\Drivers\STM32F4xx_HAL_Driver\Src\stm32f4xx_hal_flash_ex.c 0x00000000   Number         0  stm32f4xx_hal_flash_ex.o ABSOLUTE
    ..\Drivers\STM32F4xx_HAL_Driver\Src\stm32f4xx_hal_flash_ramfunc.c 0x00000000   Number         0  stm32f4xx_hal_flash_ramfunc.o ABSOLUTE
    ..\Drivers\STM32F4xx_HAL_Driver\Src\stm32f4xx_hal_gpio.c 0x00000000   Number         0  stm32f4xx_hal_gpio.o ABSOLUTE
    ..\Drivers\STM32F4xx_HAL_Driver\Src\stm32f4xx_hal_pwr.c 0x00000000   Number         0  stm32f4xx_hal_pwr.o ABSOLUTE
    ..\Drivers\STM32F4xx_HAL_Driver\Src\stm32f4xx_hal_pwr_ex.c 0x00000000   Number         0  stm32f4xx_hal_pwr_ex.o ABSOLUTE
    ..\Drivers\STM32F4xx_HAL_Driver\Src\stm32f4xx_hal_rcc.c 0x00000000   Number         0  stm32f4xx_hal_rcc.o ABSOLUTE
    ..\Drivers\STM32F4xx_HAL_Driver\Src\stm32f4xx_hal_rcc_ex.c 0x00000000   Number         0  stm32f4xx_hal_rcc_ex.o ABSOLUTE
    ..\Drivers\STM32F4xx_HAL_Driver\Src\stm32f4xx_hal_spi.c 0x00000000   Number         0  stm32f4xx_hal_spi.o ABSOLUTE
    ..\Drivers\STM32F4xx_HAL_Driver\Src\stm32f4xx_hal_tim.c 0x00000000   Number         0  stm32f4xx_hal_tim.o ABSOLUTE
    ..\Drivers\STM32F4xx_HAL_Driver\Src\stm32f4xx_hal_tim_ex.c 0x00000000   Number         0  stm32f4xx_hal_tim_ex.o ABSOLUTE
    ..\\Core\\Src\\HC_SR04.c                 0x00000000   Number         0  hc_sr04.o ABSOLUTE
    ..\\Core\\Src\\NRF24L01.c                0x00000000   Number         0  nrf24l01.o ABSOLUTE
    ..\\Core\\Src\\delayUs.c                 0x00000000   Number         0  delayus.o ABSOLUTE
    dc.s                                     0x00000000   Number         0  dc.o ABSOLUTE
    startup_stm32f401xc.s                    0x00000000   Number         0  startup_stm32f401xc.o ABSOLUTE
    RESET                                    0x08000000   Section      404  startup_stm32f401xc.o(RESET)
    !!!main                                  0x08000194   Section        8  __main.o(!!!main)
    !!!scatter                               0x0800019c   Section       52  __scatter.o(!!!scatter)
    !!handler_copy                           0x080001d0   Section       26  __scatter_copy.o(!!handler_copy)
    !!handler_zi                             0x080001ec   Section       28  __scatter_zi.o(!!handler_zi)
    .ARM.Collect$$libinit$$00000000          0x08000208   Section        2  libinit.o(.ARM.Collect$$libinit$$00000000)
    .ARM.Collect$$libinit$$00000001          0x0800020a   Section        4  libinit2.o(.ARM.Collect$$libinit$$00000001)
    .ARM.Collect$$libinit$$00000004          0x0800020e   Section        0  libinit2.o(.ARM.Collect$$libinit$$00000004)
    .ARM.Collect$$libinit$$0000000A          0x0800020e   Section        0  libinit2.o(.ARM.Collect$$libinit$$0000000A)
    .ARM.Collect$$libinit$$0000000C          0x0800020e   Section        0  libinit2.o(.ARM.Collect$$libinit$$0000000C)
    .ARM.Collect$$libinit$$0000000E          0x0800020e   Section        0  libinit2.o(.ARM.Collect$$libinit$$0000000E)
    .ARM.Collect$$libinit$$00000011          0x0800020e   Section        0  libinit2.o(.ARM.Collect$$libinit$$00000011)
    .ARM.Collect$$libinit$$00000013          0x0800020e   Section        0  libinit2.o(.ARM.Collect$$libinit$$00000013)
    .ARM.Collect$$libinit$$00000015          0x0800020e   Section        0  libinit2.o(.ARM.Collect$$libinit$$00000015)
    .ARM.Collect$$libinit$$00000017          0x0800020e   Section        0  libinit2.o(.ARM.Collect$$libinit$$00000017)
    .ARM.Collect$$libinit$$00000019          0x0800020e   Section        0  libinit2.o(.ARM.Collect$$libinit$$00000019)
    .ARM.Collect$$libinit$$0000001B          0x0800020e   Section        0  libinit2.o(.ARM.Collect$$libinit$$0000001B)
    .ARM.Collect$$libinit$$0000001D          0x0800020e   Section        0  libinit2.o(.ARM.Collect$$libinit$$0000001D)
    .ARM.Collect$$libinit$$0000001F          0x0800020e   Section        0  libinit2.o(.ARM.Collect$$libinit$$0000001F)
    .ARM.Collect$$libinit$$00000021          0x0800020e   Section        0  libinit2.o(.ARM.Collect$$libinit$$00000021)
    .ARM.Collect$$libinit$$00000023          0x0800020e   Section        0  libinit2.o(.ARM.Collect$$libinit$$00000023)
    .ARM.Collect$$libinit$$00000025          0x0800020e   Section        0  libinit2.o(.ARM.Collect$$libinit$$00000025)
    .ARM.Collect$$libinit$$0000002C          0x0800020e   Section        0  libinit2.o(.ARM.Collect$$libinit$$0000002C)
    .ARM.Collect$$libinit$$0000002E          0x0800020e   Section        0  libinit2.o(.ARM.Collect$$libinit$$0000002E)
    .ARM.Collect$$libinit$$00000030          0x0800020e   Section        0  libinit2.o(.ARM.Collect$$libinit$$00000030)
    .ARM.Collect$$libinit$$00000032          0x0800020e   Section        0  libinit2.o(.ARM.Collect$$libinit$$00000032)
    .ARM.Collect$$libinit$$00000033          0x0800020e   Section        2  libinit2.o(.ARM.Collect$$libinit$$00000033)
    .ARM.Collect$$libshutdown$$00000000      0x08000210   Section        2  libshutdown.o(.ARM.Collect$$libshutdown$$00000000)
    .ARM.Collect$$libshutdown$$00000002      0x08000212   Section        0  libshutdown2.o(.ARM.Collect$$libshutdown$$00000002)
    .ARM.Collect$$libshutdown$$00000004      0x08000212   Section        0  libshutdown2.o(.ARM.Collect$$libshutdown$$00000004)
    .ARM.Collect$$libshutdown$$00000007      0x08000212   Section        0  libshutdown2.o(.ARM.Collect$$libshutdown$$00000007)
    .ARM.Collect$$libshutdown$$0000000A      0x08000212   Section        0  libshutdown2.o(.ARM.Collect$$libshutdown$$0000000A)
    .ARM.Collect$$libshutdown$$0000000C      0x08000212   Section        0  libshutdown2.o(.ARM.Collect$$libshutdown$$0000000C)
    .ARM.Collect$$libshutdown$$0000000F      0x08000212   Section        0  libshutdown2.o(.ARM.Collect$$libshutdown$$0000000F)
    .ARM.Collect$$libshutdown$$00000010      0x08000212   Section        2  libshutdown2.o(.ARM.Collect$$libshutdown$$00000010)
    .ARM.Collect$$rtentry$$00000000          0x08000214   Section        0  __rtentry.o(.ARM.Collect$$rtentry$$00000000)
    .ARM.Collect$$rtentry$$00000002          0x08000214   Section        0  __rtentry2.o(.ARM.Collect$$rtentry$$00000002)
    .ARM.Collect$$rtentry$$00000004          0x08000214   Section        6  __rtentry4.o(.ARM.Collect$$rtentry$$00000004)
    .ARM.Collect$$rtentry$$00000009          0x0800021a   Section        0  __rtentry2.o(.ARM.Collect$$rtentry$$00000009)
    .ARM.Collect$$rtentry$$0000000A          0x0800021a   Section        4  __rtentry2.o(.ARM.Collect$$rtentry$$0000000A)
    .ARM.Collect$$rtentry$$0000000C          0x0800021e   Section        0  __rtentry2.o(.ARM.Collect$$rtentry$$0000000C)
    .ARM.Collect$$rtentry$$0000000D          0x0800021e   Section        8  __rtentry2.o(.ARM.Collect$$rtentry$$0000000D)
    .ARM.Collect$$rtexit$$00000000           0x08000226   Section        2  rtexit.o(.ARM.Collect$$rtexit$$00000000)
    .ARM.Collect$$rtexit$$00000002           0x08000228   Section        0  rtexit2.o(.ARM.Collect$$rtexit$$00000002)
    .ARM.Collect$$rtexit$$00000003           0x08000228   Section        4  rtexit2.o(.ARM.Collect$$rtexit$$00000003)
    .ARM.Collect$$rtexit$$00000004           0x0800022c   Section        6  rtexit2.o(.ARM.Collect$$rtexit$$00000004)
    .text                                    0x08000234   Section       64  startup_stm32f401xc.o(.text)
    $v0                                      0x08000234   Number         0  startup_stm32f401xc.o(.text)
    .text                                    0x08000274   Section      238  lludivv7m.o(.text)
    .text                                    0x08000362   Section       78  rt_memclr_w.o(.text)
    .text                                    0x080003b0   Section        0  heapauxi.o(.text)
    .text                                    0x080003b6   Section       74  sys_stackheap_outer.o(.text)
    .text                                    0x08000400   Section        0  exit.o(.text)
    .text                                    0x08000414   Section        8  libspace.o(.text)
    .text                                    0x0800041c   Section        0  sys_exit.o(.text)
    .text                                    0x08000428   Section        2  use_no_semi.o(.text)
    .text                                    0x0800042a   Section        0  indicate_semi.o(.text)
    i.BusFault_Handler                       0x0800042a   Section        0  stm32f4xx_it.o(i.BusFault_Handler)
    i.CE_Disable                             0x0800042c   Section        0  nrf24l01.o(i.CE_Disable)
    i.CE_Enable                              0x0800043c   Section        0  nrf24l01.o(i.CE_Enable)
    i.CS_Select                              0x0800044c   Section        0  nrf24l01.o(i.CS_Select)
    i.CS_UnSelect                            0x0800045c   Section        0  nrf24l01.o(i.CS_UnSelect)
    i.ClearDataPackage                       0x0800046c   Section        0  main.o(i.ClearDataPackage)
    i.ConvertStringToIntData                 0x0800047c   Section        0  main.o(i.ConvertStringToIntData)
    i.DebugMon_Handler                       0x080004b0   Section        0  stm32f4xx_it.o(i.DebugMon_Handler)
    i.EXTI15_10_IRQHandler                   0x080004b2   Section        0  stm32f4xx_it.o(i.EXTI15_10_IRQHandler)
    i.HAL_Delay                              0x080004c8   Section        0  stm32f4xx_hal.o(i.HAL_Delay)
    i.HAL_GPIO_EXTI_Callback                 0x080004ec   Section        0  main.o(i.HAL_GPIO_EXTI_Callback)
    i.HAL_GPIO_EXTI_IRQHandler               0x08000510   Section        0  stm32f4xx_hal_gpio.o(i.HAL_GPIO_EXTI_IRQHandler)
    i.HAL_GPIO_Init                          0x08000528   Section        0  stm32f4xx_hal_gpio.o(i.HAL_GPIO_Init)
    i.HAL_GPIO_WritePin                      0x08000708   Section        0  stm32f4xx_hal_gpio.o(i.HAL_GPIO_WritePin)
    i.HAL_GetTick                            0x08000714   Section        0  stm32f4xx_hal.o(i.HAL_GetTick)
    i.HAL_IncTick                            0x08000720   Section        0  stm32f4xx_hal.o(i.HAL_IncTick)
    i.HAL_Init                               0x08000730   Section        0  stm32f4xx_hal.o(i.HAL_Init)
    i.HAL_InitTick                           0x08000764   Section        0  stm32f4xx_hal.o(i.HAL_InitTick)
    i.HAL_MspInit                            0x080007a4   Section        0  stm32f4xx_hal_msp.o(i.HAL_MspInit)
    i.HAL_NVIC_EnableIRQ                     0x080007d4   Section        0  stm32f4xx_hal_cortex.o(i.HAL_NVIC_EnableIRQ)
    i.HAL_NVIC_SetPriority                   0x080007f0   Section        0  stm32f4xx_hal_cortex.o(i.HAL_NVIC_SetPriority)
    i.HAL_NVIC_SetPriorityGrouping           0x08000830   Section        0  stm32f4xx_hal_cortex.o(i.HAL_NVIC_SetPriorityGrouping)
    i.HAL_RCC_ClockConfig                    0x08000854   Section        0  stm32f4xx_hal_rcc.o(i.HAL_RCC_ClockConfig)
    i.HAL_RCC_GetSysClockFreq                0x08000988   Section        0  stm32f4xx_hal_rcc.o(i.HAL_RCC_GetSysClockFreq)
    i.HAL_RCC_OscConfig                      0x080009ec   Section        0  stm32f4xx_hal_rcc.o(i.HAL_RCC_OscConfig)
    i.HAL_SPI_Init                           0x08000d58   Section        0  stm32f4xx_hal_spi.o(i.HAL_SPI_Init)
    i.HAL_SPI_MspInit                        0x08000e14   Section        0  stm32f4xx_hal_msp.o(i.HAL_SPI_MspInit)
    i.HAL_SPI_Receive                        0x08000e7c   Section        0  stm32f4xx_hal_spi.o(i.HAL_SPI_Receive)
    i.HAL_SPI_Transmit                       0x08000fd6   Section        0  stm32f4xx_hal_spi.o(i.HAL_SPI_Transmit)
    i.HAL_SPI_TransmitReceive                0x0800113c   Section        0  stm32f4xx_hal_spi.o(i.HAL_SPI_TransmitReceive)
    i.HAL_SYSTICK_Config                     0x0800131e   Section        0  stm32f4xx_hal_cortex.o(i.HAL_SYSTICK_Config)
    i.HAL_TIMEx_BreakCallback                0x08001346   Section        0  stm32f4xx_hal_tim_ex.o(i.HAL_TIMEx_BreakCallback)
    i.HAL_TIMEx_CommutCallback               0x08001348   Section        0  stm32f4xx_hal_tim_ex.o(i.HAL_TIMEx_CommutCallback)
    i.HAL_TIMEx_ConfigBreakDeadTime          0x0800134a   Section        0  stm32f4xx_hal_tim_ex.o(i.HAL_TIMEx_ConfigBreakDeadTime)
    i.HAL_TIMEx_MasterConfigSynchronization  0x080013a0   Section        0  stm32f4xx_hal_tim_ex.o(i.HAL_TIMEx_MasterConfigSynchronization)
    i.HAL_TIM_Base_Init                      0x0800141c   Section        0  stm32f4xx_hal_tim.o(i.HAL_TIM_Base_Init)
    i.HAL_TIM_Base_MspInit                   0x08001478   Section        0  stm32f4xx_hal_msp.o(i.HAL_TIM_Base_MspInit)
    i.HAL_TIM_ConfigClockSource              0x08001524   Section        0  stm32f4xx_hal_tim.o(i.HAL_TIM_ConfigClockSource)
    i.HAL_TIM_IC_CaptureCallback             0x08001600   Section        0  hc_sr04.o(i.HAL_TIM_IC_CaptureCallback)
    i.HAL_TIM_IC_ConfigChannel               0x080016bc   Section        0  stm32f4xx_hal_tim.o(i.HAL_TIM_IC_ConfigChannel)
    i.HAL_TIM_IC_Init                        0x080017da   Section        0  stm32f4xx_hal_tim.o(i.HAL_TIM_IC_Init)
    i.HAL_TIM_IC_MspInit                     0x08001834   Section        0  stm32f4xx_hal_tim.o(i.HAL_TIM_IC_MspInit)
    i.HAL_TIM_IC_Start_IT                    0x08001838   Section        0  stm32f4xx_hal_tim.o(i.HAL_TIM_IC_Start_IT)
    i.HAL_TIM_IRQHandler                     0x08001930   Section        0  stm32f4xx_hal_tim.o(i.HAL_TIM_IRQHandler)
    i.HAL_TIM_MspPostInit                    0x08001a98   Section        0  stm32f4xx_hal_msp.o(i.HAL_TIM_MspPostInit)
    i.HAL_TIM_OC_DelayElapsedCallback        0x08001b1c   Section        0  stm32f4xx_hal_tim.o(i.HAL_TIM_OC_DelayElapsedCallback)
    i.HAL_TIM_PWM_ConfigChannel              0x08001b1e   Section        0  stm32f4xx_hal_tim.o(i.HAL_TIM_PWM_ConfigChannel)
    i.HAL_TIM_PWM_Init                       0x08001bea   Section        0  stm32f4xx_hal_tim.o(i.HAL_TIM_PWM_Init)
    i.HAL_TIM_PWM_MspInit                    0x08001c44   Section        0  stm32f4xx_hal_tim.o(i.HAL_TIM_PWM_MspInit)
    i.HAL_TIM_PWM_PulseFinishedCallback      0x08001c46   Section        0  stm32f4xx_hal_tim.o(i.HAL_TIM_PWM_PulseFinishedCallback)
    i.HAL_TIM_PWM_Start                      0x08001c48   Section        0  stm32f4xx_hal_tim.o(i.HAL_TIM_PWM_Start)
    i.HAL_TIM_PWM_Stop                       0x08001cf8   Section        0  stm32f4xx_hal_tim.o(i.HAL_TIM_PWM_Stop)
    i.HAL_TIM_PeriodElapsedCallback          0x08001d68   Section        0  stm32f4xx_hal_tim.o(i.HAL_TIM_PeriodElapsedCallback)
    i.HAL_TIM_ReadCapturedValue              0x08001d6a   Section        0  stm32f4xx_hal_tim.o(i.HAL_TIM_ReadCapturedValue)
    i.HAL_TIM_TriggerCallback                0x08001d94   Section        0  stm32f4xx_hal_tim.o(i.HAL_TIM_TriggerCallback)
    i.HCSR04_Read                            0x08001d98   Section        0  hc_sr04.o(i.HCSR04_Read)
    i.HardFault_Handler                      0x08001dd0   Section        0  stm32f4xx_it.o(i.HardFault_Handler)
    i.MX_GPIO_Init                           0x08001dd4   Section        0  main.o(i.MX_GPIO_Init)
    MX_GPIO_Init                             0x08001dd5   Thumb Code   202  main.o(i.MX_GPIO_Init)
    i.MX_SPI1_Init                           0x08001eb0   Section        0  main.o(i.MX_SPI1_Init)
    MX_SPI1_Init                             0x08001eb1   Thumb Code    56  main.o(i.MX_SPI1_Init)
    i.MX_TIM1_Init                           0x08001ef0   Section        0  main.o(i.MX_TIM1_Init)
    MX_TIM1_Init                             0x08001ef1   Thumb Code   212  main.o(i.MX_TIM1_Init)
    i.MX_TIM2_Init                           0x08001fcc   Section        0  main.o(i.MX_TIM2_Init)
    MX_TIM2_Init                             0x08001fcd   Thumb Code   140  main.o(i.MX_TIM2_Init)
    i.MX_TIM3_Init                           0x0800205c   Section        0  main.o(i.MX_TIM3_Init)
    MX_TIM3_Init                             0x0800205d   Thumb Code   148  main.o(i.MX_TIM3_Init)
    i.MainLoop                               0x080020f8   Section        0  main.o(i.MainLoop)
    i.MappingValue                           0x08002120   Section        0  main.o(i.MappingValue)
    i.MemManage_Handler                      0x08002148   Section        0  stm32f4xx_it.o(i.MemManage_Handler)
    i.Mode0                                  0x0800214c   Section        0  main.o(i.Mode0)
    i.Mode1                                  0x08002194   Section        0  main.o(i.Mode1)
    i.MoveBack                               0x08002284   Section        0  main.o(i.MoveBack)
    i.MoveUp                                 0x080022f0   Section        0  main.o(i.MoveUp)
    i.NMI_Handler                            0x08002404   Section        0  stm32f4xx_it.o(i.NMI_Handler)
    i.NRF24_Init                             0x08002406   Section        0  nrf24l01.o(i.NRF24_Init)
    i.NRF24_Receive                          0x08002454   Section        0  nrf24l01.o(i.NRF24_Receive)
    i.NRF24_RxMode                           0x0800249c   Section        0  nrf24l01.o(i.NRF24_RxMode)
    i.PID                                    0x080024f0   Section        0  main.o(i.PID)
    i.PendSV_Handler                         0x08002724   Section        0  stm32f4xx_it.o(i.PendSV_Handler)
    i.ProcessReceivedValue                   0x08002728   Section        0  main.o(i.ProcessReceivedValue)
    i.ResetDirection                         0x0800279c   Section        0  main.o(i.ResetDirection)
    i.RotateAngle                            0x080027b0   Section        0  main.o(i.RotateAngle)
    i.SPI_EndRxTransaction                   0x080027cc   Section        0  stm32f4xx_hal_spi.o(i.SPI_EndRxTransaction)
    SPI_EndRxTransaction                     0x080027cd   Thumb Code    92  stm32f4xx_hal_spi.o(i.SPI_EndRxTransaction)
    i.SPI_EndRxTxTransaction                 0x08002828   Section        0  stm32f4xx_hal_spi.o(i.SPI_EndRxTxTransaction)
    SPI_EndRxTxTransaction                   0x08002829   Thumb Code    80  stm32f4xx_hal_spi.o(i.SPI_EndRxTxTransaction)
    i.SPI_WaitFlagStateUntilTimeout          0x08002880   Section        0  stm32f4xx_hal_spi.o(i.SPI_WaitFlagStateUntilTimeout)
    SPI_WaitFlagStateUntilTimeout            0x08002881   Thumb Code   180  stm32f4xx_hal_spi.o(i.SPI_WaitFlagStateUntilTimeout)
    i.SVC_Handler                            0x08002938   Section        0  stm32f4xx_it.o(i.SVC_Handler)
    i.SetUpPID                               0x0800293c   Section        0  main.o(i.SetUpPID)
    i.StopMove                               0x08002998   Section        0  main.o(i.StopMove)
    i.SysTick_Handler                        0x080029e8   Section        0  stm32f4xx_it.o(i.SysTick_Handler)
    i.SystemClock_Config                     0x080029ec   Section        0  main.o(i.SystemClock_Config)
    i.SystemInit                             0x08002a70   Section        0  system_stm32f4xx.o(i.SystemInit)
    i.TIM2_IRQHandler                        0x08002a80   Section        0  stm32f4xx_it.o(i.TIM2_IRQHandler)
    i.TIM_Base_SetConfig                     0x08002a8c   Section        0  stm32f4xx_hal_tim.o(i.TIM_Base_SetConfig)
    i.TIM_CCxChannelCmd                      0x08002b24   Section        0  stm32f4xx_hal_tim.o(i.TIM_CCxChannelCmd)
    i.TIM_ETR_SetConfig                      0x08002b3e   Section        0  stm32f4xx_hal_tim.o(i.TIM_ETR_SetConfig)
    i.TIM_ITRx_SetConfig                     0x08002b52   Section        0  stm32f4xx_hal_tim.o(i.TIM_ITRx_SetConfig)
    TIM_ITRx_SetConfig                       0x08002b53   Thumb Code    16  stm32f4xx_hal_tim.o(i.TIM_ITRx_SetConfig)
    i.TIM_OC1_SetConfig                      0x08002b64   Section        0  stm32f4xx_hal_tim.o(i.TIM_OC1_SetConfig)
    TIM_OC1_SetConfig                        0x08002b65   Thumb Code    74  stm32f4xx_hal_tim.o(i.TIM_OC1_SetConfig)
    i.TIM_OC2_SetConfig                      0x08002bb4   Section        0  stm32f4xx_hal_tim.o(i.TIM_OC2_SetConfig)
    i.TIM_OC3_SetConfig                      0x08002c0c   Section        0  stm32f4xx_hal_tim.o(i.TIM_OC3_SetConfig)
    TIM_OC3_SetConfig                        0x08002c0d   Thumb Code    82  stm32f4xx_hal_tim.o(i.TIM_OC3_SetConfig)
    i.TIM_OC4_SetConfig                      0x08002c64   Section        0  stm32f4xx_hal_tim.o(i.TIM_OC4_SetConfig)
    TIM_OC4_SetConfig                        0x08002c65   Thumb Code    64  stm32f4xx_hal_tim.o(i.TIM_OC4_SetConfig)
    i.TIM_TI1_ConfigInputStage               0x08002ca8   Section        0  stm32f4xx_hal_tim.o(i.TIM_TI1_ConfigInputStage)
    TIM_TI1_ConfigInputStage                 0x08002ca9   Thumb Code    34  stm32f4xx_hal_tim.o(i.TIM_TI1_ConfigInputStage)
    i.TIM_TI1_SetConfig                      0x08002ccc   Section        0  stm32f4xx_hal_tim.o(i.TIM_TI1_SetConfig)
    i.TIM_TI2_ConfigInputStage               0x08002d38   Section        0  stm32f4xx_hal_tim.o(i.TIM_TI2_ConfigInputStage)
    TIM_TI2_ConfigInputStage                 0x08002d39   Thumb Code    36  stm32f4xx_hal_tim.o(i.TIM_TI2_ConfigInputStage)
    i.TIM_TI2_SetConfig                      0x08002d5c   Section        0  stm32f4xx_hal_tim.o(i.TIM_TI2_SetConfig)
    TIM_TI2_SetConfig                        0x08002d5d   Thumb Code    54  stm32f4xx_hal_tim.o(i.TIM_TI2_SetConfig)
    i.TurnLeft                               0x08002d94   Section        0  main.o(i.TurnLeft)
    i.TurnRight                              0x08002e00   Section        0  main.o(i.TurnRight)
    i.UsageFault_Handler                     0x08002e6c   Section        0  stm32f4xx_it.o(i.UsageFault_Handler)
    i.__NVIC_SetPriority                     0x08002e6e   Section        0  stm32f4xx_hal_cortex.o(i.__NVIC_SetPriority)
    __NVIC_SetPriority                       0x08002e6f   Thumb Code    32  stm32f4xx_hal_cortex.o(i.__NVIC_SetPriority)
    i.delayUs                                0x08002e8e   Section        0  delayus.o(i.delayUs)
    i.isDataAvailable                        0x08002e9e   Section        0  nrf24l01.o(i.isDataAvailable)
    i.main                                   0x08002ec4   Section        0  main.o(i.main)
    i.nrf24_ReadRegister                     0x08002f20   Section        0  nrf24l01.o(i.nrf24_ReadRegister)
    i.nrf24_WriteRegister                    0x08002f54   Section        0  nrf24l01.o(i.nrf24_WriteRegister)
    i.nrf24_WriteRegisterMulti               0x08002f80   Section        0  nrf24l01.o(i.nrf24_WriteRegisterMulti)
    i.nrf24_reset                            0x08002fb8   Section        0  nrf24l01.o(i.nrf24_reset)
    i.nrfsendCmd                             0x080030e4   Section        0  nrf24l01.o(i.nrfsendCmd)
    x$fpl$dadd                               0x08003100   Section      336  daddsub_clz.o(x$fpl$dadd)
    $v0                                      0x08003100   Number         0  daddsub_clz.o(x$fpl$dadd)
    _dadd1                                   0x08003111   Thumb Code     0  daddsub_clz.o(x$fpl$dadd)
    x$fpl$dcmpinf                            0x08003250   Section       24  dcmpi.o(x$fpl$dcmpinf)
    $v0                                      0x08003250   Number         0  dcmpi.o(x$fpl$dcmpinf)
    x$fpl$ddiv                               0x08003268   Section      688  ddiv.o(x$fpl$ddiv)
    $v0                                      0x08003268   Number         0  ddiv.o(x$fpl$ddiv)
    ddiv_entry                               0x0800326f   Thumb Code     0  ddiv.o(x$fpl$ddiv)
    x$fpl$dfixu                              0x08003518   Section       90  dfixu.o(x$fpl$dfixu)
    $v0                                      0x08003518   Number         0  dfixu.o(x$fpl$dfixu)
    x$fpl$dfltu                              0x08003572   Section       38  dflt_clz.o(x$fpl$dfltu)
    $v0                                      0x08003572   Number         0  dflt_clz.o(x$fpl$dfltu)
    x$fpl$dleqf                              0x08003598   Section      120  dleqf.o(x$fpl$dleqf)
    $v0                                      0x08003598   Number         0  dleqf.o(x$fpl$dleqf)
    x$fpl$dmul                               0x08003610   Section      340  dmul.o(x$fpl$dmul)
    $v0                                      0x08003610   Number         0  dmul.o(x$fpl$dmul)
    x$fpl$dnaninf                            0x08003764   Section      156  dnaninf.o(x$fpl$dnaninf)
    $v0                                      0x08003764   Number         0  dnaninf.o(x$fpl$dnaninf)
    x$fpl$dretinf                            0x08003800   Section       12  dretinf.o(x$fpl$dretinf)
    $v0                                      0x08003800   Number         0  dretinf.o(x$fpl$dretinf)
    x$fpl$drleqf                             0x0800380c   Section      108  drleqf.o(x$fpl$drleqf)
    $v0                                      0x0800380c   Number         0  drleqf.o(x$fpl$drleqf)
    x$fpl$dsub                               0x08003878   Section      468  daddsub_clz.o(x$fpl$dsub)
    $v0                                      0x08003878   Number         0  daddsub_clz.o(x$fpl$dsub)
    _dsub1                                   0x08003889   Thumb Code     0  daddsub_clz.o(x$fpl$dsub)
    x$fpl$fpinit                             0x08003a4c   Section       10  fpinit.o(x$fpl$fpinit)
    $v0                                      0x08003a4c   Number         0  fpinit.o(x$fpl$fpinit)
    .constdata                               0x08003a56   Section       16  system_stm32f4xx.o(.constdata)
    x$fpl$usenofp                            0x08003a56   Section        0  usenofp.o(x$fpl$usenofp)
    .data                                    0x20000000   Section       40  main.o(.data)
    .data                                    0x20000028   Section       16  hc_sr04.o(.data)
    .data                                    0x20000038   Section       12  stm32f4xx_hal.o(.data)
    .data                                    0x20000044   Section        4  system_stm32f4xx.o(.data)
    .bss                                     0x20000048   Section      560  main.o(.bss)
    .bss                                     0x20000278   Section       96  libspace.o(.bss)
    HEAP                                     0x200002d8   Section      512  startup_stm32f401xc.o(HEAP)
    Heap_Mem                                 0x200002d8   Data         512  startup_stm32f401xc.o(HEAP)
    STACK                                    0x200004d8   Section     1024  startup_stm32f401xc.o(STACK)
    Stack_Mem                                0x200004d8   Data        1024  startup_stm32f401xc.o(STACK)
    __initial_sp                             0x200008d8   Data           0  startup_stm32f401xc.o(STACK)

    Global Symbols

    Symbol Name                              Value     Ov Type        Size  Object(Section)

    BuildAttributes$$THM_ISAv4$E$P$D$K$B$S$7EM$VFPi3$EXTD16$VFPS$VFMA$PE$A:L22UL41UL21$X:L11$S22US41US21$IEEE1$IW$USESV6$~STKCKD$USESV7$~SHL$OSPACE$ROPI$EBA8$UX$STANDARDLIB$REQ8$PRES8$EABIv2 0x00000000   Number         0  anon$$obj.o ABSOLUTE
    __ARM_use_no_argv                        0x00000000   Number         0  main.o ABSOLUTE
    __ARM_exceptions_init                     - Undefined Weak Reference
    __alloca_initialize                       - Undefined Weak Reference
    __arm_preinit_                            - Undefined Weak Reference
    __cpp_initialize__aeabi_                  - Undefined Weak Reference
    __cxa_finalize                            - Undefined Weak Reference
    __rt_locale                               - Undefined Weak Reference
    __sigvec_lookup                           - Undefined Weak Reference
    _atexit_init                              - Undefined Weak Reference
    _call_atexit_fns                          - Undefined Weak Reference
    _clock_init                               - Undefined Weak Reference
    _fp_trap_init                             - Undefined Weak Reference
    _fp_trap_shutdown                         - Undefined Weak Reference
    _get_lc_collate                           - Undefined Weak Reference
    _get_lc_ctype                             - Undefined Weak Reference
    _get_lc_monetary                          - Undefined Weak Reference
    _get_lc_numeric                           - Undefined Weak Reference
    _get_lc_time                              - Undefined Weak Reference
    _getenv_init                              - Undefined Weak Reference
    _handle_redirection                       - Undefined Weak Reference
    _init_alloc                               - Undefined Weak Reference
    _init_user_alloc                          - Undefined Weak Reference
    _initio                                   - Undefined Weak Reference
    _rand_init                                - Undefined Weak Reference
    _signal_finish                            - Undefined Weak Reference
    _signal_init                              - Undefined Weak Reference
    _terminate_alloc                          - Undefined Weak Reference
    _terminate_user_alloc                     - Undefined Weak Reference
    _terminateio                              - Undefined Weak Reference
    __Vectors_Size                           0x00000194   Number         0  startup_stm32f401xc.o ABSOLUTE
    __Vectors                                0x08000000   Data           4  startup_stm32f401xc.o(RESET)
    __Vectors_End                            0x08000194   Data           0  startup_stm32f401xc.o(RESET)
    __main                                   0x08000195   Thumb Code     8  __main.o(!!!main)
    __scatterload                            0x0800019d   Thumb Code     0  __scatter.o(!!!scatter)
    __scatterload_rt2                        0x0800019d   Thumb Code    44  __scatter.o(!!!scatter)
    __scatterload_rt2_thumb_only             0x0800019d   Thumb Code     0  __scatter.o(!!!scatter)
    __scatterload_null                       0x080001ab   Thumb Code     0  __scatter.o(!!!scatter)
    __scatterload_copy                       0x080001d1   Thumb Code    26  __scatter_copy.o(!!handler_copy)
    __scatterload_zeroinit                   0x080001ed   Thumb Code    28  __scatter_zi.o(!!handler_zi)
    __rt_lib_init                            0x08000209   Thumb Code     0  libinit.o(.ARM.Collect$$libinit$$00000000)
    __rt_lib_init_fp_1                       0x0800020b   Thumb Code     0  libinit2.o(.ARM.Collect$$libinit$$00000001)
    __rt_lib_init_alloca_1                   0x0800020f   Thumb Code     0  libinit2.o(.ARM.Collect$$libinit$$0000002E)
    __rt_lib_init_argv_1                     0x0800020f   Thumb Code     0  libinit2.o(.ARM.Collect$$libinit$$0000002C)
    __rt_lib_init_atexit_1                   0x0800020f   Thumb Code     0  libinit2.o(.ARM.Collect$$libinit$$0000001B)
    __rt_lib_init_clock_1                    0x0800020f   Thumb Code     0  libinit2.o(.ARM.Collect$$libinit$$00000021)
    __rt_lib_init_cpp_1                      0x0800020f   Thumb Code     0  libinit2.o(.ARM.Collect$$libinit$$00000032)
    __rt_lib_init_exceptions_1               0x0800020f   Thumb Code     0  libinit2.o(.ARM.Collect$$libinit$$00000030)
    __rt_lib_init_fp_trap_1                  0x0800020f   Thumb Code     0  libinit2.o(.ARM.Collect$$libinit$$0000001F)
    __rt_lib_init_getenv_1                   0x0800020f   Thumb Code     0  libinit2.o(.ARM.Collect$$libinit$$00000023)
    __rt_lib_init_heap_1                     0x0800020f   Thumb Code     0  libinit2.o(.ARM.Collect$$libinit$$0000000A)
    __rt_lib_init_lc_collate_1               0x0800020f   Thumb Code     0  libinit2.o(.ARM.Collect$$libinit$$00000011)
    __rt_lib_init_lc_ctype_1                 0x0800020f   Thumb Code     0  libinit2.o(.ARM.Collect$$libinit$$00000013)
    __rt_lib_init_lc_monetary_1              0x0800020f   Thumb Code     0  libinit2.o(.ARM.Collect$$libinit$$00000015)
    __rt_lib_init_lc_numeric_1               0x0800020f   Thumb Code     0  libinit2.o(.ARM.Collect$$libinit$$00000017)
    __rt_lib_init_lc_time_1                  0x0800020f   Thumb Code     0  libinit2.o(.ARM.Collect$$libinit$$00000019)
    __rt_lib_init_preinit_1                  0x0800020f   Thumb Code     0  libinit2.o(.ARM.Collect$$libinit$$00000004)
    __rt_lib_init_rand_1                     0x0800020f   Thumb Code     0  libinit2.o(.ARM.Collect$$libinit$$0000000E)
    __rt_lib_init_return                     0x0800020f   Thumb Code     0  libinit2.o(.ARM.Collect$$libinit$$00000033)
    __rt_lib_init_signal_1                   0x0800020f   Thumb Code     0  libinit2.o(.ARM.Collect$$libinit$$0000001D)
    __rt_lib_init_stdio_1                    0x0800020f   Thumb Code     0  libinit2.o(.ARM.Collect$$libinit$$00000025)
    __rt_lib_init_user_alloc_1               0x0800020f   Thumb Code     0  libinit2.o(.ARM.Collect$$libinit$$0000000C)
    __rt_lib_shutdown                        0x08000211   Thumb Code     0  libshutdown.o(.ARM.Collect$$libshutdown$$00000000)
    __rt_lib_shutdown_cpp_1                  0x08000213   Thumb Code     0  libshutdown2.o(.ARM.Collect$$libshutdown$$00000002)
    __rt_lib_shutdown_fp_trap_1              0x08000213   Thumb Code     0  libshutdown2.o(.ARM.Collect$$libshutdown$$00000007)
    __rt_lib_shutdown_heap_1                 0x08000213   Thumb Code     0  libshutdown2.o(.ARM.Collect$$libshutdown$$0000000F)
    __rt_lib_shutdown_return                 0x08000213   Thumb Code     0  libshutdown2.o(.ARM.Collect$$libshutdown$$00000010)
    __rt_lib_shutdown_signal_1               0x08000213   Thumb Code     0  libshutdown2.o(.ARM.Collect$$libshutdown$$0000000A)
    __rt_lib_shutdown_stdio_1                0x08000213   Thumb Code     0  libshutdown2.o(.ARM.Collect$$libshutdown$$00000004)
    __rt_lib_shutdown_user_alloc_1           0x08000213   Thumb Code     0  libshutdown2.o(.ARM.Collect$$libshutdown$$0000000C)
    __rt_entry                               0x08000215   Thumb Code     0  __rtentry.o(.ARM.Collect$$rtentry$$00000000)
    __rt_entry_presh_1                       0x08000215   Thumb Code     0  __rtentry2.o(.ARM.Collect$$rtentry$$00000002)
    __rt_entry_sh                            0x08000215   Thumb Code     0  __rtentry4.o(.ARM.Collect$$rtentry$$00000004)
    __rt_entry_li                            0x0800021b   Thumb Code     0  __rtentry2.o(.ARM.Collect$$rtentry$$0000000A)
    __rt_entry_postsh_1                      0x0800021b   Thumb Code     0  __rtentry2.o(.ARM.Collect$$rtentry$$00000009)
    __rt_entry_main                          0x0800021f   Thumb Code     0  __rtentry2.o(.ARM.Collect$$rtentry$$0000000D)
    __rt_entry_postli_1                      0x0800021f   Thumb Code     0  __rtentry2.o(.ARM.Collect$$rtentry$$0000000C)
    __rt_exit                                0x08000227   Thumb Code     0  rtexit.o(.ARM.Collect$$rtexit$$00000000)
    __rt_exit_ls                             0x08000229   Thumb Code     0  rtexit2.o(.ARM.Collect$$rtexit$$00000003)
    __rt_exit_prels_1                        0x08000229   Thumb Code     0  rtexit2.o(.ARM.Collect$$rtexit$$00000002)
    __rt_exit_exit                           0x0800022d   Thumb Code     0  rtexit2.o(.ARM.Collect$$rtexit$$00000004)
    Reset_Handler                            0x08000235   Thumb Code     8  startup_stm32f401xc.o(.text)
    ADC_IRQHandler                           0x0800024f   Thumb Code     0  startup_stm32f401xc.o(.text)
    DMA1_Stream0_IRQHandler                  0x0800024f   Thumb Code     0  startup_stm32f401xc.o(.text)
    DMA1_Stream1_IRQHandler                  0x0800024f   Thumb Code     0  startup_stm32f401xc.o(.text)
    DMA1_Stream2_IRQHandler                  0x0800024f   Thumb Code     0  startup_stm32f401xc.o(.text)
    DMA1_Stream3_IRQHandler                  0x0800024f   Thumb Code     0  startup_stm32f401xc.o(.text)
    DMA1_Stream4_IRQHandler                  0x0800024f   Thumb Code     0  startup_stm32f401xc.o(.text)
    DMA1_Stream5_IRQHandler                  0x0800024f   Thumb Code     0  startup_stm32f401xc.o(.text)
    DMA1_Stream6_IRQHandler                  0x0800024f   Thumb Code     0  startup_stm32f401xc.o(.text)
    DMA1_Stream7_IRQHandler                  0x0800024f   Thumb Code     0  startup_stm32f401xc.o(.text)
    DMA2_Stream0_IRQHandler                  0x0800024f   Thumb Code     0  startup_stm32f401xc.o(.text)
    DMA2_Stream1_IRQHandler                  0x0800024f   Thumb Code     0  startup_stm32f401xc.o(.text)
    DMA2_Stream2_IRQHandler                  0x0800024f   Thumb Code     0  startup_stm32f401xc.o(.text)
    DMA2_Stream3_IRQHandler                  0x0800024f   Thumb Code     0  startup_stm32f401xc.o(.text)
    DMA2_Stream4_IRQHandler                  0x0800024f   Thumb Code     0  startup_stm32f401xc.o(.text)
    DMA2_Stream5_IRQHandler                  0x0800024f   Thumb Code     0  startup_stm32f401xc.o(.text)
    DMA2_Stream6_IRQHandler                  0x0800024f   Thumb Code     0  startup_stm32f401xc.o(.text)
    DMA2_Stream7_IRQHandler                  0x0800024f   Thumb Code     0  startup_stm32f401xc.o(.text)
    EXTI0_IRQHandler                         0x0800024f   Thumb Code     0  startup_stm32f401xc.o(.text)
    EXTI1_IRQHandler                         0x0800024f   Thumb Code     0  startup_stm32f401xc.o(.text)
    EXTI2_IRQHandler                         0x0800024f   Thumb Code     0  startup_stm32f401xc.o(.text)
    EXTI3_IRQHandler                         0x0800024f   Thumb Code     0  startup_stm32f401xc.o(.text)
    EXTI4_IRQHandler                         0x0800024f   Thumb Code     0  startup_stm32f401xc.o(.text)
    EXTI9_5_IRQHandler                       0x0800024f   Thumb Code     0  startup_stm32f401xc.o(.text)
    FLASH_IRQHandler                         0x0800024f   Thumb Code     0  startup_stm32f401xc.o(.text)
    FPU_IRQHandler                           0x0800024f   Thumb Code     0  startup_stm32f401xc.o(.text)
    I2C1_ER_IRQHandler                       0x0800024f   Thumb Code     0  startup_stm32f401xc.o(.text)
    I2C1_EV_IRQHandler                       0x0800024f   Thumb Code     0  startup_stm32f401xc.o(.text)
    I2C2_ER_IRQHandler                       0x0800024f   Thumb Code     0  startup_stm32f401xc.o(.text)
    I2C2_EV_IRQHandler                       0x0800024f   Thumb Code     0  startup_stm32f401xc.o(.text)
    I2C3_ER_IRQHandler                       0x0800024f   Thumb Code     0  startup_stm32f401xc.o(.text)
    I2C3_EV_IRQHandler                       0x0800024f   Thumb Code     0  startup_stm32f401xc.o(.text)
    OTG_FS_IRQHandler                        0x0800024f   Thumb Code     0  startup_stm32f401xc.o(.text)
    OTG_FS_WKUP_IRQHandler                   0x0800024f   Thumb Code     0  startup_stm32f401xc.o(.text)
    PVD_IRQHandler                           0x0800024f   Thumb Code     0  startup_stm32f401xc.o(.text)
    RCC_IRQHandler                           0x0800024f   Thumb Code     0  startup_stm32f401xc.o(.text)
    RTC_Alarm_IRQHandler                     0x0800024f   Thumb Code     0  startup_stm32f401xc.o(.text)
    RTC_WKUP_IRQHandler                      0x0800024f   Thumb Code     0  startup_stm32f401xc.o(.text)
    SDIO_IRQHandler                          0x0800024f   Thumb Code     0  startup_stm32f401xc.o(.text)
    SPI1_IRQHandler                          0x0800024f   Thumb Code     0  startup_stm32f401xc.o(.text)
    SPI2_IRQHandler                          0x0800024f   Thumb Code     0  startup_stm32f401xc.o(.text)
    SPI3_IRQHandler                          0x0800024f   Thumb Code     0  startup_stm32f401xc.o(.text)
    SPI4_IRQHandler                          0x0800024f   Thumb Code     0  startup_stm32f401xc.o(.text)
    TAMP_STAMP_IRQHandler                    0x0800024f   Thumb Code     0  startup_stm32f401xc.o(.text)
    TIM1_BRK_TIM9_IRQHandler                 0x0800024f   Thumb Code     0  startup_stm32f401xc.o(.text)
    TIM1_CC_IRQHandler                       0x0800024f   Thumb Code     0  startup_stm32f401xc.o(.text)
    TIM1_TRG_COM_TIM11_IRQHandler            0x0800024f   Thumb Code     0  startup_stm32f401xc.o(.text)
    TIM1_UP_TIM10_IRQHandler                 0x0800024f   Thumb Code     0  startup_stm32f401xc.o(.text)
    TIM3_IRQHandler                          0x0800024f   Thumb Code     0  startup_stm32f401xc.o(.text)
    TIM4_IRQHandler                          0x0800024f   Thumb Code     0  startup_stm32f401xc.o(.text)
    TIM5_IRQHandler                          0x0800024f   Thumb Code     0  startup_stm32f401xc.o(.text)
    USART1_IRQHandler                        0x0800024f   Thumb Code     0  startup_stm32f401xc.o(.text)
    USART2_IRQHandler                        0x0800024f   Thumb Code     0  startup_stm32f401xc.o(.text)
    USART6_IRQHandler                        0x0800024f   Thumb Code     0  startup_stm32f401xc.o(.text)
    WWDG_IRQHandler                          0x0800024f   Thumb Code     0  startup_stm32f401xc.o(.text)
    __user_initial_stackheap                 0x08000251   Thumb Code     0  startup_stm32f401xc.o(.text)
    __aeabi_uldivmod                         0x08000275   Thumb Code     0  lludivv7m.o(.text)
    _ll_udiv                                 0x08000275   Thumb Code   238  lludivv7m.o(.text)
    __aeabi_memclr4                          0x08000363   Thumb Code     0  rt_memclr_w.o(.text)
    __aeabi_memclr8                          0x08000363   Thumb Code     0  rt_memclr_w.o(.text)
    __rt_memclr_w                            0x08000363   Thumb Code    78  rt_memclr_w.o(.text)
    _memset_w                                0x08000367   Thumb Code     0  rt_memclr_w.o(.text)
    __use_two_region_memory                  0x080003b1   Thumb Code     2  heapauxi.o(.text)
    __rt_heap_escrow$2region                 0x080003b3   Thumb Code     2  heapauxi.o(.text)
    __rt_heap_expand$2region                 0x080003b5   Thumb Code     2  heapauxi.o(.text)
    __user_setup_stackheap                   0x080003b7   Thumb Code    74  sys_stackheap_outer.o(.text)
    exit                                     0x08000401   Thumb Code    18  exit.o(.text)
    __user_libspace                          0x08000415   Thumb Code     8  libspace.o(.text)
    __user_perproc_libspace                  0x08000415   Thumb Code     0  libspace.o(.text)
    __user_perthread_libspace                0x08000415   Thumb Code     0  libspace.o(.text)
    _sys_exit                                0x0800041d   Thumb Code     8  sys_exit.o(.text)
    __I$use$semihosting                      0x08000429   Thumb Code     0  use_no_semi.o(.text)
    __use_no_semihosting_swi                 0x08000429   Thumb Code     2  use_no_semi.o(.text)
    BusFault_Handler                         0x0800042b   Thumb Code     2  stm32f4xx_it.o(i.BusFault_Handler)
    __semihosting_library_function           0x0800042b   Thumb Code     0  indicate_semi.o(.text)
    CE_Disable                               0x0800042d   Thumb Code    10  nrf24l01.o(i.CE_Disable)
    CE_Enable                                0x0800043d   Thumb Code    10  nrf24l01.o(i.CE_Enable)
    CS_Select                                0x0800044d   Thumb Code    10  nrf24l01.o(i.CS_Select)
    CS_UnSelect                              0x0800045d   Thumb Code    10  nrf24l01.o(i.CS_UnSelect)
    ClearDataPackage                         0x0800046d   Thumb Code    12  main.o(i.ClearDataPackage)
    ConvertStringToIntData                   0x0800047d   Thumb Code    44  main.o(i.ConvertStringToIntData)
    DebugMon_Handler                         0x080004b1   Thumb Code     2  stm32f4xx_it.o(i.DebugMon_Handler)
    EXTI15_10_IRQHandler                     0x080004b3   Thumb Code    22  stm32f4xx_it.o(i.EXTI15_10_IRQHandler)
    HAL_Delay                                0x080004c9   Thumb Code    32  stm32f4xx_hal.o(i.HAL_Delay)
    HAL_GPIO_EXTI_Callback                   0x080004ed   Thumb Code    30  main.o(i.HAL_GPIO_EXTI_Callback)
    HAL_GPIO_EXTI_IRQHandler                 0x08000511   Thumb Code    18  stm32f4xx_hal_gpio.o(i.HAL_GPIO_EXTI_IRQHandler)
    HAL_GPIO_Init                            0x08000529   Thumb Code   446  stm32f4xx_hal_gpio.o(i.HAL_GPIO_Init)
    HAL_GPIO_WritePin                        0x08000709   Thumb Code    10  stm32f4xx_hal_gpio.o(i.HAL_GPIO_WritePin)
    HAL_GetTick                              0x08000715   Thumb Code     6  stm32f4xx_hal.o(i.HAL_GetTick)
    HAL_IncTick                              0x08000721   Thumb Code    12  stm32f4xx_hal.o(i.HAL_IncTick)
    HAL_Init                                 0x08000731   Thumb Code    48  stm32f4xx_hal.o(i.HAL_Init)
    HAL_InitTick                             0x08000765   Thumb Code    54  stm32f4xx_hal.o(i.HAL_InitTick)
    HAL_MspInit                              0x080007a5   Thumb Code    42  stm32f4xx_hal_msp.o(i.HAL_MspInit)
    HAL_NVIC_EnableIRQ                       0x080007d5   Thumb Code    26  stm32f4xx_hal_cortex.o(i.HAL_NVIC_EnableIRQ)
    HAL_NVIC_SetPriority                     0x080007f1   Thumb Code    60  stm32f4xx_hal_cortex.o(i.HAL_NVIC_SetPriority)
    HAL_NVIC_SetPriorityGrouping             0x08000831   Thumb Code    26  stm32f4xx_hal_cortex.o(i.HAL_NVIC_SetPriorityGrouping)
    HAL_RCC_ClockConfig                      0x08000855   Thumb Code   288  stm32f4xx_hal_rcc.o(i.HAL_RCC_ClockConfig)
    HAL_RCC_GetSysClockFreq                  0x08000989   Thumb Code    88  stm32f4xx_hal_rcc.o(i.HAL_RCC_GetSysClockFreq)
    HAL_RCC_OscConfig                        0x080009ed   Thumb Code   856  stm32f4xx_hal_rcc.o(i.HAL_RCC_OscConfig)
    HAL_SPI_Init                             0x08000d59   Thumb Code   188  stm32f4xx_hal_spi.o(i.HAL_SPI_Init)
    HAL_SPI_MspInit                          0x08000e15   Thumb Code    92  stm32f4xx_hal_msp.o(i.HAL_SPI_MspInit)
    HAL_SPI_Receive                          0x08000e7d   Thumb Code   346  stm32f4xx_hal_spi.o(i.HAL_SPI_Receive)
    HAL_SPI_Transmit                         0x08000fd7   Thumb Code   358  stm32f4xx_hal_spi.o(i.HAL_SPI_Transmit)
    HAL_SPI_TransmitReceive                  0x0800113d   Thumb Code   482  stm32f4xx_hal_spi.o(i.HAL_SPI_TransmitReceive)
    HAL_SYSTICK_Config                       0x0800131f   Thumb Code    40  stm32f4xx_hal_cortex.o(i.HAL_SYSTICK_Config)
    HAL_TIMEx_BreakCallback                  0x08001347   Thumb Code     2  stm32f4xx_hal_tim_ex.o(i.HAL_TIMEx_BreakCallback)
    HAL_TIMEx_CommutCallback                 0x08001349   Thumb Code     2  stm32f4xx_hal_tim_ex.o(i.HAL_TIMEx_CommutCallback)
    HAL_TIMEx_ConfigBreakDeadTime            0x0800134b   Thumb Code    84  stm32f4xx_hal_tim_ex.o(i.HAL_TIMEx_ConfigBreakDeadTime)
    HAL_TIMEx_MasterConfigSynchronization    0x080013a1   Thumb Code   104  stm32f4xx_hal_tim_ex.o(i.HAL_TIMEx_MasterConfigSynchronization)
    HAL_TIM_Base_Init                        0x0800141d   Thumb Code    90  stm32f4xx_hal_tim.o(i.HAL_TIM_Base_Init)
    HAL_TIM_Base_MspInit                     0x08001479   Thumb Code   154  stm32f4xx_hal_msp.o(i.HAL_TIM_Base_MspInit)
    HAL_TIM_ConfigClockSource                0x08001525   Thumb Code   220  stm32f4xx_hal_tim.o(i.HAL_TIM_ConfigClockSource)
    HAL_TIM_IC_CaptureCallback               0x08001601   Thumb Code   162  hc_sr04.o(i.HAL_TIM_IC_CaptureCallback)
    HAL_TIM_IC_ConfigChannel                 0x080016bd   Thumb Code   286  stm32f4xx_hal_tim.o(i.HAL_TIM_IC_ConfigChannel)
    HAL_TIM_IC_Init                          0x080017db   Thumb Code    90  stm32f4xx_hal_tim.o(i.HAL_TIM_IC_Init)
    HAL_TIM_IC_MspInit                       0x08001835   Thumb Code     2  stm32f4xx_hal_tim.o(i.HAL_TIM_IC_MspInit)
    HAL_TIM_IC_Start_IT                      0x08001839   Thumb Code   228  stm32f4xx_hal_tim.o(i.HAL_TIM_IC_Start_IT)
    HAL_TIM_IRQHandler                       0x08001931   Thumb Code   358  stm32f4xx_hal_tim.o(i.HAL_TIM_IRQHandler)
    HAL_TIM_MspPostInit                      0x08001a99   Thumb Code   112  stm32f4xx_hal_msp.o(i.HAL_TIM_MspPostInit)
    HAL_TIM_OC_DelayElapsedCallback          0x08001b1d   Thumb Code     2  stm32f4xx_hal_tim.o(i.HAL_TIM_OC_DelayElapsedCallback)
    HAL_TIM_PWM_ConfigChannel                0x08001b1f   Thumb Code   204  stm32f4xx_hal_tim.o(i.HAL_TIM_PWM_ConfigChannel)
    HAL_TIM_PWM_Init                         0x08001beb   Thumb Code    90  stm32f4xx_hal_tim.o(i.HAL_TIM_PWM_Init)
    HAL_TIM_PWM_MspInit                      0x08001c45   Thumb Code     2  stm32f4xx_hal_tim.o(i.HAL_TIM_PWM_MspInit)
    HAL_TIM_PWM_PulseFinishedCallback        0x08001c47   Thumb Code     2  stm32f4xx_hal_tim.o(i.HAL_TIM_PWM_PulseFinishedCallback)
    HAL_TIM_PWM_Start                        0x08001c49   Thumb Code   156  stm32f4xx_hal_tim.o(i.HAL_TIM_PWM_Start)
    HAL_TIM_PWM_Stop                         0x08001cf9   Thumb Code   108  stm32f4xx_hal_tim.o(i.HAL_TIM_PWM_Stop)
    HAL_TIM_PeriodElapsedCallback            0x08001d69   Thumb Code     2  stm32f4xx_hal_tim.o(i.HAL_TIM_PeriodElapsedCallback)
    HAL_TIM_ReadCapturedValue                0x08001d6b   Thumb Code    42  stm32f4xx_hal_tim.o(i.HAL_TIM_ReadCapturedValue)
    HAL_TIM_TriggerCallback                  0x08001d95   Thumb Code     2  stm32f4xx_hal_tim.o(i.HAL_TIM_TriggerCallback)
    HCSR04_Read                              0x08001d99   Thumb Code    46  hc_sr04.o(i.HCSR04_Read)
    HardFault_Handler                        0x08001dd1   Thumb Code     2  stm32f4xx_it.o(i.HardFault_Handler)
    MainLoop                                 0x080020f9   Thumb Code    32  main.o(i.MainLoop)
    MappingValue                             0x08002121   Thumb Code    32  main.o(i.MappingValue)
    MemManage_Handler                        0x08002149   Thumb Code     2  stm32f4xx_it.o(i.MemManage_Handler)
    Mode0                                    0x0800214d   Thumb Code    66  main.o(i.Mode0)
    Mode1                                    0x08002195   Thumb Code   218  main.o(i.Mode1)
    MoveBack                                 0x08002285   Thumb Code    98  main.o(i.MoveBack)
    MoveUp                                   0x080022f1   Thumb Code   242  main.o(i.MoveUp)
    NMI_Handler                              0x08002405   Thumb Code     2  stm32f4xx_it.o(i.NMI_Handler)
    NRF24_Init                               0x08002407   Thumb Code    76  nrf24l01.o(i.NRF24_Init)
    NRF24_Receive                            0x08002455   Thumb Code    68  nrf24l01.o(i.NRF24_Receive)
    NRF24_RxMode                             0x0800249d   Thumb Code    82  nrf24l01.o(i.NRF24_RxMode)
    PID                                      0x080024f1   Thumb Code   506  main.o(i.PID)
    PendSV_Handler                           0x08002725   Thumb Code     2  stm32f4xx_it.o(i.PendSV_Handler)
    ProcessReceivedValue                     0x08002729   Thumb Code    94  main.o(i.ProcessReceivedValue)
    ResetDirection                           0x0800279d   Thumb Code    14  main.o(i.ResetDirection)
    RotateAngle                              0x080027b1   Thumb Code    22  main.o(i.RotateAngle)
    SVC_Handler                              0x08002939   Thumb Code     2  stm32f4xx_it.o(i.SVC_Handler)
    SetUpPID                                 0x0800293d   Thumb Code    56  main.o(i.SetUpPID)
    StopMove                                 0x08002999   Thumb Code    70  main.o(i.StopMove)
    SysTick_Handler                          0x080029e9   Thumb Code     4  stm32f4xx_it.o(i.SysTick_Handler)
    SystemClock_Config                       0x080029ed   Thumb Code   124  main.o(i.SystemClock_Config)
    SystemInit                               0x08002a71   Thumb Code    12  system_stm32f4xx.o(i.SystemInit)
    TIM2_IRQHandler                          0x08002a81   Thumb Code     6  stm32f4xx_it.o(i.TIM2_IRQHandler)
    TIM_Base_SetConfig                       0x08002a8d   Thumb Code   122  stm32f4xx_hal_tim.o(i.TIM_Base_SetConfig)
    TIM_CCxChannelCmd                        0x08002b25   Thumb Code    26  stm32f4xx_hal_tim.o(i.TIM_CCxChannelCmd)
    TIM_ETR_SetConfig                        0x08002b3f   Thumb Code    20  stm32f4xx_hal_tim.o(i.TIM_ETR_SetConfig)
    TIM_OC2_SetConfig                        0x08002bb5   Thumb Code    84  stm32f4xx_hal_tim.o(i.TIM_OC2_SetConfig)
    TIM_TI1_SetConfig                        0x08002ccd   Thumb Code    88  stm32f4xx_hal_tim.o(i.TIM_TI1_SetConfig)
    TurnLeft                                 0x08002d95   Thumb Code    98  main.o(i.TurnLeft)
    TurnRight                                0x08002e01   Thumb Code    98  main.o(i.TurnRight)
    UsageFault_Handler                       0x08002e6d   Thumb Code     2  stm32f4xx_it.o(i.UsageFault_Handler)
    delayUs                                  0x08002e8f   Thumb Code    16  delayus.o(i.delayUs)
    isDataAvailable                          0x08002e9f   Thumb Code    36  nrf24l01.o(i.isDataAvailable)
    main                                     0x08002ec5   Thumb Code    78  main.o(i.main)
    nrf24_ReadRegister                       0x08002f21   Thumb Code    48  nrf24l01.o(i.nrf24_ReadRegister)
    nrf24_WriteRegister                      0x08002f55   Thumb Code    38  nrf24l01.o(i.nrf24_WriteRegister)
    nrf24_WriteRegisterMulti                 0x08002f81   Thumb Code    50  nrf24l01.o(i.nrf24_WriteRegisterMulti)
    nrf24_reset                              0x08002fb9   Thumb Code   284  nrf24l01.o(i.nrf24_reset)
    nrfsendCmd                               0x080030e5   Thumb Code    24  nrf24l01.o(i.nrfsendCmd)
    __aeabi_dadd                             0x08003101   Thumb Code     0  daddsub_clz.o(x$fpl$dadd)
    _dadd                                    0x08003101   Thumb Code   332  daddsub_clz.o(x$fpl$dadd)
    __fpl_dcmp_Inf                           0x08003251   Thumb Code    24  dcmpi.o(x$fpl$dcmpinf)
    __aeabi_ddiv                             0x08003269   Thumb Code     0  ddiv.o(x$fpl$ddiv)
    _ddiv                                    0x08003269   Thumb Code   552  ddiv.o(x$fpl$ddiv)
    __aeabi_d2uiz                            0x08003519   Thumb Code     0  dfixu.o(x$fpl$dfixu)
    _dfixu                                   0x08003519   Thumb Code    90  dfixu.o(x$fpl$dfixu)
    __aeabi_ui2d                             0x08003573   Thumb Code     0  dflt_clz.o(x$fpl$dfltu)
    _dfltu                                   0x08003573   Thumb Code    38  dflt_clz.o(x$fpl$dfltu)
    __aeabi_cdcmple                          0x08003599   Thumb Code     0  dleqf.o(x$fpl$dleqf)
    _dcmple                                  0x08003599   Thumb Code   120  dleqf.o(x$fpl$dleqf)
    __fpl_dcmple_InfNaN                      0x080035fb   Thumb Code     0  dleqf.o(x$fpl$dleqf)
    __aeabi_dmul                             0x08003611   Thumb Code     0  dmul.o(x$fpl$dmul)
    _dmul                                    0x08003611   Thumb Code   332  dmul.o(x$fpl$dmul)
    __fpl_dnaninf                            0x08003765   Thumb Code   156  dnaninf.o(x$fpl$dnaninf)
    __fpl_dretinf                            0x08003801   Thumb Code    12  dretinf.o(x$fpl$dretinf)
    __aeabi_cdrcmple                         0x0800380d   Thumb Code     0  drleqf.o(x$fpl$drleqf)
    _drcmple                                 0x0800380d   Thumb Code   108  drleqf.o(x$fpl$drleqf)
    __aeabi_dsub                             0x08003879   Thumb Code     0  daddsub_clz.o(x$fpl$dsub)
    _dsub                                    0x08003879   Thumb Code   464  daddsub_clz.o(x$fpl$dsub)
    _fp_init                                 0x08003a4d   Thumb Code    10  fpinit.o(x$fpl$fpinit)
    __fplib_config_fpu_vfp                   0x08003a55   Thumb Code     0  fpinit.o(x$fpl$fpinit)
    __fplib_config_pureend_doubles           0x08003a55   Thumb Code     0  fpinit.o(x$fpl$fpinit)
    AHBPrescTable                            0x08003a56   Data          16  system_stm32f4xx.o(.constdata)
    __I$use$fp                               0x08003a56   Number         0  usenofp.o(x$fpl$usenofp)
    Region$$Table$$Base                      0x08003a68   Number         0  anon$$obj.o(Region$$Table)
    Region$$Table$$Limit                     0x08003a88   Number         0  anon$$obj.o(Region$$Table)
    LimitDistance                            0x20000000   Data           1  main.o(.data)
    ReadingSensorAvailable                   0x20000001   Data           1  main.o(.data)
    value                                    0x20000002   Data           2  main.o(.data)
    Count1                                   0x20000004   Data           4  main.o(.data)
    Count2                                   0x20000008   Data           4  main.o(.data)
    DataPackage                              0x2000000c   Data           4  main.o(.data)
    DirectionValue                           0x20000010   Data           4  main.o(.data)
    ModeFunction                             0x20000014   Data           4  main.o(.data)
    RX_Address                               0x20000018   Data           5  main.o(.data)
    T                                        0x20000020   Data           8  main.o(.data)
    Is_First_Captured                        0x20000028   Data           1  hc_sr04.o(.data)
    Distance                                 0x20000029   Data           1  hc_sr04.o(.data)
    IC_Val1                                  0x2000002c   Data           4  hc_sr04.o(.data)
    IC_Val2                                  0x20000030   Data           4  hc_sr04.o(.data)
    Difference                               0x20000034   Data           4  hc_sr04.o(.data)
    uwTickFreq                               0x20000038   Data           1  stm32f4xx_hal.o(.data)
    uwTickPrio                               0x2000003c   Data           4  stm32f4xx_hal.o(.data)
    uwTick                                   0x20000040   Data           4  stm32f4xx_hal.o(.data)
    SystemCoreClock                          0x20000044   Data           4  system_stm32f4xx.o(.data)
    hspi1                                    0x20000048   Data          88  main.o(.bss)
    htim1                                    0x200000a0   Data          72  main.o(.bss)
    htim2                                    0x200000e8   Data          72  main.o(.bss)
    htim3                                    0x20000130   Data          72  main.o(.bss)
    RX_Data                                  0x20000178   Data          32  main.o(.bss)
    Motor1                                   0x20000198   Data         112  main.o(.bss)
    Motor2                                   0x20000208   Data         112  main.o(.bss)
    __libspace_start                         0x20000278   Data          96  libspace.o(.bss)
    __temporary_stack_top$libspace           0x200002d8   Data           0  libspace.o(.bss)



==============================================================================

Memory Map of the image

  Image Entry point : 0x08000195

  Load Region LR_IROM1 (Base: 0x08000000, Size: 0x00003ad0, Max: 0x00040000, ABSOLUTE)

    Execution Region ER_IROM1 (Exec base: 0x08000000, Load base: 0x08000000, Size: 0x00003a88, Max: 0x00040000, ABSOLUTE)

    Exec Addr    Load Addr    Size         Type   Attr      Idx    E Section Name        Object

    0x08000000   0x08000000   0x00000194   Data   RO            3    RESET               startup_stm32f401xc.o
    0x08000194   0x08000194   0x00000008   Code   RO         3115  * !!!main             c_w.l(__main.o)
    0x0800019c   0x0800019c   0x00000034   Code   RO         3315    !!!scatter          c_w.l(__scatter.o)
    0x080001d0   0x080001d0   0x0000001a   Code   RO         3317    !!handler_copy      c_w.l(__scatter_copy.o)
    0x080001ea   0x080001ea   0x00000002   PAD
    0x080001ec   0x080001ec   0x0000001c   Code   RO         3319    !!handler_zi        c_w.l(__scatter_zi.o)
    0x08000208   0x08000208   0x00000002   Code   RO         3185    .ARM.Collect$$libinit$$00000000  c_w.l(libinit.o)
    0x0800020a   0x0800020a   0x00000004   Code   RO         3197    .ARM.Collect$$libinit$$00000001  c_w.l(libinit2.o)
    0x0800020e   0x0800020e   0x00000000   Code   RO         3200    .ARM.Collect$$libinit$$00000004  c_w.l(libinit2.o)
    0x0800020e   0x0800020e   0x00000000   Code   RO         3203    .ARM.Collect$$libinit$$0000000A  c_w.l(libinit2.o)
    0x0800020e   0x0800020e   0x00000000   Code   RO         3205    .ARM.Collect$$libinit$$0000000C  c_w.l(libinit2.o)
    0x0800020e   0x0800020e   0x00000000   Code   RO         3207    .ARM.Collect$$libinit$$0000000E  c_w.l(libinit2.o)
    0x0800020e   0x0800020e   0x00000000   Code   RO         3210    .ARM.Collect$$libinit$$00000011  c_w.l(libinit2.o)
    0x0800020e   0x0800020e   0x00000000   Code   RO         3212    .ARM.Collect$$libinit$$00000013  c_w.l(libinit2.o)
    0x0800020e   0x0800020e   0x00000000   Code   RO         3214    .ARM.Collect$$libinit$$00000015  c_w.l(libinit2.o)
    0x0800020e   0x0800020e   0x00000000   Code   RO         3216    .ARM.Collect$$libinit$$00000017  c_w.l(libinit2.o)
    0x0800020e   0x0800020e   0x00000000   Code   RO         3218    .ARM.Collect$$libinit$$00000019  c_w.l(libinit2.o)
    0x0800020e   0x0800020e   0x00000000   Code   RO         3220    .ARM.Collect$$libinit$$0000001B  c_w.l(libinit2.o)
    0x0800020e   0x0800020e   0x00000000   Code   RO         3222    .ARM.Collect$$libinit$$0000001D  c_w.l(libinit2.o)
    0x0800020e   0x0800020e   0x00000000   Code   RO         3224    .ARM.Collect$$libinit$$0000001F  c_w.l(libinit2.o)
    0x0800020e   0x0800020e   0x00000000   Code   RO         3226    .ARM.Collect$$libinit$$00000021  c_w.l(libinit2.o)
    0x0800020e   0x0800020e   0x00000000   Code   RO         3228    .ARM.Collect$$libinit$$00000023  c_w.l(libinit2.o)
    0x0800020e   0x0800020e   0x00000000   Code   RO         3230    .ARM.Collect$$libinit$$00000025  c_w.l(libinit2.o)
    0x0800020e   0x0800020e   0x00000000   Code   RO         3234    .ARM.Collect$$libinit$$0000002C  c_w.l(libinit2.o)
    0x0800020e   0x0800020e   0x00000000   Code   RO         3236    .ARM.Collect$$libinit$$0000002E  c_w.l(libinit2.o)
    0x0800020e   0x0800020e   0x00000000   Code   RO         3238    .ARM.Collect$$libinit$$00000030  c_w.l(libinit2.o)
    0x0800020e   0x0800020e   0x00000000   Code   RO         3240    .ARM.Collect$$libinit$$00000032  c_w.l(libinit2.o)
    0x0800020e   0x0800020e   0x00000002   Code   RO         3241    .ARM.Collect$$libinit$$00000033  c_w.l(libinit2.o)
    0x08000210   0x08000210   0x00000002   Code   RO         3272    .ARM.Collect$$libshutdown$$00000000  c_w.l(libshutdown.o)
    0x08000212   0x08000212   0x00000000   Code   RO         3298    .ARM.Collect$$libshutdown$$00000002  c_w.l(libshutdown2.o)
    0x08000212   0x08000212   0x00000000   Code   RO         3300    .ARM.Collect$$libshutdown$$00000004  c_w.l(libshutdown2.o)
    0x08000212   0x08000212   0x00000000   Code   RO         3303    .ARM.Collect$$libshutdown$$00000007  c_w.l(libshutdown2.o)
    0x08000212   0x08000212   0x00000000   Code   RO         3306    .ARM.Collect$$libshutdown$$0000000A  c_w.l(libshutdown2.o)
    0x08000212   0x08000212   0x00000000   Code   RO         3308    .ARM.Collect$$libshutdown$$0000000C  c_w.l(libshutdown2.o)
    0x08000212   0x08000212   0x00000000   Code   RO         3311    .ARM.Collect$$libshutdown$$0000000F  c_w.l(libshutdown2.o)
    0x08000212   0x08000212   0x00000002   Code   RO         3312    .ARM.Collect$$libshutdown$$00000010  c_w.l(libshutdown2.o)
    0x08000214   0x08000214   0x00000000   Code   RO         3143    .ARM.Collect$$rtentry$$00000000  c_w.l(__rtentry.o)
    0x08000214   0x08000214   0x00000000   Code   RO         3156    .ARM.Collect$$rtentry$$00000002  c_w.l(__rtentry2.o)
    0x08000214   0x08000214   0x00000006   Code   RO         3168    .ARM.Collect$$rtentry$$00000004  c_w.l(__rtentry4.o)
    0x0800021a   0x0800021a   0x00000000   Code   RO         3158    .ARM.Collect$$rtentry$$00000009  c_w.l(__rtentry2.o)
    0x0800021a   0x0800021a   0x00000004   Code   RO         3159    .ARM.Collect$$rtentry$$0000000A  c_w.l(__rtentry2.o)
    0x0800021e   0x0800021e   0x00000000   Code   RO         3161    .ARM.Collect$$rtentry$$0000000C  c_w.l(__rtentry2.o)
    0x0800021e   0x0800021e   0x00000008   Code   RO         3162    .ARM.Collect$$rtentry$$0000000D  c_w.l(__rtentry2.o)
    0x08000226   0x08000226   0x00000002   Code   RO         3189    .ARM.Collect$$rtexit$$00000000  c_w.l(rtexit.o)
    0x08000228   0x08000228   0x00000000   Code   RO         3245    .ARM.Collect$$rtexit$$00000002  c_w.l(rtexit2.o)
    0x08000228   0x08000228   0x00000004   Code   RO         3246    .ARM.Collect$$rtexit$$00000003  c_w.l(rtexit2.o)
    0x0800022c   0x0800022c   0x00000006   Code   RO         3247    .ARM.Collect$$rtexit$$00000004  c_w.l(rtexit2.o)
    0x08000232   0x08000232   0x00000002   PAD
    0x08000234   0x08000234   0x00000040   Code   RO            4    .text               startup_stm32f401xc.o
    0x08000274   0x08000274   0x000000ee   Code   RO         3109    .text               c_w.l(lludivv7m.o)
    0x08000362   0x08000362   0x0000004e   Code   RO         3111    .text               c_w.l(rt_memclr_w.o)
    0x080003b0   0x080003b0   0x00000006   Code   RO         3113    .text               c_w.l(heapauxi.o)
    0x080003b6   0x080003b6   0x0000004a   Code   RO         3172    .text               c_w.l(sys_stackheap_outer.o)
    0x08000400   0x08000400   0x00000012   Code   RO         3174    .text               c_w.l(exit.o)
    0x08000412   0x08000412   0x00000002   PAD
    0x08000414   0x08000414   0x00000008   Code   RO         3186    .text               c_w.l(libspace.o)
    0x0800041c   0x0800041c   0x0000000c   Code   RO         3242    .text               c_w.l(sys_exit.o)
    0x08000428   0x08000428   0x00000002   Code   RO         3261    .text               c_w.l(use_no_semi.o)
    0x0800042a   0x0800042a   0x00000000   Code   RO         3263    .text               c_w.l(indicate_semi.o)
    0x0800042a   0x0800042a   0x00000002   Code   RO          394    i.BusFault_Handler  stm32f4xx_it.o
    0x0800042c   0x0800042c   0x00000010   Code   RO           13    i.CE_Disable        nrf24l01.o
    0x0800043c   0x0800043c   0x00000010   Code   RO           14    i.CE_Enable         nrf24l01.o
    0x0800044c   0x0800044c   0x00000010   Code   RO           15    i.CS_Select         nrf24l01.o
    0x0800045c   0x0800045c   0x00000010   Code   RO           16    i.CS_UnSelect       nrf24l01.o
    0x0800046c   0x0800046c   0x00000010   Code   RO          230    i.ClearDataPackage  main.o
    0x0800047c   0x0800047c   0x00000034   Code   RO          231    i.ConvertStringToIntData  main.o
    0x080004b0   0x080004b0   0x00000002   Code   RO          395    i.DebugMon_Handler  stm32f4xx_it.o
    0x080004b2   0x080004b2   0x00000016   Code   RO          396    i.EXTI15_10_IRQHandler  stm32f4xx_it.o
    0x080004c8   0x080004c8   0x00000024   Code   RO         1848    i.HAL_Delay         stm32f4xx_hal.o
    0x080004ec   0x080004ec   0x00000024   Code   RO          233    i.HAL_GPIO_EXTI_Callback  main.o
    0x08000510   0x08000510   0x00000018   Code   RO         1297    i.HAL_GPIO_EXTI_IRQHandler  stm32f4xx_hal_gpio.o
    0x08000528   0x08000528   0x000001e0   Code   RO         1298    i.HAL_GPIO_Init     stm32f4xx_hal_gpio.o
    0x08000708   0x08000708   0x0000000a   Code   RO         1302    i.HAL_GPIO_WritePin  stm32f4xx_hal_gpio.o
    0x08000712   0x08000712   0x00000002   PAD
    0x08000714   0x08000714   0x0000000c   Code   RO         1854    i.HAL_GetTick       stm32f4xx_hal.o
    0x08000720   0x08000720   0x00000010   Code   RO         1860    i.HAL_IncTick       stm32f4xx_hal.o
    0x08000730   0x08000730   0x00000034   Code   RO         1861    i.HAL_Init          stm32f4xx_hal.o
    0x08000764   0x08000764   0x00000040   Code   RO         1862    i.HAL_InitTick      stm32f4xx_hal.o
    0x080007a4   0x080007a4   0x00000030   Code   RO          482    i.HAL_MspInit       stm32f4xx_hal_msp.o
    0x080007d4   0x080007d4   0x0000001a   Code   RO         1711    i.HAL_NVIC_EnableIRQ  stm32f4xx_hal_cortex.o
    0x080007ee   0x080007ee   0x00000002   PAD
    0x080007f0   0x080007f0   0x00000040   Code   RO         1717    i.HAL_NVIC_SetPriority  stm32f4xx_hal_cortex.o
    0x08000830   0x08000830   0x00000024   Code   RO         1718    i.HAL_NVIC_SetPriorityGrouping  stm32f4xx_hal_cortex.o
    0x08000854   0x08000854   0x00000134   Code   RO          920    i.HAL_RCC_ClockConfig  stm32f4xx_hal_rcc.o
    0x08000988   0x08000988   0x00000064   Code   RO          929    i.HAL_RCC_GetSysClockFreq  stm32f4xx_hal_rcc.o
    0x080009ec   0x080009ec   0x0000036c   Code   RO          932    i.HAL_RCC_OscConfig  stm32f4xx_hal_rcc.o
    0x08000d58   0x08000d58   0x000000bc   Code   RO          608    i.HAL_SPI_Init      stm32f4xx_hal_spi.o
    0x08000e14   0x08000e14   0x00000068   Code   RO          484    i.HAL_SPI_MspInit   stm32f4xx_hal_msp.o
    0x08000e7c   0x08000e7c   0x0000015a   Code   RO          611    i.HAL_SPI_Receive   stm32f4xx_hal_spi.o
    0x08000fd6   0x08000fd6   0x00000166   Code   RO          616    i.HAL_SPI_Transmit  stm32f4xx_hal_spi.o
    0x0800113c   0x0800113c   0x000001e2   Code   RO          617    i.HAL_SPI_TransmitReceive  stm32f4xx_hal_spi.o
    0x0800131e   0x0800131e   0x00000028   Code   RO         1722    i.HAL_SYSTICK_Config  stm32f4xx_hal_cortex.o
    0x08001346   0x08001346   0x00000002   Code   RO         2805    i.HAL_TIMEx_BreakCallback  stm32f4xx_hal_tim_ex.o
    0x08001348   0x08001348   0x00000002   Code   RO         2806    i.HAL_TIMEx_CommutCallback  stm32f4xx_hal_tim_ex.o
    0x0800134a   0x0800134a   0x00000054   Code   RO         2808    i.HAL_TIMEx_ConfigBreakDeadTime  stm32f4xx_hal_tim_ex.o
    0x0800139e   0x0800139e   0x00000002   PAD
    0x080013a0   0x080013a0   0x0000007c   Code   RO         2824    i.HAL_TIMEx_MasterConfigSynchronization  stm32f4xx_hal_tim_ex.o
    0x0800141c   0x0800141c   0x0000005a   Code   RO         2101    i.HAL_TIM_Base_Init  stm32f4xx_hal_tim.o
    0x08001476   0x08001476   0x00000002   PAD
    0x08001478   0x08001478   0x000000ac   Code   RO          486    i.HAL_TIM_Base_MspInit  stm32f4xx_hal_msp.o
    0x08001524   0x08001524   0x000000dc   Code   RO         2110    i.HAL_TIM_ConfigClockSource  stm32f4xx_hal_tim.o
    0x08001600   0x08001600   0x000000bc   Code   RO          563    i.HAL_TIM_IC_CaptureCallback  hc_sr04.o
    0x080016bc   0x080016bc   0x0000011e   Code   RO         2137    i.HAL_TIM_IC_ConfigChannel  stm32f4xx_hal_tim.o
    0x080017da   0x080017da   0x0000005a   Code   RO         2140    i.HAL_TIM_IC_Init   stm32f4xx_hal_tim.o
    0x08001834   0x08001834   0x00000002   Code   RO         2142    i.HAL_TIM_IC_MspInit  stm32f4xx_hal_tim.o
    0x08001836   0x08001836   0x00000002   PAD
    0x08001838   0x08001838   0x000000f8   Code   RO         2145    i.HAL_TIM_IC_Start_IT  stm32f4xx_hal_tim.o
    0x08001930   0x08001930   0x00000166   Code   RO         2149    i.HAL_TIM_IRQHandler  stm32f4xx_hal_tim.o
    0x08001a96   0x08001a96   0x00000002   PAD
    0x08001a98   0x08001a98   0x00000084   Code   RO          487    i.HAL_TIM_MspPostInit  stm32f4xx_hal_msp.o
    0x08001b1c   0x08001b1c   0x00000002   Code   RO         2152    i.HAL_TIM_OC_DelayElapsedCallback  stm32f4xx_hal_tim.o
    0x08001b1e   0x08001b1e   0x000000cc   Code   RO         2173    i.HAL_TIM_PWM_ConfigChannel  stm32f4xx_hal_tim.o
    0x08001bea   0x08001bea   0x0000005a   Code   RO         2176    i.HAL_TIM_PWM_Init  stm32f4xx_hal_tim.o
    0x08001c44   0x08001c44   0x00000002   Code   RO         2178    i.HAL_TIM_PWM_MspInit  stm32f4xx_hal_tim.o
    0x08001c46   0x08001c46   0x00000002   Code   RO         2179    i.HAL_TIM_PWM_PulseFinishedCallback  stm32f4xx_hal_tim.o
    0x08001c48   0x08001c48   0x000000b0   Code   RO         2181    i.HAL_TIM_PWM_Start  stm32f4xx_hal_tim.o
    0x08001cf8   0x08001cf8   0x00000070   Code   RO         2184    i.HAL_TIM_PWM_Stop  stm32f4xx_hal_tim.o
    0x08001d68   0x08001d68   0x00000002   Code   RO         2187    i.HAL_TIM_PeriodElapsedCallback  stm32f4xx_hal_tim.o
    0x08001d6a   0x08001d6a   0x0000002a   Code   RO         2189    i.HAL_TIM_ReadCapturedValue  stm32f4xx_hal_tim.o
    0x08001d94   0x08001d94   0x00000002   Code   RO         2192    i.HAL_TIM_TriggerCallback  stm32f4xx_hal_tim.o
    0x08001d96   0x08001d96   0x00000002   PAD
    0x08001d98   0x08001d98   0x00000038   Code   RO          564    i.HCSR04_Read       hc_sr04.o
    0x08001dd0   0x08001dd0   0x00000002   Code   RO          397    i.HardFault_Handler  stm32f4xx_it.o
    0x08001dd2   0x08001dd2   0x00000002   PAD
    0x08001dd4   0x08001dd4   0x000000dc   Code   RO          234    i.MX_GPIO_Init      main.o
    0x08001eb0   0x08001eb0   0x00000040   Code   RO          235    i.MX_SPI1_Init      main.o
    0x08001ef0   0x08001ef0   0x000000dc   Code   RO          236    i.MX_TIM1_Init      main.o
    0x08001fcc   0x08001fcc   0x00000090   Code   RO          237    i.MX_TIM2_Init      main.o
    0x0800205c   0x0800205c   0x0000009c   Code   RO          238    i.MX_TIM3_Init      main.o
    0x080020f8   0x080020f8   0x00000028   Code   RO          239    i.MainLoop          main.o
    0x08002120   0x08002120   0x00000028   Code   RO          240    i.MappingValue      main.o
    0x08002148   0x08002148   0x00000002   Code   RO          398    i.MemManage_Handler  stm32f4xx_it.o
    0x0800214a   0x0800214a   0x00000002   PAD
    0x0800214c   0x0800214c   0x00000048   Code   RO          241    i.Mode0             main.o
    0x08002194   0x08002194   0x000000f0   Code   RO          242    i.Mode1             main.o
    0x08002284   0x08002284   0x0000006c   Code   RO          243    i.MoveBack          main.o
    0x080022f0   0x080022f0   0x00000114   Code   RO          244    i.MoveUp            main.o
    0x08002404   0x08002404   0x00000002   Code   RO          399    i.NMI_Handler       stm32f4xx_it.o
    0x08002406   0x08002406   0x0000004c   Code   RO           17    i.NRF24_Init        nrf24l01.o
    0x08002452   0x08002452   0x00000002   PAD
    0x08002454   0x08002454   0x00000048   Code   RO           19    i.NRF24_Receive     nrf24l01.o
    0x0800249c   0x0800249c   0x00000052   Code   RO           20    i.NRF24_RxMode      nrf24l01.o
    0x080024ee   0x080024ee   0x00000002   PAD
    0x080024f0   0x080024f0   0x00000234   Code   RO          245    i.PID               main.o
    0x08002724   0x08002724   0x00000002   Code   RO          400    i.PendSV_Handler    stm32f4xx_it.o
    0x08002726   0x08002726   0x00000002   PAD
    0x08002728   0x08002728   0x00000074   Code   RO          246    i.ProcessReceivedValue  main.o
    0x0800279c   0x0800279c   0x00000014   Code   RO          247    i.ResetDirection    main.o
    0x080027b0   0x080027b0   0x0000001c   Code   RO          248    i.RotateAngle       main.o
    0x080027cc   0x080027cc   0x0000005c   Code   RO          645    i.SPI_EndRxTransaction  stm32f4xx_hal_spi.o
    0x08002828   0x08002828   0x00000058   Code   RO          646    i.SPI_EndRxTxTransaction  stm32f4xx_hal_spi.o
    0x08002880   0x08002880   0x000000b8   Code   RO          651    i.SPI_WaitFlagStateUntilTimeout  stm32f4xx_hal_spi.o
    0x08002938   0x08002938   0x00000002   Code   RO          401    i.SVC_Handler       stm32f4xx_it.o
    0x0800293a   0x0800293a   0x00000002   PAD
    0x0800293c   0x0800293c   0x0000005c   Code   RO          249    i.SetUpPID          main.o
    0x08002998   0x08002998   0x00000050   Code   RO          250    i.StopMove          main.o
    0x080029e8   0x080029e8   0x00000004   Code   RO          402    i.SysTick_Handler   stm32f4xx_it.o
    0x080029ec   0x080029ec   0x00000084   Code   RO          251    i.SystemClock_Config  main.o
    0x08002a70   0x08002a70   0x00000010   Code   RO         3073    i.SystemInit        system_stm32f4xx.o
    0x08002a80   0x08002a80   0x0000000c   Code   RO          403    i.TIM2_IRQHandler   stm32f4xx_it.o
    0x08002a8c   0x08002a8c   0x00000098   Code   RO         2194    i.TIM_Base_SetConfig  stm32f4xx_hal_tim.o
    0x08002b24   0x08002b24   0x0000001a   Code   RO         2195    i.TIM_CCxChannelCmd  stm32f4xx_hal_tim.o
    0x08002b3e   0x08002b3e   0x00000014   Code   RO         2205    i.TIM_ETR_SetConfig  stm32f4xx_hal_tim.o
    0x08002b52   0x08002b52   0x00000010   Code   RO         2206    i.TIM_ITRx_SetConfig  stm32f4xx_hal_tim.o
    0x08002b62   0x08002b62   0x00000002   PAD
    0x08002b64   0x08002b64   0x00000050   Code   RO         2207    i.TIM_OC1_SetConfig  stm32f4xx_hal_tim.o
    0x08002bb4   0x08002bb4   0x00000058   Code   RO         2208    i.TIM_OC2_SetConfig  stm32f4xx_hal_tim.o
    0x08002c0c   0x08002c0c   0x00000058   Code   RO         2209    i.TIM_OC3_SetConfig  stm32f4xx_hal_tim.o
    0x08002c64   0x08002c64   0x00000044   Code   RO         2210    i.TIM_OC4_SetConfig  stm32f4xx_hal_tim.o
    0x08002ca8   0x08002ca8   0x00000022   Code   RO         2212    i.TIM_TI1_ConfigInputStage  stm32f4xx_hal_tim.o
    0x08002cca   0x08002cca   0x00000002   PAD
    0x08002ccc   0x08002ccc   0x0000006c   Code   RO         2213    i.TIM_TI1_SetConfig  stm32f4xx_hal_tim.o
    0x08002d38   0x08002d38   0x00000024   Code   RO         2214    i.TIM_TI2_ConfigInputStage  stm32f4xx_hal_tim.o
    0x08002d5c   0x08002d5c   0x00000036   Code   RO         2215    i.TIM_TI2_SetConfig  stm32f4xx_hal_tim.o
    0x08002d92   0x08002d92   0x00000002   PAD
    0x08002d94   0x08002d94   0x0000006c   Code   RO          252    i.TurnLeft          main.o
    0x08002e00   0x08002e00   0x0000006c   Code   RO          253    i.TurnRight         main.o
    0x08002e6c   0x08002e6c   0x00000002   Code   RO          404    i.UsageFault_Handler  stm32f4xx_it.o
    0x08002e6e   0x08002e6e   0x00000020   Code   RO         1724    i.__NVIC_SetPriority  stm32f4xx_hal_cortex.o
    0x08002e8e   0x08002e8e   0x00000010   Code   RO          536    i.delayUs           delayus.o
    0x08002e9e   0x08002e9e   0x00000024   Code   RO           23    i.isDataAvailable   nrf24l01.o
    0x08002ec2   0x08002ec2   0x00000002   PAD
    0x08002ec4   0x08002ec4   0x0000005c   Code   RO          254    i.main              main.o
    0x08002f20   0x08002f20   0x00000034   Code   RO           24    i.nrf24_ReadRegister  nrf24l01.o
    0x08002f54   0x08002f54   0x0000002c   Code   RO           26    i.nrf24_WriteRegister  nrf24l01.o
    0x08002f80   0x08002f80   0x00000038   Code   RO           27    i.nrf24_WriteRegisterMulti  nrf24l01.o
    0x08002fb8   0x08002fb8   0x0000012c   Code   RO           28    i.nrf24_reset       nrf24l01.o
    0x080030e4   0x080030e4   0x0000001c   Code   RO           29    i.nrfsendCmd        nrf24l01.o
    0x08003100   0x08003100   0x00000150   Code   RO         3117    x$fpl$dadd          fz_wm.l(daddsub_clz.o)
    0x08003250   0x08003250   0x00000018   Code   RO         3148    x$fpl$dcmpinf       fz_wm.l(dcmpi.o)
    0x08003268   0x08003268   0x000002b0   Code   RO         3124    x$fpl$ddiv          fz_wm.l(ddiv.o)
    0x08003518   0x08003518   0x0000005a   Code   RO         3127    x$fpl$dfixu         fz_wm.l(dfixu.o)
    0x08003572   0x08003572   0x00000026   Code   RO         3131    x$fpl$dfltu         fz_wm.l(dflt_clz.o)
    0x08003598   0x08003598   0x00000078   Code   RO         3137    x$fpl$dleqf         fz_wm.l(dleqf.o)
    0x08003610   0x08003610   0x00000154   Code   RO         3139    x$fpl$dmul          fz_wm.l(dmul.o)
    0x08003764   0x08003764   0x0000009c   Code   RO         3150    x$fpl$dnaninf       fz_wm.l(dnaninf.o)
    0x08003800   0x08003800   0x0000000c   Code   RO         3152    x$fpl$dretinf       fz_wm.l(dretinf.o)
    0x0800380c   0x0800380c   0x0000006c   Code   RO         3141    x$fpl$drleqf        fz_wm.l(drleqf.o)
    0x08003878   0x08003878   0x000001d4   Code   RO         3119    x$fpl$dsub          fz_wm.l(daddsub_clz.o)
    0x08003a4c   0x08003a4c   0x0000000a   Code   RO         3257    x$fpl$fpinit        fz_wm.l(fpinit.o)
    0x08003a56   0x08003a56   0x00000000   Code   RO         3154    x$fpl$usenofp       fz_wm.l(usenofp.o)
    0x08003a56   0x08003a56   0x00000010   Data   RO         3074    .constdata          system_stm32f4xx.o
    0x08003a66   0x08003a66   0x00000002   PAD
    0x08003a68   0x08003a68   0x00000020   Data   RO         3313    Region$$Table       anon$$obj.o


    Execution Region RW_IRAM1 (Exec base: 0x20000000, Load base: 0x08003a88, Size: 0x000008d8, Max: 0x00010000, ABSOLUTE)

    Exec Addr    Load Addr    Size         Type   Attr      Idx    E Section Name        Object

    0x20000000   0x08003a88   0x00000028   Data   RW          256    .data               main.o
    0x20000028   0x08003ab0   0x00000010   Data   RW          565    .data               hc_sr04.o
    0x20000038   0x08003ac0   0x0000000c   Data   RW         1868    .data               stm32f4xx_hal.o
    0x20000044   0x08003acc   0x00000004   Data   RW         3076    .data               system_stm32f4xx.o
    0x20000048        -       0x00000230   Zero   RW          255    .bss                main.o
    0x20000278        -       0x00000060   Zero   RW         3187    .bss                c_w.l(libspace.o)
    0x200002d8        -       0x00000200   Zero   RW            2    HEAP                startup_stm32f401xc.o
    0x200004d8        -       0x00000400   Zero   RW            1    STACK               startup_stm32f401xc.o


==============================================================================

Image component sizes


      Code (inc. data)   RO Data    RW Data    ZI Data      Debug   Object Name

        16          0          0          0          0        842   delayus.o
       244         36          0         16          0       2011   hc_sr04.o
      3024        332          0         40        560      17183   main.o
       810         64          0          0          0     423275   nrf24l01.o
        64         26        404          0       1536        876   startup_stm32f401xc.o
       180         28          0         12          0       9525   stm32f4xx_hal.o
       198         14          0          0          0      34139   stm32f4xx_hal_cortex.o
       514         40          0          0          0       2923   stm32f4xx_hal_gpio.o
       456         56          0          0          0       3349   stm32f4xx_hal_msp.o
      1284         52          0          0          0       4178   stm32f4xx_hal_rcc.o
      1738         12          0          0          0       8738   stm32f4xx_hal_spi.o
      2698        114          0          0          0      23520   stm32f4xx_hal_tim.o
       212         20          0          0          0       3433   stm32f4xx_hal_tim_ex.o
        54          6          0          0          0       5499   stm32f4xx_it.o
        16          4         16          4          0       1223   system_stm32f4xx.o

    ----------------------------------------------------------------------
     11542        804        454         72       2096     540714   Object Totals
         0          0         32          0          0          0   (incl. Generated)
        34          0          2          0          0          0   (incl. Padding)

    ----------------------------------------------------------------------

      Code (inc. data)   RO Data    RW Data    ZI Data      Debug   Library Member Name

         8          0          0          0          0         68   __main.o
         0          0          0          0          0          0   __rtentry.o
        12          0          0          0          0          0   __rtentry2.o
         6          0          0          0          0          0   __rtentry4.o
        52          8          0          0          0          0   __scatter.o
        26          0          0          0          0          0   __scatter_copy.o
        28          0          0          0          0          0   __scatter_zi.o
        18          0          0          0          0         80   exit.o
         6          0          0          0          0        152   heapauxi.o
         0          0          0          0          0          0   indicate_semi.o
         2          0          0          0          0          0   libinit.o
         6          0          0          0          0          0   libinit2.o
         2          0          0          0          0          0   libshutdown.o
         2          0          0          0          0          0   libshutdown2.o
         8          4          0          0         96         68   libspace.o
       238          0          0          0          0        100   lludivv7m.o
        78          0          0          0          0         80   rt_memclr_w.o
         2          0          0          0          0          0   rtexit.o
        10          0          0          0          0          0   rtexit2.o
        12          4          0          0          0         68   sys_exit.o
        74          0          0          0          0         80   sys_stackheap_outer.o
         2          0          0          0          0         68   use_no_semi.o
       804         16          0          0          0        368   daddsub_clz.o
        24          0          0          0          0        116   dcmpi.o
       688        140          0          0          0        256   ddiv.o
        90          4          0          0          0        140   dfixu.o
        38          0          0          0          0        116   dflt_clz.o
       120          4          0          0          0        140   dleqf.o
       340         12          0          0          0        152   dmul.o
       156          4          0          0          0        140   dnaninf.o
        12          0          0          0          0        116   dretinf.o
       108          0          0          0          0        128   drleqf.o
        10          0          0          0          0        116   fpinit.o
         0          0          0          0          0          0   usenofp.o

    ----------------------------------------------------------------------
      2988        196          0          0         96       2552   Library Totals
         6          0          0          0          0          0   (incl. Padding)

    ----------------------------------------------------------------------

      Code (inc. data)   RO Data    RW Data    ZI Data      Debug   Library Name

       592         16          0          0         96        764   c_w.l
      2390        180          0          0          0       1788   fz_wm.l

    ----------------------------------------------------------------------
      2988        196          0          0         96       2552   Library Totals

    ----------------------------------------------------------------------

==============================================================================


      Code (inc. data)   RO Data    RW Data    ZI Data      Debug   

     14530       1000        454         72       2192     531606   Grand Totals
     14530       1000        454         72       2192     531606   ELF Image Totals
     14530       1000        454         72          0          0   ROM Totals

==============================================================================

    Total RO  Size (Code + RO Data)                14984 (  14.63kB)
    Total RW  Size (RW Data + ZI Data)              2264 (   2.21kB)
    Total ROM Size (Code + RO Data + RW Data)      15056 (  14.70kB)

==============================================================================

